******************************************************************************
                  TI ARM Linker PC v20.2.4                     
******************************************************************************
>> Linked Tue Aug 17 12:32:23 2021

OUTPUT FILE NAME:   <PID_posicion.out>
ENTRY POINT SYMBOL: "_c_int00_noargs"  address: 000013e5


MEMORY CONFIGURATION

         name            origin    length      used     unused   attr    fill
----------------------  --------  ---------  --------  --------  ----  --------
  FLASH                 00000000   00040000  00001802  0003e7fe  R  X
  SRAM                  20000000   00008000  00000249  00007db7  RW X


SEGMENT ALLOCATION MAP

run origin  load origin   length   init length attrs members
----------  ----------- ---------- ----------- ----- -------
00000000    00000000    00001808   00001808    r-x
  00000000    00000000    0000026c   0000026c    r-- .intvecs
  0000026c    0000026c    00001432   00001432    r-x .text
  000016a0    000016a0    0000012c   0000012c    r-- .const
  000017d0    000017d0    00000038   00000038    r-- .cinit
20000000    20000000    00000249   00000000    rw-
  20000000    20000000    00000200   00000000    rw- .stack
  20000200    20000200    00000028   00000000    rw- .bss
  20000228    20000228    00000021   00000000    rw- .data


SECTION ALLOCATION MAP

 output                                  attributes/
section   page    origin      length       input sections
--------  ----  ----------  ----------   ----------------
.intvecs   0    00000000    0000026c     
                  00000000    0000026c     tm4c123gh6pm_startup_ccs.obj (.intvecs)

.text      0    0000026c    00001432     
                  0000026c    000004dc     uartstdio.obj (.text)
                  00000748    00000474     main.obj (.text)
                  00000bbc    00000136     rtsv7M4_T_le_v4SPD16_eabi.lib : fd_div_t2.asm.obj (.text)
                  00000cf2    00000132     driverlib.lib : gpio.obj (.text:GPIOPadConfigSet)
                  00000e24    00000110                   : sysctl.obj (.text:SysCtlClockGet)
                  00000f34    000000f4                   : sysctl.obj (.text:SysCtlClockSet)
                  00001028    0000009c     rtsv7M4_T_le_v4SPD16_eabi.lib : memcpy_t2.asm.obj (.text)
                  000010c4    0000007a     driverlib.lib : adc.obj (.text:ADCSequenceStepConfigure)
                  0000113e    0000006e     rtsv7M4_T_le_v4SPD16_eabi.lib : fd_tos_t2.asm.obj (.text)
                  000011ac    00000068                                   : copy_decompress_lzss.c.obj (.text:decompress:lzss:__TI_decompress_lzss)
                  00001214    00000050     driverlib.lib : adc.obj (.text:ADCSequenceConfigure)
                  00001264    00000048                   : gpio.obj (.text:GPIOPinConfigure)
                  000012ac    00000046                   : uart.obj (.text:UARTConfigSetExpClk)
                  000012f2    00000002     rtsv7M4_T_le_v4SPD16_eabi.lib : div0.asm.obj (.text)
                  000012f4    00000044                                   : autoinit.c.obj (.text:__TI_auto_init_nobinit_nopinit:__TI_auto_init_nobinit_nopinit)
                  00001338    00000040                                   : u_divt2.asm.obj (.text)
                  00001378    00000038     driverlib.lib : sysctl.obj (.text:SysCtlPeripheralReady)
                  000013b0    00000034                   : sysctl.obj (.text:SysCtlPeripheralEnable)
                  000013e4    00000034     rtsv7M4_T_le_v4SPD16_eabi.lib : boot_cortex_m.c.obj (.text:_c_int00_noargs:_c_int00_noargs)
                  00001418    0000002e     driverlib.lib : adc.obj (.text:ADCIntStatus)
                  00001446    0000002a                   : gpio.obj (.text:GPIODirModeSet)
                  00001470    00000022                   : pwm.obj (.text:PWMGenConfigure)
                  00001492    00000002     --HOLE-- [fill = 0]
                  00001494    00000020                   : uart.obj (.text:UARTDisable)
                  000014b4    00000020     rtsv7M4_T_le_v4SPD16_eabi.lib : u_tofd_t2.asm.obj (.text)
                  000014d4    0000001e     driverlib.lib : adc.obj (.text:ADCSequenceDataGet)
                  000014f2    0000001e                   : pwm.obj (.text:PWMPulseWidthSet)
                  00001510    0000001c     rtsv7M4_T_le_v4SPD16_eabi.lib : copy_zero_init.c.obj (.text:decompress:ZI:__TI_zero_init_nomemset:__TI_zero_init_nomemset)
                  0000152c    00000018     driverlib.lib : adc.obj (.text:ADCProcessorTrigger)
                  00001544    00000018                   : gpio.obj (.text:GPIOPinTypeGPIOOutput)
                  0000155c    00000014                   : sysctl.obj (.text:SysCtlPWMClockSet)
                  00001570    00000014                   : uart.obj (.text:UARTEnable)
                  00001584    00000012                   : gpio.obj (.text:GPIOPinTypeADC)
                  00001596    00000012                   : gpio.obj (.text:GPIOPinTypePWM)
                  000015a8    00000012                   : gpio.obj (.text:GPIOPinTypeQEI)
                  000015ba    00000012                   : gpio.obj (.text:GPIOPinTypeUART)
                  000015cc    00000012                   : pwm.obj (.text:PWMOutputState)
                  000015de    00000010                   : adc.obj (.text:ADCIntEnable)
                  000015ee    00000010                   : pwm.obj (.text:PWMGenPeriodSet)
                  000015fe    00000010                   : qei.obj (.text:QEIVelocityConfigure)
                  0000160e    0000000e                   : adc.obj (.text:ADCSequenceEnable)
                  0000161c    0000000e                   : qei.obj (.text:QEIConfigure)
                  0000162a    0000000e     rtsv7M4_T_le_v4SPD16_eabi.lib : copy_decompress_none.c.obj (.text:decompress:none:__TI_decompress_none)
                  00001638    0000000c     driverlib.lib : pwm.obj (.text:PWMGenEnable)
                  00001644    0000000c     tm4c123gh6pm_startup_ccs.obj (.text)
                  00001650    0000000a     driverlib.lib : adc.obj (.text:ADCIntClear)
                  0000165a    0000000a                   : qei.obj (.text:QEIDisable)
                  00001664    0000000a                   : qei.obj (.text:QEIEnable)
                  0000166e    0000000a                   : qei.obj (.text:QEIIntDisable)
                  00001678    0000000a                   : qei.obj (.text:QEIVelocityEnable)
                  00001682    00000006                   : gpio.obj (.text:GPIOPinWrite)
                  00001688    00000006                   : sysctl.obj (.text:SysCtlDelay)
                  0000168e    00000004                   : qei.obj (.text:QEIPositionGet)
                  00001692    00000004                   : qei.obj (.text:QEIPositionSet)
                  00001696    00000004     rtsv7M4_T_le_v4SPD16_eabi.lib : pre_init.c.obj (.text:_system_pre_init)
                  0000169a    00000004                                   : exit.c.obj (.text:abort:abort)

.const     0    000016a0    0000012c     
                  000016a0    00000090     driverlib.lib : gpio.obj (.const:g_pui32GPIOBaseAddrs)
                  00001730    0000006c                   : sysctl.obj (.const:g_pui32Xtals)
                  0000179c    00000012     uartstdio.obj (.const:.string)
                  000017ae    00000002     --HOLE-- [fill = 0]
                  000017b0    0000000c     uartstdio.obj (.const:g_ui32UARTBase)
                  000017bc    0000000c     uartstdio.obj (.const:g_ui32UARTPeriph)
                  000017c8    00000004     uartstdio.obj (.const)

.cinit     0    000017d0    00000038     
                  000017d0    0000000f     (.cinit..data.load) [load image, compression = lzss]
                  000017df    00000001     --HOLE-- [fill = 0]
                  000017e0    0000000c     (__TI_handler_table)
                  000017ec    00000004     --HOLE-- [fill = 0]
                  000017f0    00000008     (.cinit..bss.load) [load image, compression = zero_init]
                  000017f8    00000010     (__TI_cinit_table)

.init_array 
*          0    00000000    00000000     UNINITIALIZED

.bss       0    20000200    00000028     UNINITIALIZED
                  20000200    00000010     (.common:out)
                  20000210    00000004     (.common:COUNT)
                  20000214    00000004     (.common:pulso)
                  20000218    00000004     (.common:pwm_word)
                  2000021c    00000004     (.common:ref)
                  20000220    00000004     (.common:ref11)
                  20000224    00000004     (.common:velocidad)

.data      0    20000228    00000021     UNINITIALIZED
                  20000228    0000001c     main.obj (.data)
                  20000244    00000005     uartstdio.obj (.data)

.stack     0    20000000    00000200     UNINITIALIZED
                  20000000    00000004     rtsv7M4_T_le_v4SPD16_eabi.lib : boot_cortex_m.c.obj (.stack)
                  20000004    000001fc     --HOLE--

__llvm_prf_cnts 
*          0    20000000    00000000     UNINITIALIZED

MODULE SUMMARY

       Module                         code   ro data   rw data
       ------                         ----   -------   -------
    .\
       uartstdio.obj                  1244   46        5      
       main.obj                       1140   0         68     
       tm4c123gh6pm_startup_ccs.obj   12     620       0      
    +--+------------------------------+------+---------+---------+
       Total:                         2396   666       73     
                                                              
    C:/ti/TivaWare_C_Series-2.1.4.178/driverlib/ccs/Debug/driverlib.lib
       sysctl.obj                     650    108       0      
       gpio.obj                       522    144       0      
       adc.obj                        342    0         0      
       uart.obj                       122    0         0      
       pwm.obj                        110    0         0      
       qei.obj                        78     0         0      
    +--+------------------------------+------+---------+---------+
       Total:                         1824   252       0      
                                                              
    C:\ti\ccs1000\ccs\tools\compiler\ti-cgt-arm_20.2.4.LTS\lib\rtsv7M4_T_le_v4SPD16_eabi.lib
       fd_div_t2.asm.obj              310    0         0      
       memcpy_t2.asm.obj              156    0         0      
       fd_tos_t2.asm.obj              110    0         0      
       copy_decompress_lzss.c.obj     104    0         0      
       autoinit.c.obj                 68     0         0      
       u_divt2.asm.obj                64     0         0      
       boot_cortex_m.c.obj            52     0         0      
       u_tofd_t2.asm.obj              32     0         0      
       copy_zero_init.c.obj           28     0         0      
       copy_decompress_none.c.obj     14     0         0      
       exit.c.obj                     4      0         0      
       pre_init.c.obj                 4      0         0      
       div0.asm.obj                   2      0         0      
    +--+------------------------------+------+---------+---------+
       Total:                         948    0         0      
                                                              
       Stack:                         0      0         512    
       Linker Generated:              0      51        0      
    +--+------------------------------+------+---------+---------+
       Grand Total:                   5168   969       585    


LINKER GENERATED COPY TABLES

__TI_cinit_table @ 000017f8 records: 2, size/record: 8, table size: 16
	.data: load addr=000017d0, load size=0000000f bytes, run addr=20000228, run size=00000021 bytes, compression=lzss
	.bss: load addr=000017f0, load size=00000008 bytes, run addr=20000200, run size=00000028 bytes, compression=zero_init


LINKER GENERATED HANDLER TABLE

__TI_handler_table @ 000017e0 records: 3, size/record: 4, table size: 12
	index: 0, handler: __TI_decompress_lzss
	index: 1, handler: __TI_decompress_none
	index: 2, handler: __TI_zero_init


GLOBAL SYMBOLS: SORTED ALPHABETICALLY BY Name 

address   name                          
-------   ----                          
00001651  ADCIntClear                   
000015df  ADCIntEnable                  
00001419  ADCIntStatus                  
0000152d  ADCProcessorTrigger           
00001215  ADCSequenceConfigure          
000014d5  ADCSequenceDataGet            
0000160f  ADCSequenceEnable             
000010c5  ADCSequenceStepConfigure      
20000230  AL                            
20000238  BL                            
0000169b  C$$EXIT                       
20000210  COUNT                         
20000228  CPU_FREC                      
00001447  GPIODirModeSet                
00000cf3  GPIOPadConfigSet              
00001265  GPIOPinConfigure              
00001585  GPIOPinTypeADC                
00001545  GPIOPinTypeGPIOOutput         
00001597  GPIOPinTypePWM                
000015a9  GPIOPinTypeQEI                
000015bb  GPIOPinTypeUART               
00001683  GPIOPinWrite                  
20000234  NA                            
2000023c  NB                            
00001471  PWMGenConfigure               
00001639  PWMGenEnable                  
000015ef  PWMGenPeriodSet               
000015cd  PWMOutputState                
000014f3  PWMPulseWidthSet              
2000022c  PWM_FREC                      
0000161d  QEIConfigure                  
0000165b  QEIDisable                    
00001665  QEIEnable                     
0000166f  QEIIntDisable                 
0000168f  QEIPositionGet                
00001693  QEIPositionSet                
000015ff  QEIVelocityConfigure          
00001679  QEIVelocityEnable             
00001645  ResetISR                      
00000e25  SysCtlClockGet                
00000f35  SysCtlClockSet                
00001689  SysCtlDelay                   
0000155d  SysCtlPWMClockSet             
000013b1  SysCtlPeripheralEnable        
00001379  SysCtlPeripheralReady         
000012ad  UARTConfigSetExpClk           
00001495  UARTDisable                   
00001571  UARTEnable                    
0000026d  UARTStdioConfig               
000003e5  UARTgetc                      
0000031f  UARTgets                      
00000713  UARTprintf                    
00000419  UARTvprintf                   
000002cd  UARTwrite                     
20000200  __STACK_END                   
00000200  __STACK_SIZE                  
20000200  __STACK_TOP                   
000017f8  __TI_CINIT_Base               
00001808  __TI_CINIT_Limit              
000017e0  __TI_Handler_Table_Base       
000017ec  __TI_Handler_Table_Limit      
000012f5  __TI_auto_init_nobinit_nopinit
000011ad  __TI_decompress_lzss          
0000162b  __TI_decompress_none          
ffffffff  __TI_pprof_out_hndl           
ffffffff  __TI_prof_data_size           
ffffffff  __TI_prof_data_start          
00000000  __TI_static_base__            
00001511  __TI_zero_init_nomemset       
0000113f  __aeabi_d2f                   
00000bbd  __aeabi_ddiv                  
000012f3  __aeabi_idiv0                 
000012f3  __aeabi_ldiv0                 
00001029  __aeabi_memcpy                
00001029  __aeabi_memcpy4               
00001029  __aeabi_memcpy8               
000014b5  __aeabi_ui2d                  
00001339  __aeabi_uidiv                 
00001339  __aeabi_uidivmod              
ffffffff  __binit__                     
ffffffff  __c_args__                    
UNDEFED   __mpu_init                    
20000000  __stack                       
20000000  __start___llvm_prf_cnts       
20000000  __stop___llvm_prf_cnts        
000013e5  _c_int00_noargs               
UNDEFED   _system_post_cinit            
00001697  _system_pre_init              
0000169b  abort                         
ffffffff  binit                         
20000240  contador                      
00000749  control_pid                   
00000000  g_pfnVectors                  
00000811  main                          
00001029  memcpy                        
20000200  out                           
20000214  pulso                         
20000218  pwm_word                      
2000021c  ref                           
20000220  ref11                         
20000224  velocidad                     


GLOBAL SYMBOLS: SORTED BY Symbol Address 

address   name                          
-------   ----                          
00000000  __TI_static_base__            
00000000  g_pfnVectors                  
00000200  __STACK_SIZE                  
0000026d  UARTStdioConfig               
000002cd  UARTwrite                     
0000031f  UARTgets                      
000003e5  UARTgetc                      
00000419  UARTvprintf                   
00000713  UARTprintf                    
00000749  control_pid                   
00000811  main                          
00000bbd  __aeabi_ddiv                  
00000cf3  GPIOPadConfigSet              
00000e25  SysCtlClockGet                
00000f35  SysCtlClockSet                
00001029  __aeabi_memcpy                
00001029  __aeabi_memcpy4               
00001029  __aeabi_memcpy8               
00001029  memcpy                        
000010c5  ADCSequenceStepConfigure      
0000113f  __aeabi_d2f                   
000011ad  __TI_decompress_lzss          
00001215  ADCSequenceConfigure          
00001265  GPIOPinConfigure              
000012ad  UARTConfigSetExpClk           
000012f3  __aeabi_idiv0                 
000012f3  __aeabi_ldiv0                 
000012f5  __TI_auto_init_nobinit_nopinit
00001339  __aeabi_uidiv                 
00001339  __aeabi_uidivmod              
00001379  SysCtlPeripheralReady         
000013b1  SysCtlPeripheralEnable        
000013e5  _c_int00_noargs               
00001419  ADCIntStatus                  
00001447  GPIODirModeSet                
00001471  PWMGenConfigure               
00001495  UARTDisable                   
000014b5  __aeabi_ui2d                  
000014d5  ADCSequenceDataGet            
000014f3  PWMPulseWidthSet              
00001511  __TI_zero_init_nomemset       
0000152d  ADCProcessorTrigger           
00001545  GPIOPinTypeGPIOOutput         
0000155d  SysCtlPWMClockSet             
00001571  UARTEnable                    
00001585  GPIOPinTypeADC                
00001597  GPIOPinTypePWM                
000015a9  GPIOPinTypeQEI                
000015bb  GPIOPinTypeUART               
000015cd  PWMOutputState                
000015df  ADCIntEnable                  
000015ef  PWMGenPeriodSet               
000015ff  QEIVelocityConfigure          
0000160f  ADCSequenceEnable             
0000161d  QEIConfigure                  
0000162b  __TI_decompress_none          
00001639  PWMGenEnable                  
00001645  ResetISR                      
00001651  ADCIntClear                   
0000165b  QEIDisable                    
00001665  QEIEnable                     
0000166f  QEIIntDisable                 
00001679  QEIVelocityEnable             
00001683  GPIOPinWrite                  
00001689  SysCtlDelay                   
0000168f  QEIPositionGet                
00001693  QEIPositionSet                
00001697  _system_pre_init              
0000169b  C$$EXIT                       
0000169b  abort                         
000017e0  __TI_Handler_Table_Base       
000017ec  __TI_Handler_Table_Limit      
000017f8  __TI_CINIT_Base               
00001808  __TI_CINIT_Limit              
20000000  __stack                       
20000000  __start___llvm_prf_cnts       
20000000  __stop___llvm_prf_cnts        
20000200  __STACK_END                   
20000200  __STACK_TOP                   
20000200  out                           
20000210  COUNT                         
20000214  pulso                         
20000218  pwm_word                      
2000021c  ref                           
20000220  ref11                         
20000224  velocidad                     
20000228  CPU_FREC                      
2000022c  PWM_FREC                      
20000230  AL                            
20000234  NA                            
20000238  BL                            
2000023c  NB                            
20000240  contador                      
ffffffff  __TI_pprof_out_hndl           
ffffffff  __TI_prof_data_size           
ffffffff  __TI_prof_data_start          
ffffffff  __binit__                     
ffffffff  __c_args__                    
ffffffff  binit                         
UNDEFED   __mpu_init                    
UNDEFED   _system_post_cinit            

[101 symbols]
