******************************************************************************
                  TI ARM Linker PC v20.2.4                     
******************************************************************************
>> Linked Wed Aug 25 22:43:04 2021

OUTPUT FILE NAME:   <PID_posicion.out>
ENTRY POINT SYMBOL: "_c_int00_noargs"  address: 00001411


MEMORY CONFIGURATION

         name            origin    length      used     unused   attr    fill
----------------------  --------  ---------  --------  --------  ----  --------
  FLASH                 00000000   00040000  0000182e  0003e7d2  R  X
  SRAM                  20000000   00008000  00000249  00007db7  RW X


SEGMENT ALLOCATION MAP

run origin  load origin   length   init length attrs members
----------  ----------- ---------- ----------- ----- -------
00000000    00000000    00001830   00001830    r-x
  00000000    00000000    0000026c   0000026c    r-- .intvecs
  0000026c    0000026c    0000145e   0000145e    r-x .text
  000016cc    000016cc    0000012c   0000012c    r-- .const
  000017f8    000017f8    00000038   00000038    r-- .cinit
20000000    20000000    00000249   00000000    rw-
  20000000    20000000    00000200   00000000    rw- .stack
  20000200    20000200    00000028   00000000    rw- .bss
  20000228    20000228    00000021   00000000    rw- .data


SECTION ALLOCATION MAP

 output                                  attributes/
section   page    origin      length       input sections
--------  ----  ----------  ----------   ----------------
.intvecs   0    00000000    0000026c     
                  00000000    0000026c     tm4c123gh6pm_startup_ccs.obj (.intvecs)

.text      0    0000026c    0000145e     
                  0000026c    000004dc     uartstdio.obj (.text)
                  00000748    000004a0     main.obj (.text)
                  00000be8    00000136     rtsv7M4_T_le_v4SPD16_eabi.lib : fd_div_t2.asm.obj (.text)
                  00000d1e    00000132     driverlib.lib : gpio.obj (.text:GPIOPadConfigSet)
                  00000e50    00000110                   : sysctl.obj (.text:SysCtlClockGet)
                  00000f60    000000f4                   : sysctl.obj (.text:SysCtlClockSet)
                  00001054    0000009c     rtsv7M4_T_le_v4SPD16_eabi.lib : memcpy_t2.asm.obj (.text)
                  000010f0    0000007a     driverlib.lib : adc.obj (.text:ADCSequenceStepConfigure)
                  0000116a    0000006e     rtsv7M4_T_le_v4SPD16_eabi.lib : fd_tos_t2.asm.obj (.text)
                  000011d8    00000068                                   : copy_decompress_lzss.c.obj (.text:decompress:lzss:__TI_decompress_lzss)
                  00001240    00000050     driverlib.lib : adc.obj (.text:ADCSequenceConfigure)
                  00001290    00000048                   : gpio.obj (.text:GPIOPinConfigure)
                  000012d8    00000046                   : uart.obj (.text:UARTConfigSetExpClk)
                  0000131e    00000002     rtsv7M4_T_le_v4SPD16_eabi.lib : div0.asm.obj (.text)
                  00001320    00000044                                   : autoinit.c.obj (.text:__TI_auto_init_nobinit_nopinit:__TI_auto_init_nobinit_nopinit)
                  00001364    00000040                                   : u_divt2.asm.obj (.text)
                  000013a4    00000038     driverlib.lib : sysctl.obj (.text:SysCtlPeripheralReady)
                  000013dc    00000034                   : sysctl.obj (.text:SysCtlPeripheralEnable)
                  00001410    00000034     rtsv7M4_T_le_v4SPD16_eabi.lib : boot_cortex_m.c.obj (.text:_c_int00_noargs:_c_int00_noargs)
                  00001444    0000002e     driverlib.lib : adc.obj (.text:ADCIntStatus)
                  00001472    0000002a                   : gpio.obj (.text:GPIODirModeSet)
                  0000149c    00000022                   : pwm.obj (.text:PWMGenConfigure)
                  000014be    00000002     --HOLE-- [fill = 0]
                  000014c0    00000020                   : uart.obj (.text:UARTDisable)
                  000014e0    00000020     rtsv7M4_T_le_v4SPD16_eabi.lib : u_tofd_t2.asm.obj (.text)
                  00001500    0000001e     driverlib.lib : adc.obj (.text:ADCSequenceDataGet)
                  0000151e    0000001e                   : pwm.obj (.text:PWMPulseWidthSet)
                  0000153c    0000001c     rtsv7M4_T_le_v4SPD16_eabi.lib : copy_zero_init.c.obj (.text:decompress:ZI:__TI_zero_init_nomemset:__TI_zero_init_nomemset)
                  00001558    00000018     driverlib.lib : adc.obj (.text:ADCProcessorTrigger)
                  00001570    00000018                   : gpio.obj (.text:GPIOPinTypeGPIOOutput)
                  00001588    00000014                   : sysctl.obj (.text:SysCtlPWMClockSet)
                  0000159c    00000014                   : uart.obj (.text:UARTEnable)
                  000015b0    00000012                   : gpio.obj (.text:GPIOPinTypeADC)
                  000015c2    00000012                   : gpio.obj (.text:GPIOPinTypePWM)
                  000015d4    00000012                   : gpio.obj (.text:GPIOPinTypeQEI)
                  000015e6    00000012                   : gpio.obj (.text:GPIOPinTypeUART)
                  000015f8    00000012                   : pwm.obj (.text:PWMOutputState)
                  0000160a    00000010                   : adc.obj (.text:ADCIntEnable)
                  0000161a    00000010                   : pwm.obj (.text:PWMGenPeriodSet)
                  0000162a    00000010                   : qei.obj (.text:QEIVelocityConfigure)
                  0000163a    0000000e                   : adc.obj (.text:ADCSequenceEnable)
                  00001648    0000000e                   : qei.obj (.text:QEIConfigure)
                  00001656    0000000e     rtsv7M4_T_le_v4SPD16_eabi.lib : copy_decompress_none.c.obj (.text:decompress:none:__TI_decompress_none)
                  00001664    0000000c     driverlib.lib : pwm.obj (.text:PWMGenEnable)
                  00001670    0000000c     tm4c123gh6pm_startup_ccs.obj (.text)
                  0000167c    0000000a     driverlib.lib : adc.obj (.text:ADCIntClear)
                  00001686    0000000a                   : qei.obj (.text:QEIDisable)
                  00001690    0000000a                   : qei.obj (.text:QEIEnable)
                  0000169a    0000000a                   : qei.obj (.text:QEIIntDisable)
                  000016a4    0000000a                   : qei.obj (.text:QEIVelocityEnable)
                  000016ae    00000006                   : gpio.obj (.text:GPIOPinWrite)
                  000016b4    00000006                   : sysctl.obj (.text:SysCtlDelay)
                  000016ba    00000004                   : qei.obj (.text:QEIPositionGet)
                  000016be    00000004                   : qei.obj (.text:QEIPositionSet)
                  000016c2    00000004     rtsv7M4_T_le_v4SPD16_eabi.lib : pre_init.c.obj (.text:_system_pre_init)
                  000016c6    00000004                                   : exit.c.obj (.text:abort:abort)

.const     0    000016cc    0000012c     
                  000016cc    00000090     driverlib.lib : gpio.obj (.const:g_pui32GPIOBaseAddrs)
                  0000175c    0000006c                   : sysctl.obj (.const:g_pui32Xtals)
                  000017c8    00000012     uartstdio.obj (.const:.string)
                  000017da    00000002     --HOLE-- [fill = 0]
                  000017dc    0000000c     uartstdio.obj (.const:g_ui32UARTBase)
                  000017e8    0000000c     uartstdio.obj (.const:g_ui32UARTPeriph)
                  000017f4    00000004     uartstdio.obj (.const)

.cinit     0    000017f8    00000038     
                  000017f8    0000000f     (.cinit..data.load) [load image, compression = lzss]
                  00001807    00000001     --HOLE-- [fill = 0]
                  00001808    0000000c     (__TI_handler_table)
                  00001814    00000004     --HOLE-- [fill = 0]
                  00001818    00000008     (.cinit..bss.load) [load image, compression = zero_init]
                  00001820    00000010     (__TI_cinit_table)

.init_array 
*          0    00000000    00000000     UNINITIALIZED

.bss       0    20000200    00000028     UNINITIALIZED
                  20000200    00000010     (.common:out)
                  20000210    00000004     (.common:COUNT)
                  20000214    00000004     (.common:pulso)
                  20000218    00000004     (.common:pwm_word)
                  2000021c    00000004     (.common:ref)
                  20000220    00000004     (.common:ref11)
                  20000224    00000004     (.common:velocidad)

.data      0    20000228    00000021     UNINITIALIZED
                  20000228    0000001c     main.obj (.data)
                  20000244    00000005     uartstdio.obj (.data)

.stack     0    20000000    00000200     UNINITIALIZED
                  20000000    00000004     rtsv7M4_T_le_v4SPD16_eabi.lib : boot_cortex_m.c.obj (.stack)
                  20000004    000001fc     --HOLE--

__llvm_prf_cnts 
*          0    20000000    00000000     UNINITIALIZED

MODULE SUMMARY

       Module                         code   ro data   rw data
       ------                         ----   -------   -------
    .\
       uartstdio.obj                  1244   46        5      
       main.obj                       1184   0         68     
       tm4c123gh6pm_startup_ccs.obj   12     620       0      
    +--+------------------------------+------+---------+---------+
       Total:                         2440   666       73     
                                                              
    C:/ti/TivaWare_C_Series-2.1.4.178/driverlib/ccs/Debug/driverlib.lib
       sysctl.obj                     650    108       0      
       gpio.obj                       522    144       0      
       adc.obj                        342    0         0      
       uart.obj                       122    0         0      
       pwm.obj                        110    0         0      
       qei.obj                        78     0         0      
    +--+------------------------------+------+---------+---------+
       Total:                         1824   252       0      
                                                              
    C:\ti\ccs1000\ccs\tools\compiler\ti-cgt-arm_20.2.4.LTS\lib\rtsv7M4_T_le_v4SPD16_eabi.lib
       fd_div_t2.asm.obj              310    0         0      
       memcpy_t2.asm.obj              156    0         0      
       fd_tos_t2.asm.obj              110    0         0      
       copy_decompress_lzss.c.obj     104    0         0      
       autoinit.c.obj                 68     0         0      
       u_divt2.asm.obj                64     0         0      
       boot_cortex_m.c.obj            52     0         0      
       u_tofd_t2.asm.obj              32     0         0      
       copy_zero_init.c.obj           28     0         0      
       copy_decompress_none.c.obj     14     0         0      
       exit.c.obj                     4      0         0      
       pre_init.c.obj                 4      0         0      
       div0.asm.obj                   2      0         0      
    +--+------------------------------+------+---------+---------+
       Total:                         948    0         0      
                                                              
       Stack:                         0      0         512    
       Linker Generated:              0      51        0      
    +--+------------------------------+------+---------+---------+
       Grand Total:                   5212   969       585    


LINKER GENERATED COPY TABLES

__TI_cinit_table @ 00001820 records: 2, size/record: 8, table size: 16
	.data: load addr=000017f8, load size=0000000f bytes, run addr=20000228, run size=00000021 bytes, compression=lzss
	.bss: load addr=00001818, load size=00000008 bytes, run addr=20000200, run size=00000028 bytes, compression=zero_init


LINKER GENERATED HANDLER TABLE

__TI_handler_table @ 00001808 records: 3, size/record: 4, table size: 12
	index: 0, handler: __TI_decompress_lzss
	index: 1, handler: __TI_decompress_none
	index: 2, handler: __TI_zero_init


GLOBAL SYMBOLS: SORTED ALPHABETICALLY BY Name 

address   name                          
-------   ----                          
0000167d  ADCIntClear                   
0000160b  ADCIntEnable                  
00001445  ADCIntStatus                  
00001559  ADCProcessorTrigger           
00001241  ADCSequenceConfigure          
00001501  ADCSequenceDataGet            
0000163b  ADCSequenceEnable             
000010f1  ADCSequenceStepConfigure      
20000230  AL                            
20000238  BL                            
000016c7  C$$EXIT                       
20000210  COUNT                         
20000228  CPU_FREC                      
00001473  GPIODirModeSet                
00000d1f  GPIOPadConfigSet              
00001291  GPIOPinConfigure              
000015b1  GPIOPinTypeADC                
00001571  GPIOPinTypeGPIOOutput         
000015c3  GPIOPinTypePWM                
000015d5  GPIOPinTypeQEI                
000015e7  GPIOPinTypeUART               
000016af  GPIOPinWrite                  
20000234  NA                            
2000023c  NB                            
0000149d  PWMGenConfigure               
00001665  PWMGenEnable                  
0000161b  PWMGenPeriodSet               
000015f9  PWMOutputState                
0000151f  PWMPulseWidthSet              
2000022c  PWM_FREC                      
00001649  QEIConfigure                  
00001687  QEIDisable                    
00001691  QEIEnable                     
0000169b  QEIIntDisable                 
000016bb  QEIPositionGet                
000016bf  QEIPositionSet                
0000162b  QEIVelocityConfigure          
000016a5  QEIVelocityEnable             
00001671  ResetISR                      
00000e51  SysCtlClockGet                
00000f61  SysCtlClockSet                
000016b5  SysCtlDelay                   
00001589  SysCtlPWMClockSet             
000013dd  SysCtlPeripheralEnable        
000013a5  SysCtlPeripheralReady         
000012d9  UARTConfigSetExpClk           
000014c1  UARTDisable                   
0000159d  UARTEnable                    
0000026d  UARTStdioConfig               
000003e5  UARTgetc                      
0000031f  UARTgets                      
00000713  UARTprintf                    
00000419  UARTvprintf                   
000002cd  UARTwrite                     
20000200  __STACK_END                   
00000200  __STACK_SIZE                  
20000200  __STACK_TOP                   
00001820  __TI_CINIT_Base               
00001830  __TI_CINIT_Limit              
00001808  __TI_Handler_Table_Base       
00001814  __TI_Handler_Table_Limit      
00001321  __TI_auto_init_nobinit_nopinit
000011d9  __TI_decompress_lzss          
00001657  __TI_decompress_none          
ffffffff  __TI_pprof_out_hndl           
ffffffff  __TI_prof_data_size           
ffffffff  __TI_prof_data_start          
00000000  __TI_static_base__            
0000153d  __TI_zero_init_nomemset       
0000116b  __aeabi_d2f                   
00000be9  __aeabi_ddiv                  
0000131f  __aeabi_idiv0                 
0000131f  __aeabi_ldiv0                 
00001055  __aeabi_memcpy                
00001055  __aeabi_memcpy4               
00001055  __aeabi_memcpy8               
000014e1  __aeabi_ui2d                  
00001365  __aeabi_uidiv                 
00001365  __aeabi_uidivmod              
ffffffff  __binit__                     
ffffffff  __c_args__                    
UNDEFED   __mpu_init                    
20000000  __stack                       
20000000  __start___llvm_prf_cnts       
20000000  __stop___llvm_prf_cnts        
00001411  _c_int00_noargs               
UNDEFED   _system_post_cinit            
000016c3  _system_pre_init              
000016c7  abort                         
ffffffff  binit                         
20000240  contador                      
00000749  control_pid                   
00000000  g_pfnVectors                  
00000811  main                          
00001055  memcpy                        
20000200  out                           
20000214  pulso                         
20000218  pwm_word                      
2000021c  ref                           
20000220  ref11                         
20000224  velocidad                     


GLOBAL SYMBOLS: SORTED BY Symbol Address 

address   name                          
-------   ----                          
00000000  __TI_static_base__            
00000000  g_pfnVectors                  
00000200  __STACK_SIZE                  
0000026d  UARTStdioConfig               
000002cd  UARTwrite                     
0000031f  UARTgets                      
000003e5  UARTgetc                      
00000419  UARTvprintf                   
00000713  UARTprintf                    
00000749  control_pid                   
00000811  main                          
00000be9  __aeabi_ddiv                  
00000d1f  GPIOPadConfigSet              
00000e51  SysCtlClockGet                
00000f61  SysCtlClockSet                
00001055  __aeabi_memcpy                
00001055  __aeabi_memcpy4               
00001055  __aeabi_memcpy8               
00001055  memcpy                        
000010f1  ADCSequenceStepConfigure      
0000116b  __aeabi_d2f                   
000011d9  __TI_decompress_lzss          
00001241  ADCSequenceConfigure          
00001291  GPIOPinConfigure              
000012d9  UARTConfigSetExpClk           
0000131f  __aeabi_idiv0                 
0000131f  __aeabi_ldiv0                 
00001321  __TI_auto_init_nobinit_nopinit
00001365  __aeabi_uidiv                 
00001365  __aeabi_uidivmod              
000013a5  SysCtlPeripheralReady         
000013dd  SysCtlPeripheralEnable        
00001411  _c_int00_noargs               
00001445  ADCIntStatus                  
00001473  GPIODirModeSet                
0000149d  PWMGenConfigure               
000014c1  UARTDisable                   
000014e1  __aeabi_ui2d                  
00001501  ADCSequenceDataGet            
0000151f  PWMPulseWidthSet              
0000153d  __TI_zero_init_nomemset       
00001559  ADCProcessorTrigger           
00001571  GPIOPinTypeGPIOOutput         
00001589  SysCtlPWMClockSet             
0000159d  UARTEnable                    
000015b1  GPIOPinTypeADC                
000015c3  GPIOPinTypePWM                
000015d5  GPIOPinTypeQEI                
000015e7  GPIOPinTypeUART               
000015f9  PWMOutputState                
0000160b  ADCIntEnable                  
0000161b  PWMGenPeriodSet               
0000162b  QEIVelocityConfigure          
0000163b  ADCSequenceEnable             
00001649  QEIConfigure                  
00001657  __TI_decompress_none          
00001665  PWMGenEnable                  
00001671  ResetISR                      
0000167d  ADCIntClear                   
00001687  QEIDisable                    
00001691  QEIEnable                     
0000169b  QEIIntDisable                 
000016a5  QEIVelocityEnable             
000016af  GPIOPinWrite                  
000016b5  SysCtlDelay                   
000016bb  QEIPositionGet                
000016bf  QEIPositionSet                
000016c3  _system_pre_init              
000016c7  C$$EXIT                       
000016c7  abort                         
00001808  __TI_Handler_Table_Base       
00001814  __TI_Handler_Table_Limit      
00001820  __TI_CINIT_Base               
00001830  __TI_CINIT_Limit              
20000000  __stack                       
20000000  __start___llvm_prf_cnts       
20000000  __stop___llvm_prf_cnts        
20000200  __STACK_END                   
20000200  __STACK_TOP                   
20000200  out                           
20000210  COUNT                         
20000214  pulso                         
20000218  pwm_word                      
2000021c  ref                           
20000220  ref11                         
20000224  velocidad                     
20000228  CPU_FREC                      
2000022c  PWM_FREC                      
20000230  AL                            
20000234  NA                            
20000238  BL                            
2000023c  NB                            
20000240  contador                      
ffffffff  __TI_pprof_out_hndl           
ffffffff  __TI_prof_data_size           
ffffffff  __TI_prof_data_start          
ffffffff  __binit__                     
ffffffff  __c_args__                    
ffffffff  binit                         
UNDEFED   __mpu_init                    
UNDEFED   _system_post_cinit            

[101 symbols]
