******************************************************************************
                  TI ARM Linker PC v20.2.4                     
******************************************************************************
>> Linked Thu Sep 16 21:20:35 2021

OUTPUT FILE NAME:   <PID_cascada.out>
ENTRY POINT SYMBOL: "_c_int00_noargs"  address: 000017c9


MEMORY CONFIGURATION

         name            origin    length      used     unused   attr    fill
----------------------  --------  ---------  --------  --------  ----  --------
  FLASH                 00000000   00040000  00001cac  0003e354  R  X
  SRAM                  20000000   00008000  00000275  00007d8b  RW X


SEGMENT ALLOCATION MAP

run origin  load origin   length   init length attrs members
----------  ----------- ---------- ----------- ----- -------
00000000    00000000    00001cb0   00001cb0    r-x
  00000000    00000000    0000026c   0000026c    r-- .intvecs
  0000026c    0000026c    000018a4   000018a4    r-x .text
  00001b10    00001b10    0000016c   0000016c    r-- .const
  00001c80    00001c80    00000030   00000030    r-- .cinit
20000000    20000000    00000278   00000000    rw-
  20000000    20000000    00000200   00000000    rw- .stack
  20000200    20000200    00000071   00000000    rw- .bss
  20000274    20000274    00000004   00000000    rw- .data


SECTION ALLOCATION MAP

 output                                  attributes/
section   page    origin      length       input sections
--------  ----  ----------  ----------   ----------------
.intvecs   0    00000000    0000026c     
                  00000000    0000026c     tm4c123gh6pm_startup_ccs.obj (.intvecs)

.text      0    0000026c    000018a4     
                  0000026c    000009c0     main.obj (.text)
                  00000c2c    000001b6     rtsv7M4_T_le_v4SPD16_eabi.lib : fd_add_t2.asm.obj (.text)
                  00000de2    00000136                                   : fd_div_t2.asm.obj (.text)
                  00000f18    00000132     driverlib.lib : gpio.obj (.text:GPIOPadConfigSet)
                  0000104a    00000002     --HOLE-- [fill = 0]
                  0000104c    00000110                   : sysctl.obj (.text:SysCtlClockGet)
                  0000115c    000000fc     rtsv7M4_T_le_v4SPD16_eabi.lib : fd_mul_t2.asm.obj (.text)
                  00001258    000000f4     driverlib.lib : sysctl.obj (.text:SysCtlClockSet)
                  0000134c    0000009c     rtsv7M4_T_le_v4SPD16_eabi.lib : memcpy_t2.asm.obj (.text)
                  000013e8    0000007a     driverlib.lib : adc.obj (.text:ADCSequenceStepConfigure)
                  00001462    0000006e     rtsv7M4_T_le_v4SPD16_eabi.lib : fd_tos_t2.asm.obj (.text)
                  000014d0    00000068     driverlib.lib : interrupt.obj (.text:IntEnable)
                  00001538    00000068     rtsv7M4_T_le_v4SPD16_eabi.lib : copy_decompress_lzss.c.obj (.text:decompress:lzss:__TI_decompress_lzss)
                  000015a0    00000060     driverlib.lib : timer.obj (.text:TimerConfigure)
                  00001600    00000050                   : adc.obj (.text:ADCSequenceConfigure)
                  00001650    00000048                   : gpio.obj (.text:GPIOPinConfigure)
                  00001698    00000046                   : uart.obj (.text:UARTConfigSetExpClk)
                  000016de    00000002     --HOLE-- [fill = 0]
                  000016e0    00000044     rtsv7M4_T_le_v4SPD16_eabi.lib : autoinit.c.obj (.text:__TI_auto_init_nobinit_nopinit:__TI_auto_init_nobinit_nopinit)
                  00001724    00000038     driverlib.lib : sysctl.obj (.text:SysCtlPeripheralReady)
                  0000175c    00000038     rtsv7M4_T_le_v4SPD16_eabi.lib : fs_tod_t2.asm.obj (.text)
                  00001794    00000034     driverlib.lib : sysctl.obj (.text:SysCtlPeripheralEnable)
                  000017c8    00000034     rtsv7M4_T_le_v4SPD16_eabi.lib : boot_cortex_m.c.obj (.text:_c_int00_noargs:_c_int00_noargs)
                  000017fc    0000002e     driverlib.lib : adc.obj (.text:ADCIntStatus)
                  0000182a    0000002a                   : gpio.obj (.text:GPIODirModeSet)
                  00001854    00000022                   : pwm.obj (.text:PWMGenConfigure)
                  00001876    00000002     --HOLE-- [fill = 0]
                  00001878    00000020                   : uart.obj (.text:UARTDisable)
                  00001898    00000020     rtsv7M4_T_le_v4SPD16_eabi.lib : u_tofd_t2.asm.obj (.text)
                  000018b8    0000001e     driverlib.lib : adc.obj (.text:ADCSequenceDataGet)
                  000018d6    0000001e                   : pwm.obj (.text:PWMPulseWidthSet)
                  000018f4    0000001c     rtsv7M4_T_le_v4SPD16_eabi.lib : copy_zero_init.c.obj (.text:decompress:ZI:__TI_zero_init_nomemset:__TI_zero_init_nomemset)
                  00001910    00000018     driverlib.lib : adc.obj (.text:ADCProcessorTrigger)
                  00001928    00000018                   : gpio.obj (.text:GPIOPinTypeGPIOOutput)
                  00001940    00000014                   : sysctl.obj (.text:SysCtlPWMClockSet)
                  00001954    00000014                   : uart.obj (.text:UARTEnable)
                  00001968    00000012                   : gpio.obj (.text:GPIOPinTypeADC)
                  0000197a    00000012                   : gpio.obj (.text:GPIOPinTypeGPIOInput)
                  0000198c    00000012                   : gpio.obj (.text:GPIOPinTypePWM)
                  0000199e    00000012                   : gpio.obj (.text:GPIOPinTypeQEI)
                  000019b0    00000012                   : gpio.obj (.text:GPIOPinTypeUART)
                  000019c2    00000012                   : pwm.obj (.text:PWMOutputState)
                  000019d4    00000012                   : timer.obj (.text:TimerLoadSet)
                  000019e6    00000010                   : adc.obj (.text:ADCIntEnable)
                  000019f6    00000010                   : interrupt.obj (.text:IntMasterEnable)
                  00001a06    00000010                   : pwm.obj (.text:PWMGenPeriodSet)
                  00001a16    00000010                   : qei.obj (.text:QEIVelocityConfigure)
                  00001a26    0000000e                   : adc.obj (.text:ADCSequenceEnable)
                  00001a34    0000000e                   : qei.obj (.text:QEIConfigure)
                  00001a42    0000000e                   : timer.obj (.text:TimerEnable)
                  00001a50    0000000e     rtsv7M4_T_le_v4SPD16_eabi.lib : copy_decompress_none.c.obj (.text:decompress:none:__TI_decompress_none)
                  00001a5e    0000000c     driverlib.lib : cpu.obj (.text:CPUcpsie)
                  00001a6a    0000000c                   : pwm.obj (.text:PWMGenEnable)
                  00001a76    0000000c     tm4c123gh6pm_startup_ccs.obj (.text)
                  00001a82    0000000a     driverlib.lib : adc.obj (.text:ADCIntClear)
                  00001a8c    0000000a                   : qei.obj (.text:QEIDisable)
                  00001a96    0000000a                   : qei.obj (.text:QEIEnable)
                  00001aa0    0000000a                   : qei.obj (.text:QEIIntDisable)
                  00001aaa    0000000a                   : qei.obj (.text:QEIVelocityEnable)
                  00001ab4    0000000a                   : uart.obj (.text:UARTCharGet)
                  00001abe    0000000a                   : uart.obj (.text:UARTCharPut)
                  00001ac8    0000000a                   : uart.obj (.text:UARTIntStatus)
                  00001ad2    00000008                   : timer.obj (.text:TimerIntEnable)
                  00001ada    00000008                   : uart.obj (.text:UARTIntEnable)
                  00001ae2    00000006                   : gpio.obj (.text:GPIOPinRead)
                  00001ae8    00000006                   : gpio.obj (.text:GPIOPinWrite)
                  00001aee    00000006                   : sysctl.obj (.text:SysCtlDelay)
                  00001af4    00000004                   : qei.obj (.text:QEIPositionGet)
                  00001af8    00000004                   : qei.obj (.text:QEIPositionSet)
                  00001afc    00000004                   : qei.obj (.text:QEIVelocityGet)
                  00001b00    00000004                   : timer.obj (.text:TimerIntClear)
                  00001b04    00000004                   : uart.obj (.text:UARTIntClear)
                  00001b08    00000004     rtsv7M4_T_le_v4SPD16_eabi.lib : pre_init.c.obj (.text:_system_pre_init)
                  00001b0c    00000004                                   : exit.c.obj (.text:abort:abort)

.const     0    00001b10    0000016c     
                  00001b10    00000090     driverlib.lib : gpio.obj (.const:g_pui32GPIOBaseAddrs)
                  00001ba0    00000070                   : interrupt.obj (.const)
                  00001c10    0000006c                   : sysctl.obj (.const:g_pui32Xtals)

.cinit     0    00001c80    00000030     
                  00001c80    0000000c     (__TI_handler_table)
                  00001c8c    00000004     --HOLE-- [fill = 0]
                  00001c90    00000008     (.cinit..bss.load) [load image, compression = zero_init]
                  00001c98    00000008     (.cinit..data.load) [load image, compression = lzss]
                  00001ca0    00000010     (__TI_cinit_table)

.init_array 
*          0    00000000    00000000     UNINITIALIZED

.bss       0    20000200    00000071     UNINITIALIZED
                  20000200    00000020     (.common:out)
                  20000220    00000008     (.common:data)
                  20000228    00000004     (.common:BOTON)
                  2000022c    00000004     (.common:COUNT)
                  20000230    00000004     (.common:fl)
                  20000234    00000004     (.common:giro)
                  20000238    00000004     (.common:left)
                  2000023c    00000004     (.common:posicion)
                  20000240    00000004     (.common:pt)
                  20000244    00000004     (.common:pulso)
                  20000248    00000004     (.common:pwm_word)
                  2000024c    00000004     (.common:ref)
                  20000250    00000004     (.common:ref11)
                  20000254    00000004     (.common:ref2)
                  20000258    00000004     (.common:ref22)
                  2000025c    00000004     (.common:right)
                  20000260    00000004     (.common:s)
                  20000264    00000004     (.common:serial)
                  20000268    00000004     (.common:update)
                  2000026c    00000004     (.common:velocidad)
                  20000270    00000001     (.common:n)

.data      0    20000274    00000004     UNINITIALIZED
                  20000274    00000004     main.obj (.data)

.stack     0    20000000    00000200     UNINITIALIZED
                  20000000    00000004     rtsv7M4_T_le_v4SPD16_eabi.lib : boot_cortex_m.c.obj (.stack)
                  20000004    000001fc     --HOLE--

__llvm_prf_cnts 
*          0    20000000    00000000     UNINITIALIZED

MODULE SUMMARY

       Module                         code   ro data   rw data
       ------                         ----   -------   -------
    .\
       main.obj                       2496   0         117    
       tm4c123gh6pm_startup_ccs.obj   12     620       0      
    +--+------------------------------+------+---------+---------+
       Total:                         2508   620       117    
                                                              
    C:/ti/TivaWare_C_Series-2.1.4.178/driverlib/ccs/Debug/driverlib.lib
       sysctl.obj                     650    108       0      
       gpio.obj                       546    144       0      
       adc.obj                        342    0         0      
       interrupt.obj                  120    112       0      
       uart.obj                       164    0         0      
       timer.obj                      140    0         0      
       pwm.obj                        110    0         0      
       qei.obj                        82     0         0      
       cpu.obj                        12     0         0      
    +--+------------------------------+------+---------+---------+
       Total:                         2166   364       0      
                                                              
    C:\ti\ccs1000\ccs\tools\compiler\ti-cgt-arm_20.2.4.LTS\lib\rtsv7M4_T_le_v4SPD16_eabi.lib
       fd_add_t2.asm.obj              438    0         0      
       fd_div_t2.asm.obj              310    0         0      
       fd_mul_t2.asm.obj              252    0         0      
       memcpy_t2.asm.obj              156    0         0      
       fd_tos_t2.asm.obj              110    0         0      
       copy_decompress_lzss.c.obj     104    0         0      
       autoinit.c.obj                 68     0         0      
       fs_tod_t2.asm.obj              56     0         0      
       boot_cortex_m.c.obj            52     0         0      
       u_tofd_t2.asm.obj              32     0         0      
       copy_zero_init.c.obj           28     0         0      
       copy_decompress_none.c.obj     14     0         0      
       exit.c.obj                     4      0         0      
       pre_init.c.obj                 4      0         0      
    +--+------------------------------+------+---------+---------+
       Total:                         1628   0         0      
                                                              
       Stack:                         0      0         512    
       Linker Generated:              0      44        0      
    +--+------------------------------+------+---------+---------+
       Grand Total:                   6302   1028      629    


LINKER GENERATED COPY TABLES

__TI_cinit_table @ 00001ca0 records: 2, size/record: 8, table size: 16
	.bss: load addr=00001c90, load size=00000008 bytes, run addr=20000200, run size=00000071 bytes, compression=zero_init
	.data: load addr=00001c98, load size=00000008 bytes, run addr=20000274, run size=00000004 bytes, compression=lzss


LINKER GENERATED HANDLER TABLE

__TI_handler_table @ 00001c80 records: 3, size/record: 4, table size: 12
	index: 0, handler: __TI_decompress_lzss
	index: 1, handler: __TI_decompress_none
	index: 2, handler: __TI_zero_init


GLOBAL SYMBOLS: SORTED ALPHABETICALLY BY Name 

address   name                          
-------   ----                          
00001a83  ADCIntClear                   
000019e7  ADCIntEnable                  
000017fd  ADCIntStatus                  
00001911  ADCProcessorTrigger           
00001601  ADCSequenceConfigure          
000018b9  ADCSequenceDataGet            
00001a27  ADCSequenceEnable             
000013e9  ADCSequenceStepConfigure      
20000228  BOTON                         
00001b0d  C$$EXIT                       
2000022c  COUNT                         
00001a5f  CPUcpsie                      
0000182b  GPIODirModeSet                
00000f19  GPIOPadConfigSet              
00001651  GPIOPinConfigure              
00001ae3  GPIOPinRead                   
00001969  GPIOPinTypeADC                
0000197b  GPIOPinTypeGPIOInput          
00001929  GPIOPinTypeGPIOOutput         
0000198d  GPIOPinTypePWM                
0000199f  GPIOPinTypeQEI                
000019b1  GPIOPinTypeUART               
00001ae9  GPIOPinWrite                  
000014d1  IntEnable                     
000019f7  IntMasterEnable               
00001855  PWMGenConfigure               
00001a6b  PWMGenEnable                  
00001a07  PWMGenPeriodSet               
000019c3  PWMOutputState                
000018d7  PWMPulseWidthSet              
20000274  PWM_FREC                      
00001a35  QEIConfigure                  
00001a8d  QEIDisable                    
00001a97  QEIEnable                     
00001aa1  QEIIntDisable                 
00001af5  QEIPositionGet                
00001af9  QEIPositionSet                
00001a17  QEIVelocityConfigure          
00001aab  QEIVelocityEnable             
00001afd  QEIVelocityGet                
00001a77  ResetISR                      
0000104d  SysCtlClockGet                
00001259  SysCtlClockSet                
00001aef  SysCtlDelay                   
00001941  SysCtlPWMClockSet             
00001795  SysCtlPeripheralEnable        
00001725  SysCtlPeripheralReady         
00000395  Timer0IntHandler              
000015a1  TimerConfigure                
00001a43  TimerEnable                   
00001b01  TimerIntClear                 
00001ad3  TimerIntEnable                
000019d5  TimerLoadSet                  
000003a7  UART0IntHandler               
00001ab5  UARTCharGet                   
00001abf  UARTCharPut                   
00001699  UARTConfigSetExpClk           
00001879  UARTDisable                   
00001955  UARTEnable                    
00001b05  UARTIntClear                  
00001adb  UARTIntEnable                 
00001ac9  UARTIntStatus                 
20000200  __STACK_END                   
00000200  __STACK_SIZE                  
20000200  __STACK_TOP                   
00001ca0  __TI_CINIT_Base               
00001cb0  __TI_CINIT_Limit              
00001c80  __TI_Handler_Table_Base       
00001c8c  __TI_Handler_Table_Limit      
000016e1  __TI_auto_init_nobinit_nopinit
00001539  __TI_decompress_lzss          
00001a51  __TI_decompress_none          
ffffffff  __TI_pprof_out_hndl           
ffffffff  __TI_prof_data_size           
ffffffff  __TI_prof_data_start          
00000000  __TI_static_base__            
000018f5  __TI_zero_init_nomemset       
00001463  __aeabi_d2f                   
00000c37  __aeabi_dadd                  
00000de3  __aeabi_ddiv                  
0000115d  __aeabi_dmul                  
00000c2d  __aeabi_dsub                  
0000175d  __aeabi_f2d                   
0000134d  __aeabi_memcpy                
0000134d  __aeabi_memcpy4               
0000134d  __aeabi_memcpy8               
00001899  __aeabi_ui2d                  
ffffffff  __binit__                     
ffffffff  __c_args__                    
UNDEFED   __mpu_init                    
20000000  __stack                       
20000000  __start___llvm_prf_cnts       
20000000  __stop___llvm_prf_cnts        
000017c9  _c_int00_noargs               
UNDEFED   _system_post_cinit            
00001b09  _system_pre_init              
00001b0d  abort                         
ffffffff  binit                         
000002c1  control_pid                   
20000220  data                          
0000026d  filtrado                      
20000230  fl                            
00000000  g_pfnVectors                  
20000234  giro                          
20000238  left                          
000003d9  main                          
0000134d  memcpy                        
20000270  n                             
20000200  out                           
2000023c  posicion                      
20000240  pt                            
20000244  pulso                         
20000248  pwm_word                      
2000024c  ref                           
20000250  ref11                         
20000254  ref2                          
20000258  ref22                         
2000025c  right                         
20000260  s                             
20000264  serial                        
20000268  update                        
2000026c  velocidad                     


GLOBAL SYMBOLS: SORTED BY Symbol Address 

address   name                          
-------   ----                          
00000000  __TI_static_base__            
00000000  g_pfnVectors                  
00000200  __STACK_SIZE                  
0000026d  filtrado                      
000002c1  control_pid                   
00000395  Timer0IntHandler              
000003a7  UART0IntHandler               
000003d9  main                          
00000c2d  __aeabi_dsub                  
00000c37  __aeabi_dadd                  
00000de3  __aeabi_ddiv                  
00000f19  GPIOPadConfigSet              
0000104d  SysCtlClockGet                
0000115d  __aeabi_dmul                  
00001259  SysCtlClockSet                
0000134d  __aeabi_memcpy                
0000134d  __aeabi_memcpy4               
0000134d  __aeabi_memcpy8               
0000134d  memcpy                        
000013e9  ADCSequenceStepConfigure      
00001463  __aeabi_d2f                   
000014d1  IntEnable                     
00001539  __TI_decompress_lzss          
000015a1  TimerConfigure                
00001601  ADCSequenceConfigure          
00001651  GPIOPinConfigure              
00001699  UARTConfigSetExpClk           
000016e1  __TI_auto_init_nobinit_nopinit
00001725  SysCtlPeripheralReady         
0000175d  __aeabi_f2d                   
00001795  SysCtlPeripheralEnable        
000017c9  _c_int00_noargs               
000017fd  ADCIntStatus                  
0000182b  GPIODirModeSet                
00001855  PWMGenConfigure               
00001879  UARTDisable                   
00001899  __aeabi_ui2d                  
000018b9  ADCSequenceDataGet            
000018d7  PWMPulseWidthSet              
000018f5  __TI_zero_init_nomemset       
00001911  ADCProcessorTrigger           
00001929  GPIOPinTypeGPIOOutput         
00001941  SysCtlPWMClockSet             
00001955  UARTEnable                    
00001969  GPIOPinTypeADC                
0000197b  GPIOPinTypeGPIOInput          
0000198d  GPIOPinTypePWM                
0000199f  GPIOPinTypeQEI                
000019b1  GPIOPinTypeUART               
000019c3  PWMOutputState                
000019d5  TimerLoadSet                  
000019e7  ADCIntEnable                  
000019f7  IntMasterEnable               
00001a07  PWMGenPeriodSet               
00001a17  QEIVelocityConfigure          
00001a27  ADCSequenceEnable             
00001a35  QEIConfigure                  
00001a43  TimerEnable                   
00001a51  __TI_decompress_none          
00001a5f  CPUcpsie                      
00001a6b  PWMGenEnable                  
00001a77  ResetISR                      
00001a83  ADCIntClear                   
00001a8d  QEIDisable                    
00001a97  QEIEnable                     
00001aa1  QEIIntDisable                 
00001aab  QEIVelocityEnable             
00001ab5  UARTCharGet                   
00001abf  UARTCharPut                   
00001ac9  UARTIntStatus                 
00001ad3  TimerIntEnable                
00001adb  UARTIntEnable                 
00001ae3  GPIOPinRead                   
00001ae9  GPIOPinWrite                  
00001aef  SysCtlDelay                   
00001af5  QEIPositionGet                
00001af9  QEIPositionSet                
00001afd  QEIVelocityGet                
00001b01  TimerIntClear                 
00001b05  UARTIntClear                  
00001b09  _system_pre_init              
00001b0d  C$$EXIT                       
00001b0d  abort                         
00001c80  __TI_Handler_Table_Base       
00001c8c  __TI_Handler_Table_Limit      
00001ca0  __TI_CINIT_Base               
00001cb0  __TI_CINIT_Limit              
20000000  __stack                       
20000000  __start___llvm_prf_cnts       
20000000  __stop___llvm_prf_cnts        
20000200  __STACK_END                   
20000200  __STACK_TOP                   
20000200  out                           
20000220  data                          
20000228  BOTON                         
2000022c  COUNT                         
20000230  fl                            
20000234  giro                          
20000238  left                          
2000023c  posicion                      
20000240  pt                            
20000244  pulso                         
20000248  pwm_word                      
2000024c  ref                           
20000250  ref11                         
20000254  ref2                          
20000258  ref22                         
2000025c  right                         
20000260  s                             
20000264  serial                        
20000268  update                        
2000026c  velocidad                     
20000270  n                             
20000274  PWM_FREC                      
ffffffff  __TI_pprof_out_hndl           
ffffffff  __TI_prof_data_size           
ffffffff  __TI_prof_data_start          
ffffffff  __binit__                     
ffffffff  __c_args__                    
ffffffff  binit                         
UNDEFED   __mpu_init                    
UNDEFED   _system_post_cinit            

[122 symbols]
