******************************************************************************
                  TI ARM Linker PC v20.2.4                     
******************************************************************************
>> Linked Fri Sep 17 00:07:58 2021

OUTPUT FILE NAME:   <PID_cascada.out>
ENTRY POINT SYMBOL: "_c_int00_noargs"  address: 00001805


MEMORY CONFIGURATION

         name            origin    length      used     unused   attr    fill
----------------------  --------  ---------  --------  --------  ----  --------
  FLASH                 00000000   00040000  00001ce2  0003e31e  R  X
  SRAM                  20000000   00008000  00000271  00007d8f  RW X


SEGMENT ALLOCATION MAP

run origin  load origin   length   init length attrs members
----------  ----------- ---------- ----------- ----- -------
00000000    00000000    00001ce8   00001ce8    r-x
  00000000    00000000    0000026c   0000026c    r-- .intvecs
  0000026c    0000026c    000018da   000018da    r-x .text
  00001b48    00001b48    0000016c   0000016c    r-- .const
  00001cb8    00001cb8    00000030   00000030    r-- .cinit
20000000    20000000    00000274   00000000    rw-
  20000000    20000000    00000200   00000000    rw- .stack
  20000200    20000200    0000006d   00000000    rw- .bss
  20000270    20000270    00000004   00000000    rw- .data


SECTION ALLOCATION MAP

 output                                  attributes/
section   page    origin      length       input sections
--------  ----  ----------  ----------   ----------------
.intvecs   0    00000000    0000026c     
                  00000000    0000026c     tm4c123gh6pm_startup_ccs.obj (.intvecs)

.text      0    0000026c    000018da     
                  0000026c    000009b4     main.obj (.text)
                  00000c20    000001b6     rtsv7M4_T_le_v4SPD16_eabi.lib : fd_add_t2.asm.obj (.text)
                  00000dd6    00000136                                   : fd_div_t2.asm.obj (.text)
                  00000f0c    00000132     driverlib.lib : gpio.obj (.text:GPIOPadConfigSet)
                  0000103e    00000002     --HOLE-- [fill = 0]
                  00001040    00000110                   : sysctl.obj (.text:SysCtlClockGet)
                  00001150    000000fc     rtsv7M4_T_le_v4SPD16_eabi.lib : fd_mul_t2.asm.obj (.text)
                  0000124c    000000f4     driverlib.lib : sysctl.obj (.text:SysCtlClockSet)
                  00001340    0000009c     rtsv7M4_T_le_v4SPD16_eabi.lib : memcpy_t2.asm.obj (.text)
                  000013dc    0000007a     driverlib.lib : adc.obj (.text:ADCSequenceStepConfigure)
                  00001456    0000006e     rtsv7M4_T_le_v4SPD16_eabi.lib : fd_tos_t2.asm.obj (.text)
                  000014c4    00000068     driverlib.lib : interrupt.obj (.text:IntEnable)
                  0000152c    00000068     rtsv7M4_T_le_v4SPD16_eabi.lib : copy_decompress_lzss.c.obj (.text:decompress:lzss:__TI_decompress_lzss)
                  00001594    00000060     driverlib.lib : timer.obj (.text:TimerConfigure)
                  000015f4    00000050                   : adc.obj (.text:ADCSequenceConfigure)
                  00001644    00000048                   : gpio.obj (.text:GPIOPinConfigure)
                  0000168c    00000048     rtsv7M4_T_le_v4SPD16_eabi.lib : fd_toi_t2.asm.obj (.text)
                  000016d4    00000046     driverlib.lib : uart.obj (.text:UARTConfigSetExpClk)
                  0000171a    00000002     --HOLE-- [fill = 0]
                  0000171c    00000044     rtsv7M4_T_le_v4SPD16_eabi.lib : autoinit.c.obj (.text:__TI_auto_init_nobinit_nopinit:__TI_auto_init_nobinit_nopinit)
                  00001760    00000038     driverlib.lib : sysctl.obj (.text:SysCtlPeripheralReady)
                  00001798    00000038     rtsv7M4_T_le_v4SPD16_eabi.lib : fs_tod_t2.asm.obj (.text)
                  000017d0    00000034     driverlib.lib : sysctl.obj (.text:SysCtlPeripheralEnable)
                  00001804    00000034     rtsv7M4_T_le_v4SPD16_eabi.lib : boot_cortex_m.c.obj (.text:_c_int00_noargs:_c_int00_noargs)
                  00001838    0000002e     driverlib.lib : adc.obj (.text:ADCIntStatus)
                  00001866    0000002a                   : gpio.obj (.text:GPIODirModeSet)
                  00001890    00000022                   : pwm.obj (.text:PWMGenConfigure)
                  000018b2    00000002     --HOLE-- [fill = 0]
                  000018b4    00000020                   : uart.obj (.text:UARTDisable)
                  000018d4    00000020     rtsv7M4_T_le_v4SPD16_eabi.lib : u_tofd_t2.asm.obj (.text)
                  000018f4    0000001e     driverlib.lib : adc.obj (.text:ADCSequenceDataGet)
                  00001912    0000001e                   : pwm.obj (.text:PWMPulseWidthSet)
                  00001930    0000001c     rtsv7M4_T_le_v4SPD16_eabi.lib : copy_zero_init.c.obj (.text:decompress:ZI:__TI_zero_init_nomemset:__TI_zero_init_nomemset)
                  0000194c    00000018     driverlib.lib : adc.obj (.text:ADCProcessorTrigger)
                  00001964    00000018                   : gpio.obj (.text:GPIOPinTypeGPIOOutput)
                  0000197c    00000014                   : sysctl.obj (.text:SysCtlPWMClockSet)
                  00001990    00000014                   : uart.obj (.text:UARTEnable)
                  000019a4    00000012                   : gpio.obj (.text:GPIOPinTypeADC)
                  000019b6    00000012                   : gpio.obj (.text:GPIOPinTypeGPIOInput)
                  000019c8    00000012                   : gpio.obj (.text:GPIOPinTypePWM)
                  000019da    00000012                   : gpio.obj (.text:GPIOPinTypeQEI)
                  000019ec    00000012                   : gpio.obj (.text:GPIOPinTypeUART)
                  000019fe    00000012                   : pwm.obj (.text:PWMOutputState)
                  00001a10    00000012                   : timer.obj (.text:TimerLoadSet)
                  00001a22    00000010                   : adc.obj (.text:ADCIntEnable)
                  00001a32    00000010                   : interrupt.obj (.text:IntMasterEnable)
                  00001a42    00000010                   : pwm.obj (.text:PWMGenPeriodSet)
                  00001a52    00000010                   : qei.obj (.text:QEIVelocityConfigure)
                  00001a62    0000000e                   : adc.obj (.text:ADCSequenceEnable)
                  00001a70    0000000e                   : qei.obj (.text:QEIConfigure)
                  00001a7e    0000000e                   : timer.obj (.text:TimerEnable)
                  00001a8c    0000000e     rtsv7M4_T_le_v4SPD16_eabi.lib : copy_decompress_none.c.obj (.text:decompress:none:__TI_decompress_none)
                  00001a9a    0000000c     driverlib.lib : cpu.obj (.text:CPUcpsie)
                  00001aa6    0000000c                   : pwm.obj (.text:PWMGenEnable)
                  00001ab2    0000000c     tm4c123gh6pm_startup_ccs.obj (.text)
                  00001abe    0000000a     driverlib.lib : adc.obj (.text:ADCIntClear)
                  00001ac8    0000000a                   : qei.obj (.text:QEIDisable)
                  00001ad2    0000000a                   : qei.obj (.text:QEIEnable)
                  00001adc    0000000a                   : qei.obj (.text:QEIIntDisable)
                  00001ae6    0000000a                   : qei.obj (.text:QEIVelocityEnable)
                  00001af0    0000000a                   : uart.obj (.text:UARTCharGet)
                  00001afa    0000000a                   : uart.obj (.text:UARTCharPut)
                  00001b04    0000000a                   : uart.obj (.text:UARTIntStatus)
                  00001b0e    00000008                   : timer.obj (.text:TimerIntEnable)
                  00001b16    00000008                   : uart.obj (.text:UARTIntEnable)
                  00001b1e    00000006                   : gpio.obj (.text:GPIOPinWrite)
                  00001b24    00000006                   : sysctl.obj (.text:SysCtlDelay)
                  00001b2a    00000004                   : qei.obj (.text:QEIPositionGet)
                  00001b2e    00000004                   : qei.obj (.text:QEIPositionSet)
                  00001b32    00000004                   : qei.obj (.text:QEIVelocityGet)
                  00001b36    00000004                   : timer.obj (.text:TimerIntClear)
                  00001b3a    00000004                   : uart.obj (.text:UARTIntClear)
                  00001b3e    00000004     rtsv7M4_T_le_v4SPD16_eabi.lib : pre_init.c.obj (.text:_system_pre_init)
                  00001b42    00000004                                   : exit.c.obj (.text:abort:abort)

.const     0    00001b48    0000016c     
                  00001b48    00000090     driverlib.lib : gpio.obj (.const:g_pui32GPIOBaseAddrs)
                  00001bd8    00000070                   : interrupt.obj (.const)
                  00001c48    0000006c                   : sysctl.obj (.const:g_pui32Xtals)

.cinit     0    00001cb8    00000030     
                  00001cb8    0000000c     (__TI_handler_table)
                  00001cc4    00000004     --HOLE-- [fill = 0]
                  00001cc8    00000008     (.cinit..bss.load) [load image, compression = zero_init]
                  00001cd0    00000008     (.cinit..data.load) [load image, compression = lzss]
                  00001cd8    00000010     (__TI_cinit_table)

.init_array 
*          0    00000000    00000000     UNINITIALIZED

.bss       0    20000200    0000006d     UNINITIALIZED
                  20000200    00000020     (.common:out)
                  20000220    00000008     (.common:data)
                  20000228    00000004     (.common:COUNT)
                  2000022c    00000004     (.common:fl)
                  20000230    00000004     (.common:giro)
                  20000234    00000004     (.common:left)
                  20000238    00000004     (.common:posicion)
                  2000023c    00000004     (.common:pt)
                  20000240    00000004     (.common:pulso)
                  20000244    00000004     (.common:pwm_word)
                  20000248    00000004     (.common:ref)
                  2000024c    00000004     (.common:ref11)
                  20000250    00000004     (.common:ref22)
                  20000254    00000004     (.common:rev)
                  20000258    00000004     (.common:right)
                  2000025c    00000004     (.common:s)
                  20000260    00000004     (.common:serial)
                  20000264    00000004     (.common:update)
                  20000268    00000004     (.common:velocidad)
                  2000026c    00000001     (.common:n)

.data      0    20000270    00000004     UNINITIALIZED
                  20000270    00000004     main.obj (.data)

.stack     0    20000000    00000200     UNINITIALIZED
                  20000000    00000004     rtsv7M4_T_le_v4SPD16_eabi.lib : boot_cortex_m.c.obj (.stack)
                  20000004    000001fc     --HOLE--

__llvm_prf_cnts 
*          0    20000000    00000000     UNINITIALIZED

MODULE SUMMARY

       Module                         code   ro data   rw data
       ------                         ----   -------   -------
    .\
       main.obj                       2484   0         113    
       tm4c123gh6pm_startup_ccs.obj   12     620       0      
    +--+------------------------------+------+---------+---------+
       Total:                         2496   620       113    
                                                              
    C:/ti/TivaWare_C_Series-2.1.4.178/driverlib/ccs/Debug/driverlib.lib
       sysctl.obj                     650    108       0      
       gpio.obj                       540    144       0      
       adc.obj                        342    0         0      
       interrupt.obj                  120    112       0      
       uart.obj                       164    0         0      
       timer.obj                      140    0         0      
       pwm.obj                        110    0         0      
       qei.obj                        82     0         0      
       cpu.obj                        12     0         0      
    +--+------------------------------+------+---------+---------+
       Total:                         2160   364       0      
                                                              
    C:\ti\ccs1000\ccs\tools\compiler\ti-cgt-arm_20.2.4.LTS\lib\rtsv7M4_T_le_v4SPD16_eabi.lib
       fd_add_t2.asm.obj              438    0         0      
       fd_div_t2.asm.obj              310    0         0      
       fd_mul_t2.asm.obj              252    0         0      
       memcpy_t2.asm.obj              156    0         0      
       fd_tos_t2.asm.obj              110    0         0      
       copy_decompress_lzss.c.obj     104    0         0      
       fd_toi_t2.asm.obj              72     0         0      
       autoinit.c.obj                 68     0         0      
       fs_tod_t2.asm.obj              56     0         0      
       boot_cortex_m.c.obj            52     0         0      
       u_tofd_t2.asm.obj              32     0         0      
       copy_zero_init.c.obj           28     0         0      
       copy_decompress_none.c.obj     14     0         0      
       exit.c.obj                     4      0         0      
       pre_init.c.obj                 4      0         0      
    +--+------------------------------+------+---------+---------+
       Total:                         1700   0         0      
                                                              
       Stack:                         0      0         512    
       Linker Generated:              0      44        0      
    +--+------------------------------+------+---------+---------+
       Grand Total:                   6356   1028      625    


LINKER GENERATED COPY TABLES

__TI_cinit_table @ 00001cd8 records: 2, size/record: 8, table size: 16
	.bss: load addr=00001cc8, load size=00000008 bytes, run addr=20000200, run size=0000006d bytes, compression=zero_init
	.data: load addr=00001cd0, load size=00000008 bytes, run addr=20000270, run size=00000004 bytes, compression=lzss


LINKER GENERATED HANDLER TABLE

__TI_handler_table @ 00001cb8 records: 3, size/record: 4, table size: 12
	index: 0, handler: __TI_decompress_lzss
	index: 1, handler: __TI_decompress_none
	index: 2, handler: __TI_zero_init


GLOBAL SYMBOLS: SORTED ALPHABETICALLY BY Name 

address   name                          
-------   ----                          
00001abf  ADCIntClear                   
00001a23  ADCIntEnable                  
00001839  ADCIntStatus                  
0000194d  ADCProcessorTrigger           
000015f5  ADCSequenceConfigure          
000018f5  ADCSequenceDataGet            
00001a63  ADCSequenceEnable             
000013dd  ADCSequenceStepConfigure      
00001b43  C$$EXIT                       
20000228  COUNT                         
00001a9b  CPUcpsie                      
00001867  GPIODirModeSet                
00000f0d  GPIOPadConfigSet              
00001645  GPIOPinConfigure              
000019a5  GPIOPinTypeADC                
000019b7  GPIOPinTypeGPIOInput          
00001965  GPIOPinTypeGPIOOutput         
000019c9  GPIOPinTypePWM                
000019db  GPIOPinTypeQEI                
000019ed  GPIOPinTypeUART               
00001b1f  GPIOPinWrite                  
000014c5  IntEnable                     
00001a33  IntMasterEnable               
00001891  PWMGenConfigure               
00001aa7  PWMGenEnable                  
00001a43  PWMGenPeriodSet               
000019ff  PWMOutputState                
00001913  PWMPulseWidthSet              
20000270  PWM_FREC                      
00001a71  QEIConfigure                  
00001ac9  QEIDisable                    
00001ad3  QEIEnable                     
00001add  QEIIntDisable                 
00001b2b  QEIPositionGet                
00001b2f  QEIPositionSet                
00001a53  QEIVelocityConfigure          
00001ae7  QEIVelocityEnable             
00001b33  QEIVelocityGet                
00001ab3  ResetISR                      
00001041  SysCtlClockGet                
0000124d  SysCtlClockSet                
00001b25  SysCtlDelay                   
0000197d  SysCtlPWMClockSet             
000017d1  SysCtlPeripheralEnable        
00001761  SysCtlPeripheralReady         
000003ef  Timer0IntHandler              
00001595  TimerConfigure                
00001a7f  TimerEnable                   
00001b37  TimerIntClear                 
00001b0f  TimerIntEnable                
00001a11  TimerLoadSet                  
00000401  UART0IntHandler               
00001af1  UARTCharGet                   
00001afb  UARTCharPut                   
000016d5  UARTConfigSetExpClk           
000018b5  UARTDisable                   
00001991  UARTEnable                    
00001b3b  UARTIntClear                  
00001b17  UARTIntEnable                 
00001b05  UARTIntStatus                 
20000200  __STACK_END                   
00000200  __STACK_SIZE                  
20000200  __STACK_TOP                   
00001cd8  __TI_CINIT_Base               
00001ce8  __TI_CINIT_Limit              
00001cb8  __TI_Handler_Table_Base       
00001cc4  __TI_Handler_Table_Limit      
0000171d  __TI_auto_init_nobinit_nopinit
0000152d  __TI_decompress_lzss          
00001a8d  __TI_decompress_none          
ffffffff  __TI_pprof_out_hndl           
ffffffff  __TI_prof_data_size           
ffffffff  __TI_prof_data_start          
00000000  __TI_static_base__            
00001931  __TI_zero_init_nomemset       
00001457  __aeabi_d2f                   
0000168d  __aeabi_d2iz                  
00000c2b  __aeabi_dadd                  
00000dd7  __aeabi_ddiv                  
00001151  __aeabi_dmul                  
00000c21  __aeabi_dsub                  
00001799  __aeabi_f2d                   
00001341  __aeabi_memcpy                
00001341  __aeabi_memcpy4               
00001341  __aeabi_memcpy8               
000018d5  __aeabi_ui2d                  
ffffffff  __binit__                     
ffffffff  __c_args__                    
UNDEFED   __mpu_init                    
20000000  __stack                       
20000000  __start___llvm_prf_cnts       
20000000  __stop___llvm_prf_cnts        
00001805  _c_int00_noargs               
UNDEFED   _system_post_cinit            
00001b3f  _system_pre_init              
00001b43  abort                         
ffffffff  binit                         
000002c1  control_pid                   
20000220  data                          
0000026d  filtrado                      
2000022c  fl                            
00000000  g_pfnVectors                  
20000230  giro                          
20000234  left                          
00000431  main                          
00001341  memcpy                        
2000026c  n                             
20000200  out                           
20000238  posicion                      
2000023c  pt                            
20000240  pulso                         
20000244  pwm_word                      
20000248  ref                           
2000024c  ref11                         
20000250  ref22                         
20000254  rev                           
20000258  right                         
2000025c  s                             
20000260  serial                        
20000264  update                        
20000268  velocidad                     


GLOBAL SYMBOLS: SORTED BY Symbol Address 

address   name                          
-------   ----                          
00000000  __TI_static_base__            
00000000  g_pfnVectors                  
00000200  __STACK_SIZE                  
0000026d  filtrado                      
000002c1  control_pid                   
000003ef  Timer0IntHandler              
00000401  UART0IntHandler               
00000431  main                          
00000c21  __aeabi_dsub                  
00000c2b  __aeabi_dadd                  
00000dd7  __aeabi_ddiv                  
00000f0d  GPIOPadConfigSet              
00001041  SysCtlClockGet                
00001151  __aeabi_dmul                  
0000124d  SysCtlClockSet                
00001341  __aeabi_memcpy                
00001341  __aeabi_memcpy4               
00001341  __aeabi_memcpy8               
00001341  memcpy                        
000013dd  ADCSequenceStepConfigure      
00001457  __aeabi_d2f                   
000014c5  IntEnable                     
0000152d  __TI_decompress_lzss          
00001595  TimerConfigure                
000015f5  ADCSequenceConfigure          
00001645  GPIOPinConfigure              
0000168d  __aeabi_d2iz                  
000016d5  UARTConfigSetExpClk           
0000171d  __TI_auto_init_nobinit_nopinit
00001761  SysCtlPeripheralReady         
00001799  __aeabi_f2d                   
000017d1  SysCtlPeripheralEnable        
00001805  _c_int00_noargs               
00001839  ADCIntStatus                  
00001867  GPIODirModeSet                
00001891  PWMGenConfigure               
000018b5  UARTDisable                   
000018d5  __aeabi_ui2d                  
000018f5  ADCSequenceDataGet            
00001913  PWMPulseWidthSet              
00001931  __TI_zero_init_nomemset       
0000194d  ADCProcessorTrigger           
00001965  GPIOPinTypeGPIOOutput         
0000197d  SysCtlPWMClockSet             
00001991  UARTEnable                    
000019a5  GPIOPinTypeADC                
000019b7  GPIOPinTypeGPIOInput          
000019c9  GPIOPinTypePWM                
000019db  GPIOPinTypeQEI                
000019ed  GPIOPinTypeUART               
000019ff  PWMOutputState                
00001a11  TimerLoadSet                  
00001a23  ADCIntEnable                  
00001a33  IntMasterEnable               
00001a43  PWMGenPeriodSet               
00001a53  QEIVelocityConfigure          
00001a63  ADCSequenceEnable             
00001a71  QEIConfigure                  
00001a7f  TimerEnable                   
00001a8d  __TI_decompress_none          
00001a9b  CPUcpsie                      
00001aa7  PWMGenEnable                  
00001ab3  ResetISR                      
00001abf  ADCIntClear                   
00001ac9  QEIDisable                    
00001ad3  QEIEnable                     
00001add  QEIIntDisable                 
00001ae7  QEIVelocityEnable             
00001af1  UARTCharGet                   
00001afb  UARTCharPut                   
00001b05  UARTIntStatus                 
00001b0f  TimerIntEnable                
00001b17  UARTIntEnable                 
00001b1f  GPIOPinWrite                  
00001b25  SysCtlDelay                   
00001b2b  QEIPositionGet                
00001b2f  QEIPositionSet                
00001b33  QEIVelocityGet                
00001b37  TimerIntClear                 
00001b3b  UARTIntClear                  
00001b3f  _system_pre_init              
00001b43  C$$EXIT                       
00001b43  abort                         
00001cb8  __TI_Handler_Table_Base       
00001cc4  __TI_Handler_Table_Limit      
00001cd8  __TI_CINIT_Base               
00001ce8  __TI_CINIT_Limit              
20000000  __stack                       
20000000  __start___llvm_prf_cnts       
20000000  __stop___llvm_prf_cnts        
20000200  __STACK_END                   
20000200  __STACK_TOP                   
20000200  out                           
20000220  data                          
20000228  COUNT                         
2000022c  fl                            
20000230  giro                          
20000234  left                          
20000238  posicion                      
2000023c  pt                            
20000240  pulso                         
20000244  pwm_word                      
20000248  ref                           
2000024c  ref11                         
20000250  ref22                         
20000254  rev                           
20000258  right                         
2000025c  s                             
20000260  serial                        
20000264  update                        
20000268  velocidad                     
2000026c  n                             
20000270  PWM_FREC                      
ffffffff  __TI_pprof_out_hndl           
ffffffff  __TI_prof_data_size           
ffffffff  __TI_prof_data_start          
ffffffff  __binit__                     
ffffffff  __c_args__                    
ffffffff  binit                         
UNDEFED   __mpu_init                    
UNDEFED   _system_post_cinit            

[121 symbols]
