******************************************************************************
                  TI ARM Linker PC v20.2.4                     
******************************************************************************
>> Linked Sat Sep 18 02:31:38 2021

OUTPUT FILE NAME:   <PID_cascada.out>
ENTRY POINT SYMBOL: "_c_int00_noargs"  address: 00001759


MEMORY CONFIGURATION

         name            origin    length      used     unused   attr    fill
----------------------  --------  ---------  --------  --------  ----  --------
  FLASH                 00000000   00040000  00001c3c  0003e3c4  R  X
  SRAM                  20000000   00008000  00000275  00007d8b  RW X


SEGMENT ALLOCATION MAP

run origin  load origin   length   init length attrs members
----------  ----------- ---------- ----------- ----- -------
00000000    00000000    00001c40   00001c40    r-x
  00000000    00000000    0000026c   0000026c    r-- .intvecs
  0000026c    0000026c    00001834   00001834    r-x .text
  00001aa0    00001aa0    0000016c   0000016c    r-- .const
  00001c10    00001c10    00000030   00000030    r-- .cinit
20000000    20000000    00000278   00000000    rw-
  20000000    20000000    00000200   00000000    rw- .stack
  20000200    20000200    00000071   00000000    rw- .bss
  20000274    20000274    00000004   00000000    rw- .data


SECTION ALLOCATION MAP

 output                                  attributes/
section   page    origin      length       input sections
--------  ----  ----------  ----------   ----------------
.intvecs   0    00000000    0000026c     
                  00000000    0000026c     tm4c123gh6pm_startup_ccs.obj (.intvecs)

.text      0    0000026c    00001834     
                  0000026c    00000844     main.obj (.text)
                  00000ab0    0000027c     CONFIG.obj (.text)
                  00000d2c    00000136     rtsv7M4_T_le_v4SPD16_eabi.lib : fd_div_t2.asm.obj (.text)
                  00000e62    00000132     driverlib.lib : gpio.obj (.text:GPIOPadConfigSet)
                  00000f94    00000110                   : sysctl.obj (.text:SysCtlClockGet)
                  000010a4    000000fc     rtsv7M4_T_le_v4SPD16_eabi.lib : fd_mul_t2.asm.obj (.text)
                  000011a0    000000f4     driverlib.lib : sysctl.obj (.text:SysCtlClockSet)
                  00001294    0000009c     rtsv7M4_T_le_v4SPD16_eabi.lib : memcpy_t2.asm.obj (.text)
                  00001330    0000007a     driverlib.lib : adc.obj (.text:ADCSequenceStepConfigure)
                  000013aa    0000006e     rtsv7M4_T_le_v4SPD16_eabi.lib : fd_tos_t2.asm.obj (.text)
                  00001418    00000068     driverlib.lib : interrupt.obj (.text:IntEnable)
                  00001480    00000068     rtsv7M4_T_le_v4SPD16_eabi.lib : copy_decompress_lzss.c.obj (.text:decompress:lzss:__TI_decompress_lzss)
                  000014e8    00000060     driverlib.lib : timer.obj (.text:TimerConfigure)
                  00001548    00000050                   : adc.obj (.text:ADCSequenceConfigure)
                  00001598    00000048                   : gpio.obj (.text:GPIOPinConfigure)
                  000015e0    00000048     rtsv7M4_T_le_v4SPD16_eabi.lib : fd_toi_t2.asm.obj (.text)
                  00001628    00000046     driverlib.lib : uart.obj (.text:UARTConfigSetExpClk)
                  0000166e    00000002     --HOLE-- [fill = 0]
                  00001670    00000044     rtsv7M4_T_le_v4SPD16_eabi.lib : autoinit.c.obj (.text:__TI_auto_init_nobinit_nopinit:__TI_auto_init_nobinit_nopinit)
                  000016b4    00000038     driverlib.lib : sysctl.obj (.text:SysCtlPeripheralReady)
                  000016ec    00000038     rtsv7M4_T_le_v4SPD16_eabi.lib : fs_tod_t2.asm.obj (.text)
                  00001724    00000034     driverlib.lib : sysctl.obj (.text:SysCtlPeripheralEnable)
                  00001758    00000034     rtsv7M4_T_le_v4SPD16_eabi.lib : boot_cortex_m.c.obj (.text:_c_int00_noargs:_c_int00_noargs)
                  0000178c    0000002e     driverlib.lib : adc.obj (.text:ADCIntStatus)
                  000017ba    0000002a                   : gpio.obj (.text:GPIODirModeSet)
                  000017e4    00000022                   : pwm.obj (.text:PWMGenConfigure)
                  00001806    00000002     --HOLE-- [fill = 0]
                  00001808    00000020                   : uart.obj (.text:UARTDisable)
                  00001828    00000020     rtsv7M4_T_le_v4SPD16_eabi.lib : u_tofd_t2.asm.obj (.text)
                  00001848    0000001e     driverlib.lib : adc.obj (.text:ADCSequenceDataGet)
                  00001866    0000001e                   : pwm.obj (.text:PWMPulseWidthSet)
                  00001884    0000001c     rtsv7M4_T_le_v4SPD16_eabi.lib : copy_zero_init.c.obj (.text:decompress:ZI:__TI_zero_init_nomemset:__TI_zero_init_nomemset)
                  000018a0    00000018     driverlib.lib : adc.obj (.text:ADCProcessorTrigger)
                  000018b8    00000018                   : gpio.obj (.text:GPIOPinTypeGPIOOutput)
                  000018d0    00000014                   : sysctl.obj (.text:SysCtlPWMClockSet)
                  000018e4    00000014                   : uart.obj (.text:UARTEnable)
                  000018f8    00000012                   : gpio.obj (.text:GPIOPinTypeADC)
                  0000190a    00000012                   : gpio.obj (.text:GPIOPinTypeGPIOInput)
                  0000191c    00000012                   : gpio.obj (.text:GPIOPinTypePWM)
                  0000192e    00000012                   : gpio.obj (.text:GPIOPinTypeQEI)
                  00001940    00000012                   : gpio.obj (.text:GPIOPinTypeUART)
                  00001952    00000012                   : pwm.obj (.text:PWMOutputState)
                  00001964    00000012                   : timer.obj (.text:TimerLoadSet)
                  00001976    00000010                   : adc.obj (.text:ADCIntEnable)
                  00001986    00000010                   : interrupt.obj (.text:IntMasterEnable)
                  00001996    00000010                   : pwm.obj (.text:PWMGenPeriodSet)
                  000019a6    00000010                   : qei.obj (.text:QEIVelocityConfigure)
                  000019b6    0000000e                   : adc.obj (.text:ADCSequenceEnable)
                  000019c4    0000000e                   : qei.obj (.text:QEIConfigure)
                  000019d2    0000000e                   : timer.obj (.text:TimerEnable)
                  000019e0    0000000e     rtsv7M4_T_le_v4SPD16_eabi.lib : copy_decompress_none.c.obj (.text:decompress:none:__TI_decompress_none)
                  000019ee    0000000c     driverlib.lib : cpu.obj (.text:CPUcpsie)
                  000019fa    0000000c                   : pwm.obj (.text:PWMGenEnable)
                  00001a06    0000000c     tm4c123gh6pm_startup_ccs.obj (.text)
                  00001a12    0000000a     driverlib.lib : adc.obj (.text:ADCIntClear)
                  00001a1c    0000000a                   : qei.obj (.text:QEIDisable)
                  00001a26    0000000a                   : qei.obj (.text:QEIEnable)
                  00001a30    0000000a                   : qei.obj (.text:QEIIntDisable)
                  00001a3a    0000000a                   : qei.obj (.text:QEIVelocityEnable)
                  00001a44    0000000a                   : uart.obj (.text:UARTCharGet)
                  00001a4e    0000000a                   : uart.obj (.text:UARTCharPut)
                  00001a58    0000000a                   : uart.obj (.text:UARTIntStatus)
                  00001a62    00000008                   : timer.obj (.text:TimerIntEnable)
                  00001a6a    00000008                   : uart.obj (.text:UARTIntEnable)
                  00001a72    00000006                   : gpio.obj (.text:GPIOPinRead)
                  00001a78    00000006                   : gpio.obj (.text:GPIOPinWrite)
                  00001a7e    00000006                   : sysctl.obj (.text:SysCtlDelay)
                  00001a84    00000004                   : qei.obj (.text:QEIPositionGet)
                  00001a88    00000004                   : qei.obj (.text:QEIPositionSet)
                  00001a8c    00000004                   : qei.obj (.text:QEIVelocityGet)
                  00001a90    00000004                   : timer.obj (.text:TimerIntClear)
                  00001a94    00000004                   : uart.obj (.text:UARTIntClear)
                  00001a98    00000004     rtsv7M4_T_le_v4SPD16_eabi.lib : pre_init.c.obj (.text:_system_pre_init)
                  00001a9c    00000004                                   : exit.c.obj (.text:abort:abort)

.const     0    00001aa0    0000016c     
                  00001aa0    00000090     driverlib.lib : gpio.obj (.const:g_pui32GPIOBaseAddrs)
                  00001b30    00000070                   : interrupt.obj (.const)
                  00001ba0    0000006c                   : sysctl.obj (.const:g_pui32Xtals)

.cinit     0    00001c10    00000030     
                  00001c10    0000000c     (__TI_handler_table)
                  00001c1c    00000004     --HOLE-- [fill = 0]
                  00001c20    00000008     (.cinit..bss.load) [load image, compression = zero_init]
                  00001c28    00000008     (.cinit..data.load) [load image, compression = lzss]
                  00001c30    00000010     (__TI_cinit_table)

.init_array 
*          0    00000000    00000000     UNINITIALIZED

.bss       0    20000200    00000071     UNINITIALIZED
                  20000200    00000020     (.common:out)
                  20000220    00000010     (.common:data)
                  20000230    00000004     (.common:BOTON)
                  20000234    00000004     (.common:COUNT)
                  20000238    00000004     (.common:fl)
                  2000023c    00000004     (.common:giro)
                  20000240    00000004     (.common:posicion)
                  20000244    00000004     (.common:pt)
                  20000248    00000004     (.common:pulso)
                  2000024c    00000004     (.common:pwm_word)
                  20000250    00000004     (.common:ref)
                  20000254    00000004     (.common:ref11)
                  20000258    00000004     (.common:ref22)
                  2000025c    00000004     (.common:rev)
                  20000260    00000004     (.common:s)
                  20000264    00000004     (.common:serial)
                  20000268    00000004     (.common:update)
                  2000026c    00000004     (.common:velocidad)
                  20000270    00000001     (.common:n)

.data      0    20000274    00000004     UNINITIALIZED
                  20000274    00000004     main.obj (.data)

.stack     0    20000000    00000200     UNINITIALIZED
                  20000000    00000004     rtsv7M4_T_le_v4SPD16_eabi.lib : boot_cortex_m.c.obj (.stack)
                  20000004    000001fc     --HOLE--

__llvm_prf_cnts 
*          0    20000000    00000000     UNINITIALIZED

MODULE SUMMARY

       Module                         code   ro data   rw data
       ------                         ----   -------   -------
    .\
       main.obj                       2116   0         117    
       CONFIG.obj                     636    0         0      
       tm4c123gh6pm_startup_ccs.obj   12     620       0      
    +--+------------------------------+------+---------+---------+
       Total:                         2764   620       117    
                                                              
    C:/ti/TivaWare_C_Series-2.1.4.178/driverlib/ccs/Debug/driverlib.lib
       sysctl.obj                     650    108       0      
       gpio.obj                       546    144       0      
       adc.obj                        342    0         0      
       interrupt.obj                  120    112       0      
       uart.obj                       164    0         0      
       timer.obj                      140    0         0      
       pwm.obj                        110    0         0      
       qei.obj                        82     0         0      
       cpu.obj                        12     0         0      
    +--+------------------------------+------+---------+---------+
       Total:                         2166   364       0      
                                                              
    C:\ti\ccs1000\ccs\tools\compiler\ti-cgt-arm_20.2.4.LTS\lib\rtsv7M4_T_le_v4SPD16_eabi.lib
       fd_div_t2.asm.obj              310    0         0      
       fd_mul_t2.asm.obj              252    0         0      
       memcpy_t2.asm.obj              156    0         0      
       fd_tos_t2.asm.obj              110    0         0      
       copy_decompress_lzss.c.obj     104    0         0      
       fd_toi_t2.asm.obj              72     0         0      
       autoinit.c.obj                 68     0         0      
       fs_tod_t2.asm.obj              56     0         0      
       boot_cortex_m.c.obj            52     0         0      
       u_tofd_t2.asm.obj              32     0         0      
       copy_zero_init.c.obj           28     0         0      
       copy_decompress_none.c.obj     14     0         0      
       exit.c.obj                     4      0         0      
       pre_init.c.obj                 4      0         0      
    +--+------------------------------+------+---------+---------+
       Total:                         1262   0         0      
                                                              
       Stack:                         0      0         512    
       Linker Generated:              0      44        0      
    +--+------------------------------+------+---------+---------+
       Grand Total:                   6192   1028      629    


LINKER GENERATED COPY TABLES

__TI_cinit_table @ 00001c30 records: 2, size/record: 8, table size: 16
	.bss: load addr=00001c20, load size=00000008 bytes, run addr=20000200, run size=00000071 bytes, compression=zero_init
	.data: load addr=00001c28, load size=00000008 bytes, run addr=20000274, run size=00000004 bytes, compression=lzss


LINKER GENERATED HANDLER TABLE

__TI_handler_table @ 00001c10 records: 3, size/record: 4, table size: 12
	index: 0, handler: __TI_decompress_lzss
	index: 1, handler: __TI_decompress_none
	index: 2, handler: __TI_zero_init


GLOBAL SYMBOLS: SORTED ALPHABETICALLY BY Name 

address   name                          
-------   ----                          
00001a13  ADCIntClear                   
00001977  ADCIntEnable                  
0000178d  ADCIntStatus                  
000018a1  ADCProcessorTrigger           
00001549  ADCSequenceConfigure          
00001849  ADCSequenceDataGet            
000019b7  ADCSequenceEnable             
00001331  ADCSequenceStepConfigure      
20000230  BOTON                         
00001a9d  C$$EXIT                       
00000ab1  CONFIG                        
20000234  COUNT                         
000019ef  CPUcpsie                      
000017bb  GPIODirModeSet                
00000e63  GPIOPadConfigSet              
00001599  GPIOPinConfigure              
00001a73  GPIOPinRead                   
000018f9  GPIOPinTypeADC                
0000190b  GPIOPinTypeGPIOInput          
000018b9  GPIOPinTypeGPIOOutput         
0000191d  GPIOPinTypePWM                
0000192f  GPIOPinTypeQEI                
00001941  GPIOPinTypeUART               
00001a79  GPIOPinWrite                  
00001419  IntEnable                     
00001987  IntMasterEnable               
000017e5  PWMGenConfigure               
000019fb  PWMGenEnable                  
00001997  PWMGenPeriodSet               
00001953  PWMOutputState                
00001867  PWMPulseWidthSet              
20000274  PWM_FREC                      
000019c5  QEIConfigure                  
00001a1d  QEIDisable                    
00001a27  QEIEnable                     
00001a31  QEIIntDisable                 
00001a85  QEIPositionGet                
00001a89  QEIPositionSet                
000019a7  QEIVelocityConfigure          
00001a3b  QEIVelocityEnable             
00001a8d  QEIVelocityGet                
00001a07  ResetISR                      
00000f95  SysCtlClockGet                
000011a1  SysCtlClockSet                
00001a7f  SysCtlDelay                   
000018d1  SysCtlPWMClockSet             
00001725  SysCtlPeripheralEnable        
000016b5  SysCtlPeripheralReady         
000003d1  Timer0IntHandler              
000014e9  TimerConfigure                
000019d3  TimerEnable                   
00001a91  TimerIntClear                 
00001a63  TimerIntEnable                
00001965  TimerLoadSet                  
000003e3  UART0IntHandler               
00001a45  UARTCharGet                   
00001a4f  UARTCharPut                   
00001629  UARTConfigSetExpClk           
00001809  UARTDisable                   
000018e5  UARTEnable                    
00001a95  UARTIntClear                  
00001a6b  UARTIntEnable                 
00001a59  UARTIntStatus                 
20000200  __STACK_END                   
00000200  __STACK_SIZE                  
20000200  __STACK_TOP                   
00001c30  __TI_CINIT_Base               
00001c40  __TI_CINIT_Limit              
00001c10  __TI_Handler_Table_Base       
00001c1c  __TI_Handler_Table_Limit      
00001671  __TI_auto_init_nobinit_nopinit
00001481  __TI_decompress_lzss          
000019e1  __TI_decompress_none          
ffffffff  __TI_pprof_out_hndl           
ffffffff  __TI_prof_data_size           
ffffffff  __TI_prof_data_start          
00000000  __TI_static_base__            
00001885  __TI_zero_init_nomemset       
000013ab  __aeabi_d2f                   
000015e1  __aeabi_d2iz                  
00000d2d  __aeabi_ddiv                  
000010a5  __aeabi_dmul                  
000016ed  __aeabi_f2d                   
00001295  __aeabi_memcpy                
00001295  __aeabi_memcpy4               
00001295  __aeabi_memcpy8               
00001829  __aeabi_ui2d                  
ffffffff  __binit__                     
ffffffff  __c_args__                    
UNDEFED   __mpu_init                    
20000000  __stack                       
20000000  __start___llvm_prf_cnts       
20000000  __stop___llvm_prf_cnts        
00001759  _c_int00_noargs               
UNDEFED   _system_post_cinit            
00001a99  _system_pre_init              
00001a9d  abort                         
ffffffff  binit                         
000002c1  control_pid                   
20000220  data                          
00000407  direccion                     
0000026d  filtrado                      
20000238  fl                            
00000000  g_pfnVectors                  
2000023c  giro                          
00000495  main                          
00001295  memcpy                        
20000270  n                             
20000200  out                           
20000240  posicion                      
20000244  pt                            
20000248  pulso                         
2000024c  pwm_word                      
20000250  ref                           
20000254  ref11                         
20000258  ref22                         
2000025c  rev                           
20000260  s                             
20000264  serial                        
20000268  update                        
2000026c  velocidad                     


GLOBAL SYMBOLS: SORTED BY Symbol Address 

address   name                          
-------   ----                          
00000000  __TI_static_base__            
00000000  g_pfnVectors                  
00000200  __STACK_SIZE                  
0000026d  filtrado                      
000002c1  control_pid                   
000003d1  Timer0IntHandler              
000003e3  UART0IntHandler               
00000407  direccion                     
00000495  main                          
00000ab1  CONFIG                        
00000d2d  __aeabi_ddiv                  
00000e63  GPIOPadConfigSet              
00000f95  SysCtlClockGet                
000010a5  __aeabi_dmul                  
000011a1  SysCtlClockSet                
00001295  __aeabi_memcpy                
00001295  __aeabi_memcpy4               
00001295  __aeabi_memcpy8               
00001295  memcpy                        
00001331  ADCSequenceStepConfigure      
000013ab  __aeabi_d2f                   
00001419  IntEnable                     
00001481  __TI_decompress_lzss          
000014e9  TimerConfigure                
00001549  ADCSequenceConfigure          
00001599  GPIOPinConfigure              
000015e1  __aeabi_d2iz                  
00001629  UARTConfigSetExpClk           
00001671  __TI_auto_init_nobinit_nopinit
000016b5  SysCtlPeripheralReady         
000016ed  __aeabi_f2d                   
00001725  SysCtlPeripheralEnable        
00001759  _c_int00_noargs               
0000178d  ADCIntStatus                  
000017bb  GPIODirModeSet                
000017e5  PWMGenConfigure               
00001809  UARTDisable                   
00001829  __aeabi_ui2d                  
00001849  ADCSequenceDataGet            
00001867  PWMPulseWidthSet              
00001885  __TI_zero_init_nomemset       
000018a1  ADCProcessorTrigger           
000018b9  GPIOPinTypeGPIOOutput         
000018d1  SysCtlPWMClockSet             
000018e5  UARTEnable                    
000018f9  GPIOPinTypeADC                
0000190b  GPIOPinTypeGPIOInput          
0000191d  GPIOPinTypePWM                
0000192f  GPIOPinTypeQEI                
00001941  GPIOPinTypeUART               
00001953  PWMOutputState                
00001965  TimerLoadSet                  
00001977  ADCIntEnable                  
00001987  IntMasterEnable               
00001997  PWMGenPeriodSet               
000019a7  QEIVelocityConfigure          
000019b7  ADCSequenceEnable             
000019c5  QEIConfigure                  
000019d3  TimerEnable                   
000019e1  __TI_decompress_none          
000019ef  CPUcpsie                      
000019fb  PWMGenEnable                  
00001a07  ResetISR                      
00001a13  ADCIntClear                   
00001a1d  QEIDisable                    
00001a27  QEIEnable                     
00001a31  QEIIntDisable                 
00001a3b  QEIVelocityEnable             
00001a45  UARTCharGet                   
00001a4f  UARTCharPut                   
00001a59  UARTIntStatus                 
00001a63  TimerIntEnable                
00001a6b  UARTIntEnable                 
00001a73  GPIOPinRead                   
00001a79  GPIOPinWrite                  
00001a7f  SysCtlDelay                   
00001a85  QEIPositionGet                
00001a89  QEIPositionSet                
00001a8d  QEIVelocityGet                
00001a91  TimerIntClear                 
00001a95  UARTIntClear                  
00001a99  _system_pre_init              
00001a9d  C$$EXIT                       
00001a9d  abort                         
00001c10  __TI_Handler_Table_Base       
00001c1c  __TI_Handler_Table_Limit      
00001c30  __TI_CINIT_Base               
00001c40  __TI_CINIT_Limit              
20000000  __stack                       
20000000  __start___llvm_prf_cnts       
20000000  __stop___llvm_prf_cnts        
20000200  __STACK_END                   
20000200  __STACK_TOP                   
20000200  out                           
20000220  data                          
20000230  BOTON                         
20000234  COUNT                         
20000238  fl                            
2000023c  giro                          
20000240  posicion                      
20000244  pt                            
20000248  pulso                         
2000024c  pwm_word                      
20000250  ref                           
20000254  ref11                         
20000258  ref22                         
2000025c  rev                           
20000260  s                             
20000264  serial                        
20000268  update                        
2000026c  velocidad                     
20000270  n                             
20000274  PWM_FREC                      
ffffffff  __TI_pprof_out_hndl           
ffffffff  __TI_prof_data_size           
ffffffff  __TI_prof_data_start          
ffffffff  __binit__                     
ffffffff  __c_args__                    
ffffffff  binit                         
UNDEFED   __mpu_init                    
UNDEFED   _system_post_cinit            

[121 symbols]
