******************************************************************************
                  TI ARM Linker PC v20.2.4                     
******************************************************************************
>> Linked Wed Dec  8 12:35:49 2021

OUTPUT FILE NAME:   <PID_cascada.out>
ENTRY POINT SYMBOL: "_c_int00_noargs"  address: 00001a95


MEMORY CONFIGURATION

         name            origin    length      used     unused   attr    fill
----------------------  --------  ---------  --------  --------  ----  --------
  FLASH                 00000000   00040000  00001fb4  0003e04c  R  X
  SRAM                  20000000   00008000  00000295  00007d6b  RW X


SEGMENT ALLOCATION MAP

run origin  load origin   length   init length attrs members
----------  ----------- ---------- ----------- ----- -------
00000000    00000000    00001fb8   00001fb8    r-x
  00000000    00000000    0000026c   0000026c    r-- .intvecs
  0000026c    0000026c    00001ba4   00001ba4    r-x .text
  00001e10    00001e10    0000016c   0000016c    r-- .const
  00001f80    00001f80    00000038   00000038    r-- .cinit
20000000    20000000    00000298   00000000    rw-
  20000000    20000000    00000200   00000000    rw- .stack
  20000200    20000200    0000008d   00000000    rw- .bss
  20000290    20000290    00000008   00000000    rw- .data


SECTION ALLOCATION MAP

 output                                  attributes/
section   page    origin      length       input sections
--------  ----  ----------  ----------   ----------------
.intvecs   0    00000000    0000026c     
                  00000000    0000026c     tm4c123gh6pm_startup_ccs.obj (.intvecs)

.text      0    0000026c    00001ba4     
                  0000026c    000009cc     main.obj (.text)
                  00000c38    0000027c     CONFIG.obj (.text)
                  00000eb4    000001b6     rtsv7M4_T_le_v4SPD16_eabi.lib : fd_add_t2.asm.obj (.text)
                  0000106a    00000136                                   : fd_div_t2.asm.obj (.text)
                  000011a0    00000132     driverlib.lib : gpio.obj (.text:GPIOPadConfigSet)
                  000012d2    00000002     --HOLE-- [fill = 0]
                  000012d4    00000110                   : sysctl.obj (.text:SysCtlClockGet)
                  000013e4    000000fc     rtsv7M4_T_le_v4SPD16_eabi.lib : fd_mul_t2.asm.obj (.text)
                  000014e0    000000f4     driverlib.lib : sysctl.obj (.text:SysCtlClockSet)
                  000015d4    0000009c     rtsv7M4_T_le_v4SPD16_eabi.lib : memcpy_t2.asm.obj (.text)
                  00001670    0000007a     driverlib.lib : adc.obj (.text:ADCSequenceStepConfigure)
                  000016ea    0000006e     rtsv7M4_T_le_v4SPD16_eabi.lib : fd_tos_t2.asm.obj (.text)
                  00001758    00000068     driverlib.lib : interrupt.obj (.text:IntEnable)
                  000017c0    00000068     rtsv7M4_T_le_v4SPD16_eabi.lib : copy_decompress_lzss.c.obj (.text:decompress:lzss:__TI_decompress_lzss)
                  00001828    00000060     driverlib.lib : timer.obj (.text:TimerConfigure)
                  00001888    00000050                   : adc.obj (.text:ADCSequenceConfigure)
                  000018d8    00000048                   : gpio.obj (.text:GPIOPinConfigure)
                  00001920    00000046                   : uart.obj (.text:UARTConfigSetExpClk)
                  00001966    00000002     --HOLE-- [fill = 0]
                  00001968    00000044     rtsv7M4_T_le_v4SPD16_eabi.lib : autoinit.c.obj (.text:__TI_auto_init_nobinit_nopinit:__TI_auto_init_nobinit_nopinit)
                  000019ac    00000044                                   : fd_tou_t2.asm.obj (.text)
                  000019f0    00000038     driverlib.lib : sysctl.obj (.text:SysCtlPeripheralReady)
                  00001a28    00000038     rtsv7M4_T_le_v4SPD16_eabi.lib : fs_tod_t2.asm.obj (.text)
                  00001a60    00000034     driverlib.lib : sysctl.obj (.text:SysCtlPeripheralEnable)
                  00001a94    00000034     rtsv7M4_T_le_v4SPD16_eabi.lib : boot_cortex_m.c.obj (.text:_c_int00_noargs:_c_int00_noargs)
                  00001ac8    0000002e     driverlib.lib : adc.obj (.text:ADCIntStatus)
                  00001af6    0000002e     rtsv7M4_T_le_v4SPD16_eabi.lib : i_tofd_t2.asm.obj (.text)
                  00001b24    0000002a     driverlib.lib : gpio.obj (.text:GPIODirModeSet)
                  00001b4e    00000022                   : pwm.obj (.text:PWMGenConfigure)
                  00001b70    00000020                   : uart.obj (.text:UARTDisable)
                  00001b90    00000020     rtsv7M4_T_le_v4SPD16_eabi.lib : u_tofd_t2.asm.obj (.text)
                  00001bb0    0000001e     driverlib.lib : adc.obj (.text:ADCSequenceDataGet)
                  00001bce    0000001e                   : pwm.obj (.text:PWMPulseWidthSet)
                  00001bec    0000001c     rtsv7M4_T_le_v4SPD16_eabi.lib : copy_zero_init.c.obj (.text:decompress:ZI:__TI_zero_init_nomemset:__TI_zero_init_nomemset)
                  00001c08    00000018     driverlib.lib : adc.obj (.text:ADCProcessorTrigger)
                  00001c20    00000018                   : gpio.obj (.text:GPIOPinTypeGPIOOutput)
                  00001c38    00000014                   : sysctl.obj (.text:SysCtlPWMClockSet)
                  00001c4c    00000014                   : uart.obj (.text:UARTEnable)
                  00001c60    00000012                   : gpio.obj (.text:GPIOPinTypeADC)
                  00001c72    00000012                   : gpio.obj (.text:GPIOPinTypeGPIOInput)
                  00001c84    00000012                   : gpio.obj (.text:GPIOPinTypePWM)
                  00001c96    00000012                   : gpio.obj (.text:GPIOPinTypeQEI)
                  00001ca8    00000012                   : gpio.obj (.text:GPIOPinTypeUART)
                  00001cba    00000012                   : pwm.obj (.text:PWMOutputState)
                  00001ccc    00000012                   : timer.obj (.text:TimerLoadSet)
                  00001cde    00000010                   : adc.obj (.text:ADCIntEnable)
                  00001cee    00000010                   : interrupt.obj (.text:IntMasterEnable)
                  00001cfe    00000010                   : pwm.obj (.text:PWMGenPeriodSet)
                  00001d0e    00000010                   : qei.obj (.text:QEIVelocityConfigure)
                  00001d1e    0000000e                   : adc.obj (.text:ADCSequenceEnable)
                  00001d2c    0000000e                   : qei.obj (.text:QEIConfigure)
                  00001d3a    0000000e                   : qei.obj (.text:QEIDirectionGet)
                  00001d48    0000000e                   : timer.obj (.text:TimerEnable)
                  00001d56    0000000e     rtsv7M4_T_le_v4SPD16_eabi.lib : copy_decompress_none.c.obj (.text:decompress:none:__TI_decompress_none)
                  00001d64    0000000c     driverlib.lib : cpu.obj (.text:CPUcpsie)
                  00001d70    0000000c                   : pwm.obj (.text:PWMGenEnable)
                  00001d7c    0000000c     tm4c123gh6pm_startup_ccs.obj (.text)
                  00001d88    0000000a     driverlib.lib : adc.obj (.text:ADCIntClear)
                  00001d92    0000000a                   : qei.obj (.text:QEIDisable)
                  00001d9c    0000000a                   : qei.obj (.text:QEIEnable)
                  00001da6    0000000a                   : qei.obj (.text:QEIIntDisable)
                  00001db0    0000000a                   : qei.obj (.text:QEIVelocityEnable)
                  00001dba    0000000a                   : uart.obj (.text:UARTCharGet)
                  00001dc4    0000000a                   : uart.obj (.text:UARTCharPut)
                  00001dce    0000000a                   : uart.obj (.text:UARTIntStatus)
                  00001dd8    00000008                   : timer.obj (.text:TimerIntEnable)
                  00001de0    00000008                   : uart.obj (.text:UARTIntEnable)
                  00001de8    00000006                   : gpio.obj (.text:GPIOPinWrite)
                  00001dee    00000006                   : sysctl.obj (.text:SysCtlDelay)
                  00001df4    00000004                   : qei.obj (.text:QEIPositionGet)
                  00001df8    00000004                   : qei.obj (.text:QEIPositionSet)
                  00001dfc    00000004                   : qei.obj (.text:QEIVelocityGet)
                  00001e00    00000004                   : timer.obj (.text:TimerIntClear)
                  00001e04    00000004                   : uart.obj (.text:UARTIntClear)
                  00001e08    00000004     rtsv7M4_T_le_v4SPD16_eabi.lib : pre_init.c.obj (.text:_system_pre_init)
                  00001e0c    00000004                                   : exit.c.obj (.text:abort:abort)

.const     0    00001e10    0000016c     
                  00001e10    00000090     driverlib.lib : gpio.obj (.const:g_pui32GPIOBaseAddrs)
                  00001ea0    00000070                   : interrupt.obj (.const)
                  00001f10    0000006c                   : sysctl.obj (.const:g_pui32Xtals)

.cinit     0    00001f80    00000038     
                  00001f80    0000000d     (.cinit..data.load) [load image, compression = lzss]
                  00001f8d    00000003     --HOLE-- [fill = 0]
                  00001f90    0000000c     (__TI_handler_table)
                  00001f9c    00000004     --HOLE-- [fill = 0]
                  00001fa0    00000008     (.cinit..bss.load) [load image, compression = zero_init]
                  00001fa8    00000010     (__TI_cinit_table)

.init_array 
*          0    00000000    00000000     UNINITIALIZED

.bss       0    20000200    0000008d     UNINITIALIZED
                  20000200    00000020     (.common:out)
                  20000220    00000010     (.common:data)
                  20000230    00000004     (.common:COUNT)
                  20000234    00000004     (.common:delta_pos)
                  20000238    00000004     (.common:feedfoward)
                  2000023c    00000004     (.common:fl)
                  20000240    00000004     (.common:giro)
                  20000244    00000004     (.common:j)
                  20000248    00000004     (.common:pos_pas)
                  2000024c    00000004     (.common:pos_tot)
                  20000250    00000004     (.common:posicion)
                  20000254    00000004     (.common:pt)
                  20000258    00000004     (.common:pulso)
                  2000025c    00000004     (.common:pwm_word)
                  20000260    00000004     (.common:ref)
                  20000264    00000004     (.common:ref2)
                  20000268    00000004     (.common:ref_filtrado)
                  2000026c    00000004     (.common:ref_filtrado_grados)
                  20000270    00000004     (.common:ref_grados)
                  20000274    00000004     (.common:s)
                  20000278    00000004     (.common:salida_posicion)
                  2000027c    00000004     (.common:sentido)
                  20000280    00000004     (.common:serial)
                  20000284    00000004     (.common:update)
                  20000288    00000004     (.common:velocidad)
                  2000028c    00000001     (.common:n)

.data      0    20000290    00000008     UNINITIALIZED
                  20000290    00000008     main.obj (.data)

.stack     0    20000000    00000200     UNINITIALIZED
                  20000000    00000004     rtsv7M4_T_le_v4SPD16_eabi.lib : boot_cortex_m.c.obj (.stack)
                  20000004    000001fc     --HOLE--

__llvm_prf_cnts 
*          0    20000000    00000000     UNINITIALIZED

MODULE SUMMARY

       Module                         code   ro data   rw data
       ------                         ----   -------   -------
    .\
       main.obj                       2508   0         149    
       CONFIG.obj                     636    0         0      
       tm4c123gh6pm_startup_ccs.obj   12     620       0      
    +--+------------------------------+------+---------+---------+
       Total:                         3156   620       149    
                                                              
    C:/ti/TivaWare_C_Series-2.1.4.178/driverlib/ccs/Debug/driverlib.lib
       sysctl.obj                     650    108       0      
       gpio.obj                       540    144       0      
       adc.obj                        342    0         0      
       interrupt.obj                  120    112       0      
       uart.obj                       164    0         0      
       timer.obj                      140    0         0      
       pwm.obj                        110    0         0      
       qei.obj                        96     0         0      
       cpu.obj                        12     0         0      
    +--+------------------------------+------+---------+---------+
       Total:                         2174   364       0      
                                                              
    C:\ti\ccs1000\ccs\tools\compiler\ti-cgt-arm_20.2.4.LTS\lib\rtsv7M4_T_le_v4SPD16_eabi.lib
       fd_add_t2.asm.obj              438    0         0      
       fd_div_t2.asm.obj              310    0         0      
       fd_mul_t2.asm.obj              252    0         0      
       memcpy_t2.asm.obj              156    0         0      
       fd_tos_t2.asm.obj              110    0         0      
       copy_decompress_lzss.c.obj     104    0         0      
       autoinit.c.obj                 68     0         0      
       fd_tou_t2.asm.obj              68     0         0      
       fs_tod_t2.asm.obj              56     0         0      
       boot_cortex_m.c.obj            52     0         0      
       i_tofd_t2.asm.obj              46     0         0      
       u_tofd_t2.asm.obj              32     0         0      
       copy_zero_init.c.obj           28     0         0      
       copy_decompress_none.c.obj     14     0         0      
       exit.c.obj                     4      0         0      
       pre_init.c.obj                 4      0         0      
    +--+------------------------------+------+---------+---------+
       Total:                         1742   0         0      
                                                              
       Stack:                         0      0         512    
       Linker Generated:              0      49        0      
    +--+------------------------------+------+---------+---------+
       Grand Total:                   7072   1033      661    


LINKER GENERATED COPY TABLES

__TI_cinit_table @ 00001fa8 records: 2, size/record: 8, table size: 16
	.data: load addr=00001f80, load size=0000000d bytes, run addr=20000290, run size=00000008 bytes, compression=lzss
	.bss: load addr=00001fa0, load size=00000008 bytes, run addr=20000200, run size=0000008d bytes, compression=zero_init


LINKER GENERATED HANDLER TABLE

__TI_handler_table @ 00001f90 records: 3, size/record: 4, table size: 12
	index: 0, handler: __TI_decompress_lzss
	index: 1, handler: __TI_decompress_none
	index: 2, handler: __TI_zero_init


GLOBAL SYMBOLS: SORTED ALPHABETICALLY BY Name 

address   name                          
-------   ----                          
00001d89  ADCIntClear                   
00001cdf  ADCIntEnable                  
00001ac9  ADCIntStatus                  
00001c09  ADCProcessorTrigger           
00001889  ADCSequenceConfigure          
00001bb1  ADCSequenceDataGet            
00001d1f  ADCSequenceEnable             
00001671  ADCSequenceStepConfigure      
00001e0d  C$$EXIT                       
00000c39  CONFIG                        
20000230  COUNT                         
00001d65  CPUcpsie                      
00001b25  GPIODirModeSet                
000011a1  GPIOPadConfigSet              
000018d9  GPIOPinConfigure              
00001c61  GPIOPinTypeADC                
00001c73  GPIOPinTypeGPIOInput          
00001c21  GPIOPinTypeGPIOOutput         
00001c85  GPIOPinTypePWM                
00001c97  GPIOPinTypeQEI                
00001ca9  GPIOPinTypeUART               
00001de9  GPIOPinWrite                  
00001759  IntEnable                     
00001cef  IntMasterEnable               
00001b4f  PWMGenConfigure               
00001d71  PWMGenEnable                  
00001cff  PWMGenPeriodSet               
00001cbb  PWMOutputState                
00001bcf  PWMPulseWidthSet              
20000290  PWM_FREC                      
00001d2d  QEIConfigure                  
00001d3b  QEIDirectionGet               
00001d93  QEIDisable                    
00001d9d  QEIEnable                     
00001da7  QEIIntDisable                 
00001df5  QEIPositionGet                
00001df9  QEIPositionSet                
00001d0f  QEIVelocityConfigure          
00001db1  QEIVelocityEnable             
00001dfd  QEIVelocityGet                
00001d7d  ResetISR                      
000012d5  SysCtlClockGet                
000014e1  SysCtlClockSet                
00001def  SysCtlDelay                   
00001c39  SysCtlPWMClockSet             
00001a61  SysCtlPeripheralEnable        
000019f1  SysCtlPeripheralReady         
000003ad  Timer0IntHandler              
00001829  TimerConfigure                
00001d49  TimerEnable                   
00001e01  TimerIntClear                 
00001dd9  TimerIntEnable                
00001ccd  TimerLoadSet                  
000003bf  UART0IntHandler               
00001dbb  UARTCharGet                   
00001dc5  UARTCharPut                   
00001921  UARTConfigSetExpClk           
00001b71  UARTDisable                   
00001c4d  UARTEnable                    
00001e05  UARTIntClear                  
00001de1  UARTIntEnable                 
00001dcf  UARTIntStatus                 
20000200  __STACK_END                   
00000200  __STACK_SIZE                  
20000200  __STACK_TOP                   
00001fa8  __TI_CINIT_Base               
00001fb8  __TI_CINIT_Limit              
00001f90  __TI_Handler_Table_Base       
00001f9c  __TI_Handler_Table_Limit      
00001969  __TI_auto_init_nobinit_nopinit
000017c1  __TI_decompress_lzss          
00001d57  __TI_decompress_none          
ffffffff  __TI_pprof_out_hndl           
ffffffff  __TI_prof_data_size           
ffffffff  __TI_prof_data_start          
00000000  __TI_static_base__            
00001bed  __TI_zero_init_nomemset       
000016eb  __aeabi_d2f                   
000019ad  __aeabi_d2uiz                 
00000ebf  __aeabi_dadd                  
0000106b  __aeabi_ddiv                  
000013e5  __aeabi_dmul                  
00000eb5  __aeabi_dsub                  
00001a29  __aeabi_f2d                   
00001af7  __aeabi_i2d                   
000015d5  __aeabi_memcpy                
000015d5  __aeabi_memcpy4               
000015d5  __aeabi_memcpy8               
00001b91  __aeabi_ui2d                  
ffffffff  __binit__                     
ffffffff  __c_args__                    
UNDEFED   __mpu_init                    
20000000  __stack                       
20000000  __start___llvm_prf_cnts       
20000000  __stop___llvm_prf_cnts        
00001a95  _c_int00_noargs               
UNDEFED   _system_post_cinit            
00001e09  _system_pre_init              
00001e0d  abort                         
ffffffff  binit                         
0000026d  control_pid                   
20000220  data                          
20000234  delta_pos                     
000003e3  direccion                     
20000238  feedfoward                    
00000359  filtrado                      
2000023c  fl                            
00000000  g_pfnVectors                  
20000240  giro                          
20000244  j                             
20000294  lambda                        
00000469  main                          
000015d5  memcpy                        
2000028c  n                             
20000200  out                           
20000248  pos_pas                       
2000024c  pos_tot                       
20000250  posicion                      
20000254  pt                            
20000258  pulso                         
2000025c  pwm_word                      
20000260  ref                           
20000264  ref2                          
20000268  ref_filtrado                  
2000026c  ref_filtrado_grados           
20000270  ref_grados                    
20000274  s                             
20000278  salida_posicion               
2000027c  sentido                       
20000280  serial                        
20000284  update                        
20000288  velocidad                     


GLOBAL SYMBOLS: SORTED BY Symbol Address 

address   name                          
-------   ----                          
00000000  __TI_static_base__            
00000000  g_pfnVectors                  
00000200  __STACK_SIZE                  
0000026d  control_pid                   
00000359  filtrado                      
000003ad  Timer0IntHandler              
000003bf  UART0IntHandler               
000003e3  direccion                     
00000469  main                          
00000c39  CONFIG                        
00000eb5  __aeabi_dsub                  
00000ebf  __aeabi_dadd                  
0000106b  __aeabi_ddiv                  
000011a1  GPIOPadConfigSet              
000012d5  SysCtlClockGet                
000013e5  __aeabi_dmul                  
000014e1  SysCtlClockSet                
000015d5  __aeabi_memcpy                
000015d5  __aeabi_memcpy4               
000015d5  __aeabi_memcpy8               
000015d5  memcpy                        
00001671  ADCSequenceStepConfigure      
000016eb  __aeabi_d2f                   
00001759  IntEnable                     
000017c1  __TI_decompress_lzss          
00001829  TimerConfigure                
00001889  ADCSequenceConfigure          
000018d9  GPIOPinConfigure              
00001921  UARTConfigSetExpClk           
00001969  __TI_auto_init_nobinit_nopinit
000019ad  __aeabi_d2uiz                 
000019f1  SysCtlPeripheralReady         
00001a29  __aeabi_f2d                   
00001a61  SysCtlPeripheralEnable        
00001a95  _c_int00_noargs               
00001ac9  ADCIntStatus                  
00001af7  __aeabi_i2d                   
00001b25  GPIODirModeSet                
00001b4f  PWMGenConfigure               
00001b71  UARTDisable                   
00001b91  __aeabi_ui2d                  
00001bb1  ADCSequenceDataGet            
00001bcf  PWMPulseWidthSet              
00001bed  __TI_zero_init_nomemset       
00001c09  ADCProcessorTrigger           
00001c21  GPIOPinTypeGPIOOutput         
00001c39  SysCtlPWMClockSet             
00001c4d  UARTEnable                    
00001c61  GPIOPinTypeADC                
00001c73  GPIOPinTypeGPIOInput          
00001c85  GPIOPinTypePWM                
00001c97  GPIOPinTypeQEI                
00001ca9  GPIOPinTypeUART               
00001cbb  PWMOutputState                
00001ccd  TimerLoadSet                  
00001cdf  ADCIntEnable                  
00001cef  IntMasterEnable               
00001cff  PWMGenPeriodSet               
00001d0f  QEIVelocityConfigure          
00001d1f  ADCSequenceEnable             
00001d2d  QEIConfigure                  
00001d3b  QEIDirectionGet               
00001d49  TimerEnable                   
00001d57  __TI_decompress_none          
00001d65  CPUcpsie                      
00001d71  PWMGenEnable                  
00001d7d  ResetISR                      
00001d89  ADCIntClear                   
00001d93  QEIDisable                    
00001d9d  QEIEnable                     
00001da7  QEIIntDisable                 
00001db1  QEIVelocityEnable             
00001dbb  UARTCharGet                   
00001dc5  UARTCharPut                   
00001dcf  UARTIntStatus                 
00001dd9  TimerIntEnable                
00001de1  UARTIntEnable                 
00001de9  GPIOPinWrite                  
00001def  SysCtlDelay                   
00001df5  QEIPositionGet                
00001df9  QEIPositionSet                
00001dfd  QEIVelocityGet                
00001e01  TimerIntClear                 
00001e05  UARTIntClear                  
00001e09  _system_pre_init              
00001e0d  C$$EXIT                       
00001e0d  abort                         
00001f90  __TI_Handler_Table_Base       
00001f9c  __TI_Handler_Table_Limit      
00001fa8  __TI_CINIT_Base               
00001fb8  __TI_CINIT_Limit              
20000000  __stack                       
20000000  __start___llvm_prf_cnts       
20000000  __stop___llvm_prf_cnts        
20000200  __STACK_END                   
20000200  __STACK_TOP                   
20000200  out                           
20000220  data                          
20000230  COUNT                         
20000234  delta_pos                     
20000238  feedfoward                    
2000023c  fl                            
20000240  giro                          
20000244  j                             
20000248  pos_pas                       
2000024c  pos_tot                       
20000250  posicion                      
20000254  pt                            
20000258  pulso                         
2000025c  pwm_word                      
20000260  ref                           
20000264  ref2                          
20000268  ref_filtrado                  
2000026c  ref_filtrado_grados           
20000270  ref_grados                    
20000274  s                             
20000278  salida_posicion               
2000027c  sentido                       
20000280  serial                        
20000284  update                        
20000288  velocidad                     
2000028c  n                             
20000290  PWM_FREC                      
20000294  lambda                        
ffffffff  __TI_pprof_out_hndl           
ffffffff  __TI_prof_data_size           
ffffffff  __TI_prof_data_start          
ffffffff  __binit__                     
ffffffff  __c_args__                    
ffffffff  binit                         
UNDEFED   __mpu_init                    
UNDEFED   _system_post_cinit            

[132 symbols]
