******************************************************************************
                  TI ARM Linker PC v20.2.4                     
******************************************************************************
>> Linked Tue Jun  1 21:49:07 2021

OUTPUT FILE NAME:   <PWM.out>
ENTRY POINT SYMBOL: "_c_int00_noargs"  address: 000010b1


MEMORY CONFIGURATION

         name            origin    length      used     unused   attr    fill
----------------------  --------  ---------  --------  --------  ----  --------
  FLASH                 00000000   00040000  000014d4  0003eb2c  R  X
  SRAM                  20000000   00008000  00000239  00007dc7  RW X


SEGMENT ALLOCATION MAP

run origin  load origin   length   init length attrs members
----------  ----------- ---------- ----------- ----- -------
00000000    00000000    000014d8   000014d8    r-x
  00000000    00000000    0000026c   0000026c    r-- .intvecs
  0000026c    0000026c    00001104   00001104    r-x .text
  00001370    00001370    0000012c   0000012c    r-- .const
  000014a0    000014a0    00000038   00000038    r-- .cinit
20000000    20000000    0000023c   00000000    rw-
  20000000    20000000    00000200   00000000    rw- .stack
  20000200    20000200    00000021   00000000    rw- .data
  20000224    20000224    00000018   00000000    rw- .bss


SECTION ALLOCATION MAP

 output                                  attributes/
section   page    origin      length       input sections
--------  ----  ----------  ----------   ----------------
.intvecs   0    00000000    0000026c     
                  00000000    0000026c     tm4c123gh6pm_startup_ccs.obj (.intvecs)

.text      0    0000026c    00001104     
                  0000026c    000004dc     uartstdio.obj (.text)
                  00000748    000002a0     main.obj (.text)
                  000009e8    0000016c     driverlib.lib : gpio.obj (.text:GPIOPadConfigSet)
                  00000b54    00000118                   : sysctl.obj (.text:SysCtlClockGet)
                  00000c6c    000000f4                   : sysctl.obj (.text:SysCtlClockSet)
                  00000d60    0000009c     rtsv7M4_T_le_v4SPD16_eabi.lib : memcpy_t2.asm.obj (.text)
                  00000dfc    0000007a     driverlib.lib : adc.obj (.text:ADCSequenceStepConfigure)
                  00000e76    00000068     rtsv7M4_T_le_v4SPD16_eabi.lib : copy_decompress_lzss.c.obj (.text:decompress:lzss:__TI_decompress_lzss)
                  00000ede    0000004e     driverlib.lib : adc.obj (.text:ADCSequenceConfigure)
                  00000f2c    0000004c                   : gpio.obj (.text:GPIOPinConfigure)
                  00000f78    00000046                   : uart.obj (.text:UARTConfigSetExpClk)
                  00000fbe    00000002     rtsv7M4_T_le_v4SPD16_eabi.lib : div0.asm.obj (.text)
                  00000fc0    00000044                                   : autoinit.c.obj (.text:__TI_auto_init_nobinit_nopinit:__TI_auto_init_nobinit_nopinit)
                  00001004    00000040                                   : u_divt2.asm.obj (.text)
                  00001044    00000038     driverlib.lib : sysctl.obj (.text:SysCtlPeripheralReady)
                  0000107c    00000034                   : sysctl.obj (.text:SysCtlPeripheralEnable)
                  000010b0    00000034     rtsv7M4_T_le_v4SPD16_eabi.lib : boot_cortex_m.c.obj (.text:_c_int00_noargs:_c_int00_noargs)
                  000010e4    0000002e     driverlib.lib : adc.obj (.text:ADCIntStatus)
                  00001112    0000002c                   : gpio.obj (.text:GPIODirModeSet)
                  0000113e    00000022                   : pwm.obj (.text:PWMGenConfigure)
                  00001160    00000020                   : uart.obj (.text:UARTDisable)
                  00001180    0000001e                   : adc.obj (.text:ADCSequenceDataGet)
                  0000119e    0000001e                   : pwm.obj (.text:PWMPulseWidthSet)
                  000011bc    0000001c     rtsv7M4_T_le_v4SPD16_eabi.lib : copy_zero_init.c.obj (.text:decompress:ZI:__TI_zero_init_nomemset:__TI_zero_init_nomemset)
                  000011d8    0000001a     driverlib.lib : gpio.obj (.text:GPIOPinTypeGPIOOutput)
                  000011f2    00000018                   : adc.obj (.text:ADCProcessorTrigger)
                  0000120a    00000016                   : gpio.obj (.text:GPIOPinTypeADC)
                  00001220    00000016                   : gpio.obj (.text:GPIOPinTypePWM)
                  00001236    00000016                   : gpio.obj (.text:GPIOPinTypeQEI)
                  0000124c    00000016                   : gpio.obj (.text:GPIOPinTypeUART)
                  00001262    00000002     --HOLE-- [fill = 0]
                  00001264    00000014                   : sysctl.obj (.text:SysCtlPWMClockSet)
                  00001278    00000014                   : uart.obj (.text:UARTEnable)
                  0000128c    00000012                   : pwm.obj (.text:PWMOutputState)
                  0000129e    00000010                   : adc.obj (.text:ADCIntEnable)
                  000012ae    00000010                   : pwm.obj (.text:PWMGenPeriodSet)
                  000012be    00000010                   : qei.obj (.text:QEIVelocityConfigure)
                  000012ce    0000000e                   : adc.obj (.text:ADCSequenceEnable)
                  000012dc    0000000e                   : qei.obj (.text:QEIConfigure)
                  000012ea    0000000e                   : qei.obj (.text:QEIDirectionGet)
                  000012f8    0000000e     rtsv7M4_T_le_v4SPD16_eabi.lib : copy_decompress_none.c.obj (.text:decompress:none:__TI_decompress_none)
                  00001306    0000000c     driverlib.lib : pwm.obj (.text:PWMGenEnable)
                  00001312    0000000c     tm4c123gh6pm_startup_ccs.obj (.text)
                  0000131e    0000000a     driverlib.lib : adc.obj (.text:ADCIntClear)
                  00001328    0000000a                   : qei.obj (.text:QEIDisable)
                  00001332    0000000a                   : qei.obj (.text:QEIEnable)
                  0000133c    0000000a                   : qei.obj (.text:QEIIntDisable)
                  00001346    0000000a                   : qei.obj (.text:QEIVelocityEnable)
                  00001350    00000006                   : gpio.obj (.text:GPIOPinWrite)
                  00001356    00000006                   : sysctl.obj (.text:SysCtlDelay)
                  0000135c    00000004                   : qei.obj (.text:QEIPositionGet)
                  00001360    00000004                   : qei.obj (.text:QEIPositionSet)
                  00001364    00000004                   : qei.obj (.text:QEIVelocityGet)
                  00001368    00000004     rtsv7M4_T_le_v4SPD16_eabi.lib : pre_init.c.obj (.text:_system_pre_init)
                  0000136c    00000004                                   : exit.c.obj (.text:abort:abort)

.const     0    00001370    0000012c     
                  00001370    00000090     driverlib.lib : gpio.obj (.const:g_pui32GPIOBaseAddrs)
                  00001400    0000006c                   : sysctl.obj (.const:g_pui32Xtals)
                  0000146c    00000012     uartstdio.obj (.const:.string)
                  0000147e    00000002     --HOLE-- [fill = 0]
                  00001480    0000000c     uartstdio.obj (.const:g_ui32UARTBase)
                  0000148c    0000000c     uartstdio.obj (.const:g_ui32UARTPeriph)
                  00001498    00000004     uartstdio.obj (.const)

.cinit     0    000014a0    00000038     
                  000014a0    0000000f     (.cinit..data.load) [load image, compression = lzss]
                  000014af    00000001     --HOLE-- [fill = 0]
                  000014b0    0000000c     (__TI_handler_table)
                  000014bc    00000004     --HOLE-- [fill = 0]
                  000014c0    00000008     (.cinit..bss.load) [load image, compression = zero_init]
                  000014c8    00000010     (__TI_cinit_table)

.init_array 
*          0    00000000    00000000     UNINITIALIZED

.data      0    20000200    00000021     UNINITIALIZED
                  20000200    0000001c     main.obj (.data)
                  2000021c    00000005     uartstdio.obj (.data)

.bss       0    20000224    00000018     UNINITIALIZED
                  20000224    00000004     (.common:COUNT)
                  20000228    00000004     (.common:direccion)
                  2000022c    00000004     (.common:po)
                  20000230    00000004     (.common:posicio)
                  20000234    00000004     (.common:pwm_word)
                  20000238    00000004     (.common:velocidad)

.stack     0    20000000    00000200     UNINITIALIZED
                  20000000    00000004     rtsv7M4_T_le_v4SPD16_eabi.lib : boot_cortex_m.c.obj (.stack)
                  20000004    000001fc     --HOLE--

__llvm_prf_cnts 
*          0    20000000    00000000     UNINITIALIZED

MODULE SUMMARY

       Module                         code   ro data   rw data
       ------                         ----   -------   -------
    .\
       uartstdio.obj                  1244   46        5      
       main.obj                       672    0         52     
       tm4c123gh6pm_startup_ccs.obj   12     620       0      
    +--+------------------------------+------+---------+---------+
       Total:                         1928   666       57     
                                                              
    C:/ti/TivaWare_C_Series-2.2.0.295/driverlib/ccs/Debug/driverlib.lib
       sysctl.obj                     658    108       0      
       gpio.obj                       604    144       0      
       adc.obj                        340    0         0      
       uart.obj                       122    0         0      
       pwm.obj                        110    0         0      
       qei.obj                        96     0         0      
    +--+------------------------------+------+---------+---------+
       Total:                         1930   252       0      
                                                              
    C:\ti\ccs1000\ccs\tools\compiler\ti-cgt-arm_20.2.4.LTS\lib\rtsv7M4_T_le_v4SPD16_eabi.lib
       memcpy_t2.asm.obj              156    0         0      
       copy_decompress_lzss.c.obj     104    0         0      
       autoinit.c.obj                 68     0         0      
       u_divt2.asm.obj                64     0         0      
       boot_cortex_m.c.obj            52     0         0      
       copy_zero_init.c.obj           28     0         0      
       copy_decompress_none.c.obj     14     0         0      
       exit.c.obj                     4      0         0      
       pre_init.c.obj                 4      0         0      
       div0.asm.obj                   2      0         0      
    +--+------------------------------+------+---------+---------+
       Total:                         496    0         0      
                                                              
       Stack:                         0      0         512    
       Linker Generated:              0      51        0      
    +--+------------------------------+------+---------+---------+
       Grand Total:                   4354   969       569    


LINKER GENERATED COPY TABLES

__TI_cinit_table @ 000014c8 records: 2, size/record: 8, table size: 16
	.data: load addr=000014a0, load size=0000000f bytes, run addr=20000200, run size=00000021 bytes, compression=lzss
	.bss: load addr=000014c0, load size=00000008 bytes, run addr=20000224, run size=00000018 bytes, compression=zero_init


LINKER GENERATED HANDLER TABLE

__TI_handler_table @ 000014b0 records: 3, size/record: 4, table size: 12
	index: 0, handler: __TI_decompress_lzss
	index: 1, handler: __TI_decompress_none
	index: 2, handler: __TI_zero_init


GLOBAL SYMBOLS: SORTED ALPHABETICALLY BY Name 

address   name                          
-------   ----                          
0000131f  ADCIntClear                   
0000129f  ADCIntEnable                  
000010e5  ADCIntStatus                  
000011f3  ADCProcessorTrigger           
00000edf  ADCSequenceConfigure          
00001181  ADCSequenceDataGet            
000012cf  ADCSequenceEnable             
00000dfd  ADCSequenceStepConfigure      
20000208  AL                            
20000210  BL                            
0000136d  C$$EXIT                       
20000224  COUNT                         
20000200  CPU_FREC                      
00001113  GPIODirModeSet                
000009e9  GPIOPadConfigSet              
00000f2d  GPIOPinConfigure              
0000120b  GPIOPinTypeADC                
000011d9  GPIOPinTypeGPIOOutput         
00001221  GPIOPinTypePWM                
00001237  GPIOPinTypeQEI                
0000124d  GPIOPinTypeUART               
00001351  GPIOPinWrite                  
2000020c  NA                            
20000214  NB                            
0000113f  PWMGenConfigure               
00001307  PWMGenEnable                  
000012af  PWMGenPeriodSet               
0000128d  PWMOutputState                
0000119f  PWMPulseWidthSet              
20000204  PWM_FREC                      
000012dd  QEIConfigure                  
000012eb  QEIDirectionGet               
00001329  QEIDisable                    
00001333  QEIEnable                     
0000133d  QEIIntDisable                 
0000135d  QEIPositionGet                
00001361  QEIPositionSet                
000012bf  QEIVelocityConfigure          
00001347  QEIVelocityEnable             
00001365  QEIVelocityGet                
00001313  ResetISR                      
00000b55  SysCtlClockGet                
00000c6d  SysCtlClockSet                
00001357  SysCtlDelay                   
00001265  SysCtlPWMClockSet             
0000107d  SysCtlPeripheralEnable        
00001045  SysCtlPeripheralReady         
00000f79  UARTConfigSetExpClk           
00001161  UARTDisable                   
00001279  UARTEnable                    
0000026d  UARTStdioConfig               
000003e5  UARTgetc                      
0000031f  UARTgets                      
00000713  UARTprintf                    
00000419  UARTvprintf                   
000002cd  UARTwrite                     
20000200  __STACK_END                   
00000200  __STACK_SIZE                  
20000200  __STACK_TOP                   
000014c8  __TI_CINIT_Base               
000014d8  __TI_CINIT_Limit              
000014b0  __TI_Handler_Table_Base       
000014bc  __TI_Handler_Table_Limit      
00000fc1  __TI_auto_init_nobinit_nopinit
00000e77  __TI_decompress_lzss          
000012f9  __TI_decompress_none          
ffffffff  __TI_pprof_out_hndl           
ffffffff  __TI_prof_data_size           
ffffffff  __TI_prof_data_start          
00000000  __TI_static_base__            
000011bd  __TI_zero_init_nomemset       
00000fbf  __aeabi_idiv0                 
00000fbf  __aeabi_ldiv0                 
00000d61  __aeabi_memcpy                
00000d61  __aeabi_memcpy4               
00000d61  __aeabi_memcpy8               
00001005  __aeabi_uidiv                 
00001005  __aeabi_uidivmod              
ffffffff  __binit__                     
ffffffff  __c_args__                    
UNDEFED   __mpu_init                    
20000000  __stack                       
20000000  __start___llvm_prf_cnts       
20000000  __stop___llvm_prf_cnts        
000010b1  _c_int00_noargs               
UNDEFED   _system_post_cinit            
00001369  _system_pre_init              
0000136d  abort                         
ffffffff  binit                         
20000218  contador                      
20000228  direccion                     
00000000  g_pfnVectors                  
00000749  main                          
00000d61  memcpy                        
2000022c  po                            
20000230  posicio                       
20000234  pwm_word                      
20000238  velocidad                     


GLOBAL SYMBOLS: SORTED BY Symbol Address 

address   name                          
-------   ----                          
00000000  __TI_static_base__            
00000000  g_pfnVectors                  
00000200  __STACK_SIZE                  
0000026d  UARTStdioConfig               
000002cd  UARTwrite                     
0000031f  UARTgets                      
000003e5  UARTgetc                      
00000419  UARTvprintf                   
00000713  UARTprintf                    
00000749  main                          
000009e9  GPIOPadConfigSet              
00000b55  SysCtlClockGet                
00000c6d  SysCtlClockSet                
00000d61  __aeabi_memcpy                
00000d61  __aeabi_memcpy4               
00000d61  __aeabi_memcpy8               
00000d61  memcpy                        
00000dfd  ADCSequenceStepConfigure      
00000e77  __TI_decompress_lzss          
00000edf  ADCSequenceConfigure          
00000f2d  GPIOPinConfigure              
00000f79  UARTConfigSetExpClk           
00000fbf  __aeabi_idiv0                 
00000fbf  __aeabi_ldiv0                 
00000fc1  __TI_auto_init_nobinit_nopinit
00001005  __aeabi_uidiv                 
00001005  __aeabi_uidivmod              
00001045  SysCtlPeripheralReady         
0000107d  SysCtlPeripheralEnable        
000010b1  _c_int00_noargs               
000010e5  ADCIntStatus                  
00001113  GPIODirModeSet                
0000113f  PWMGenConfigure               
00001161  UARTDisable                   
00001181  ADCSequenceDataGet            
0000119f  PWMPulseWidthSet              
000011bd  __TI_zero_init_nomemset       
000011d9  GPIOPinTypeGPIOOutput         
000011f3  ADCProcessorTrigger           
0000120b  GPIOPinTypeADC                
00001221  GPIOPinTypePWM                
00001237  GPIOPinTypeQEI                
0000124d  GPIOPinTypeUART               
00001265  SysCtlPWMClockSet             
00001279  UARTEnable                    
0000128d  PWMOutputState                
0000129f  ADCIntEnable                  
000012af  PWMGenPeriodSet               
000012bf  QEIVelocityConfigure          
000012cf  ADCSequenceEnable             
000012dd  QEIConfigure                  
000012eb  QEIDirectionGet               
000012f9  __TI_decompress_none          
00001307  PWMGenEnable                  
00001313  ResetISR                      
0000131f  ADCIntClear                   
00001329  QEIDisable                    
00001333  QEIEnable                     
0000133d  QEIIntDisable                 
00001347  QEIVelocityEnable             
00001351  GPIOPinWrite                  
00001357  SysCtlDelay                   
0000135d  QEIPositionGet                
00001361  QEIPositionSet                
00001365  QEIVelocityGet                
00001369  _system_pre_init              
0000136d  C$$EXIT                       
0000136d  abort                         
000014b0  __TI_Handler_Table_Base       
000014bc  __TI_Handler_Table_Limit      
000014c8  __TI_CINIT_Base               
000014d8  __TI_CINIT_Limit              
20000000  __stack                       
20000000  __start___llvm_prf_cnts       
20000000  __stop___llvm_prf_cnts        
20000200  CPU_FREC                      
20000200  __STACK_END                   
20000200  __STACK_TOP                   
20000204  PWM_FREC                      
20000208  AL                            
2000020c  NA                            
20000210  BL                            
20000214  NB                            
20000218  contador                      
20000224  COUNT                         
20000228  direccion                     
2000022c  po                            
20000230  posicio                       
20000234  pwm_word                      
20000238  velocidad                     
ffffffff  __TI_pprof_out_hndl           
ffffffff  __TI_prof_data_size           
ffffffff  __TI_prof_data_start          
ffffffff  __binit__                     
ffffffff  __c_args__                    
ffffffff  binit                         
UNDEFED   __mpu_init                    
UNDEFED   _system_post_cinit            

[98 symbols]
