******************************************************************************
                  TI ARM Linker PC v20.2.4                     
******************************************************************************
>> Linked Fri Jun  4 12:07:44 2021

OUTPUT FILE NAME:   <PWM.out>
ENTRY POINT SYMBOL: "_c_int00_noargs"  address: 000011ad


MEMORY CONFIGURATION

         name            origin    length      used     unused   attr    fill
----------------------  --------  ---------  --------  --------  ----  --------
  FLASH                 00000000   00040000  000015d0  0003ea30  R  X
  SRAM                  20000000   00008000  0000023d  00007dc3  RW X


SEGMENT ALLOCATION MAP

run origin  load origin   length   init length attrs members
----------  ----------- ---------- ----------- ----- -------
00000000    00000000    000015d0   000015d0    r-x
  00000000    00000000    0000026c   0000026c    r-- .intvecs
  0000026c    0000026c    00001200   00001200    r-x .text
  0000146c    0000146c    0000012c   0000012c    r-- .const
  00001598    00001598    00000038   00000038    r-- .cinit
20000000    20000000    00000240   00000000    rw-
  20000000    20000000    00000200   00000000    rw- .stack
  20000200    20000200    00000021   00000000    rw- .data
  20000224    20000224    0000001c   00000000    rw- .bss


SECTION ALLOCATION MAP

 output                                  attributes/
section   page    origin      length       input sections
--------  ----  ----------  ----------   ----------------
.intvecs   0    00000000    0000026c     
                  00000000    0000026c     tm4c123gh6pm_startup_ccs.obj (.intvecs)

.text      0    0000026c    00001200     
                  0000026c    000004dc     uartstdio.obj (.text)
                  00000748    0000039c     main.obj (.text)
                  00000ae4    0000016c     driverlib.lib : gpio.obj (.text:GPIOPadConfigSet)
                  00000c50    00000118                   : sysctl.obj (.text:SysCtlClockGet)
                  00000d68    000000f4                   : sysctl.obj (.text:SysCtlClockSet)
                  00000e5c    0000009c     rtsv7M4_T_le_v4SPD16_eabi.lib : memcpy_t2.asm.obj (.text)
                  00000ef8    0000007a     driverlib.lib : adc.obj (.text:ADCSequenceStepConfigure)
                  00000f72    00000068     rtsv7M4_T_le_v4SPD16_eabi.lib : copy_decompress_lzss.c.obj (.text:decompress:lzss:__TI_decompress_lzss)
                  00000fda    0000004e     driverlib.lib : adc.obj (.text:ADCSequenceConfigure)
                  00001028    0000004c                   : gpio.obj (.text:GPIOPinConfigure)
                  00001074    00000046                   : uart.obj (.text:UARTConfigSetExpClk)
                  000010ba    00000002     rtsv7M4_T_le_v4SPD16_eabi.lib : div0.asm.obj (.text)
                  000010bc    00000044                                   : autoinit.c.obj (.text:__TI_auto_init_nobinit_nopinit:__TI_auto_init_nobinit_nopinit)
                  00001100    00000040                                   : u_divt2.asm.obj (.text)
                  00001140    00000038     driverlib.lib : sysctl.obj (.text:SysCtlPeripheralReady)
                  00001178    00000034                   : sysctl.obj (.text:SysCtlPeripheralEnable)
                  000011ac    00000034     rtsv7M4_T_le_v4SPD16_eabi.lib : boot_cortex_m.c.obj (.text:_c_int00_noargs:_c_int00_noargs)
                  000011e0    0000002e     driverlib.lib : adc.obj (.text:ADCIntStatus)
                  0000120e    0000002c                   : gpio.obj (.text:GPIODirModeSet)
                  0000123a    00000022                   : pwm.obj (.text:PWMGenConfigure)
                  0000125c    00000020                   : uart.obj (.text:UARTDisable)
                  0000127c    0000001e                   : adc.obj (.text:ADCSequenceDataGet)
                  0000129a    0000001e                   : pwm.obj (.text:PWMPulseWidthSet)
                  000012b8    0000001c     rtsv7M4_T_le_v4SPD16_eabi.lib : copy_zero_init.c.obj (.text:decompress:ZI:__TI_zero_init_nomemset:__TI_zero_init_nomemset)
                  000012d4    0000001a     driverlib.lib : gpio.obj (.text:GPIOPinTypeGPIOOutput)
                  000012ee    00000018                   : adc.obj (.text:ADCProcessorTrigger)
                  00001306    00000016                   : gpio.obj (.text:GPIOPinTypeADC)
                  0000131c    00000016                   : gpio.obj (.text:GPIOPinTypePWM)
                  00001332    00000016                   : gpio.obj (.text:GPIOPinTypeQEI)
                  00001348    00000016                   : gpio.obj (.text:GPIOPinTypeUART)
                  0000135e    00000002     --HOLE-- [fill = 0]
                  00001360    00000014                   : sysctl.obj (.text:SysCtlPWMClockSet)
                  00001374    00000014                   : uart.obj (.text:UARTEnable)
                  00001388    00000012                   : pwm.obj (.text:PWMOutputState)
                  0000139a    00000010                   : adc.obj (.text:ADCIntEnable)
                  000013aa    00000010                   : pwm.obj (.text:PWMGenPeriodSet)
                  000013ba    00000010                   : qei.obj (.text:QEIVelocityConfigure)
                  000013ca    0000000e                   : adc.obj (.text:ADCSequenceEnable)
                  000013d8    0000000e                   : qei.obj (.text:QEIConfigure)
                  000013e6    0000000e                   : qei.obj (.text:QEIDirectionGet)
                  000013f4    0000000e     rtsv7M4_T_le_v4SPD16_eabi.lib : copy_decompress_none.c.obj (.text:decompress:none:__TI_decompress_none)
                  00001402    0000000c     driverlib.lib : pwm.obj (.text:PWMGenEnable)
                  0000140e    0000000c     tm4c123gh6pm_startup_ccs.obj (.text)
                  0000141a    0000000a     driverlib.lib : adc.obj (.text:ADCIntClear)
                  00001424    0000000a                   : qei.obj (.text:QEIDisable)
                  0000142e    0000000a                   : qei.obj (.text:QEIEnable)
                  00001438    0000000a                   : qei.obj (.text:QEIIntDisable)
                  00001442    0000000a                   : qei.obj (.text:QEIVelocityEnable)
                  0000144c    00000006                   : gpio.obj (.text:GPIOPinWrite)
                  00001452    00000006                   : sysctl.obj (.text:SysCtlDelay)
                  00001458    00000004                   : qei.obj (.text:QEIPositionGet)
                  0000145c    00000004                   : qei.obj (.text:QEIPositionSet)
                  00001460    00000004                   : qei.obj (.text:QEIVelocityGet)
                  00001464    00000004     rtsv7M4_T_le_v4SPD16_eabi.lib : pre_init.c.obj (.text:_system_pre_init)
                  00001468    00000004                                   : exit.c.obj (.text:abort:abort)

.const     0    0000146c    0000012c     
                  0000146c    00000090     driverlib.lib : gpio.obj (.const:g_pui32GPIOBaseAddrs)
                  000014fc    0000006c                   : sysctl.obj (.const:g_pui32Xtals)
                  00001568    00000012     uartstdio.obj (.const:.string)
                  0000157a    00000002     --HOLE-- [fill = 0]
                  0000157c    0000000c     uartstdio.obj (.const:g_ui32UARTBase)
                  00001588    0000000c     uartstdio.obj (.const:g_ui32UARTPeriph)
                  00001594    00000004     uartstdio.obj (.const)

.cinit     0    00001598    00000038     
                  00001598    0000000f     (.cinit..data.load) [load image, compression = lzss]
                  000015a7    00000001     --HOLE-- [fill = 0]
                  000015a8    0000000c     (__TI_handler_table)
                  000015b4    00000004     --HOLE-- [fill = 0]
                  000015b8    00000008     (.cinit..bss.load) [load image, compression = zero_init]
                  000015c0    00000010     (__TI_cinit_table)

.init_array 
*          0    00000000    00000000     UNINITIALIZED

.data      0    20000200    00000021     UNINITIALIZED
                  20000200    0000001c     main.obj (.data)
                  2000021c    00000005     uartstdio.obj (.data)

.bss       0    20000224    0000001c     UNINITIALIZED
                  20000224    00000004     (.common:COUNT)
                  20000228    00000004     (.common:direccion)
                  2000022c    00000004     (.common:giro)
                  20000230    00000004     (.common:po)
                  20000234    00000004     (.common:posicio)
                  20000238    00000004     (.common:pwm_word)
                  2000023c    00000004     (.common:velocidad)

.stack     0    20000000    00000200     UNINITIALIZED
                  20000000    00000004     rtsv7M4_T_le_v4SPD16_eabi.lib : boot_cortex_m.c.obj (.stack)
                  20000004    000001fc     --HOLE--

__llvm_prf_cnts 
*          0    20000000    00000000     UNINITIALIZED

MODULE SUMMARY

       Module                         code   ro data   rw data
       ------                         ----   -------   -------
    .\
       uartstdio.obj                  1244   46        5      
       main.obj                       924    0         56     
       tm4c123gh6pm_startup_ccs.obj   12     620       0      
    +--+------------------------------+------+---------+---------+
       Total:                         2180   666       61     
                                                              
    C:/ti/TivaWare_C_Series-2.2.0.295/driverlib/ccs/Debug/driverlib.lib
       sysctl.obj                     658    108       0      
       gpio.obj                       604    144       0      
       adc.obj                        340    0         0      
       uart.obj                       122    0         0      
       pwm.obj                        110    0         0      
       qei.obj                        96     0         0      
    +--+------------------------------+------+---------+---------+
       Total:                         1930   252       0      
                                                              
    C:\ti\ccs1000\ccs\tools\compiler\ti-cgt-arm_20.2.4.LTS\lib\rtsv7M4_T_le_v4SPD16_eabi.lib
       memcpy_t2.asm.obj              156    0         0      
       copy_decompress_lzss.c.obj     104    0         0      
       autoinit.c.obj                 68     0         0      
       u_divt2.asm.obj                64     0         0      
       boot_cortex_m.c.obj            52     0         0      
       copy_zero_init.c.obj           28     0         0      
       copy_decompress_none.c.obj     14     0         0      
       exit.c.obj                     4      0         0      
       pre_init.c.obj                 4      0         0      
       div0.asm.obj                   2      0         0      
    +--+------------------------------+------+---------+---------+
       Total:                         496    0         0      
                                                              
       Stack:                         0      0         512    
       Linker Generated:              0      51        0      
    +--+------------------------------+------+---------+---------+
       Grand Total:                   4606   969       573    


LINKER GENERATED COPY TABLES

__TI_cinit_table @ 000015c0 records: 2, size/record: 8, table size: 16
	.data: load addr=00001598, load size=0000000f bytes, run addr=20000200, run size=00000021 bytes, compression=lzss
	.bss: load addr=000015b8, load size=00000008 bytes, run addr=20000224, run size=0000001c bytes, compression=zero_init


LINKER GENERATED HANDLER TABLE

__TI_handler_table @ 000015a8 records: 3, size/record: 4, table size: 12
	index: 0, handler: __TI_decompress_lzss
	index: 1, handler: __TI_decompress_none
	index: 2, handler: __TI_zero_init


GLOBAL SYMBOLS: SORTED ALPHABETICALLY BY Name 

address   name                          
-------   ----                          
0000141b  ADCIntClear                   
0000139b  ADCIntEnable                  
000011e1  ADCIntStatus                  
000012ef  ADCProcessorTrigger           
00000fdb  ADCSequenceConfigure          
0000127d  ADCSequenceDataGet            
000013cb  ADCSequenceEnable             
00000ef9  ADCSequenceStepConfigure      
20000208  AL                            
20000210  BL                            
00001469  C$$EXIT                       
20000224  COUNT                         
20000200  CPU_FREC                      
0000120f  GPIODirModeSet                
00000ae5  GPIOPadConfigSet              
00001029  GPIOPinConfigure              
00001307  GPIOPinTypeADC                
000012d5  GPIOPinTypeGPIOOutput         
0000131d  GPIOPinTypePWM                
00001333  GPIOPinTypeQEI                
00001349  GPIOPinTypeUART               
0000144d  GPIOPinWrite                  
2000020c  NA                            
20000214  NB                            
0000123b  PWMGenConfigure               
00001403  PWMGenEnable                  
000013ab  PWMGenPeriodSet               
00001389  PWMOutputState                
0000129b  PWMPulseWidthSet              
20000204  PWM_FREC                      
000013d9  QEIConfigure                  
000013e7  QEIDirectionGet               
00001425  QEIDisable                    
0000142f  QEIEnable                     
00001439  QEIIntDisable                 
00001459  QEIPositionGet                
0000145d  QEIPositionSet                
000013bb  QEIVelocityConfigure          
00001443  QEIVelocityEnable             
00001461  QEIVelocityGet                
0000140f  ResetISR                      
00000c51  SysCtlClockGet                
00000d69  SysCtlClockSet                
00001453  SysCtlDelay                   
00001361  SysCtlPWMClockSet             
00001179  SysCtlPeripheralEnable        
00001141  SysCtlPeripheralReady         
00001075  UARTConfigSetExpClk           
0000125d  UARTDisable                   
00001375  UARTEnable                    
0000026d  UARTStdioConfig               
000003e5  UARTgetc                      
0000031f  UARTgets                      
00000713  UARTprintf                    
00000419  UARTvprintf                   
000002cd  UARTwrite                     
20000200  __STACK_END                   
00000200  __STACK_SIZE                  
20000200  __STACK_TOP                   
000015c0  __TI_CINIT_Base               
000015d0  __TI_CINIT_Limit              
000015a8  __TI_Handler_Table_Base       
000015b4  __TI_Handler_Table_Limit      
000010bd  __TI_auto_init_nobinit_nopinit
00000f73  __TI_decompress_lzss          
000013f5  __TI_decompress_none          
ffffffff  __TI_pprof_out_hndl           
ffffffff  __TI_prof_data_size           
ffffffff  __TI_prof_data_start          
00000000  __TI_static_base__            
000012b9  __TI_zero_init_nomemset       
000010bb  __aeabi_idiv0                 
000010bb  __aeabi_ldiv0                 
00000e5d  __aeabi_memcpy                
00000e5d  __aeabi_memcpy4               
00000e5d  __aeabi_memcpy8               
00001101  __aeabi_uidiv                 
00001101  __aeabi_uidivmod              
ffffffff  __binit__                     
ffffffff  __c_args__                    
UNDEFED   __mpu_init                    
20000000  __stack                       
20000000  __start___llvm_prf_cnts       
20000000  __stop___llvm_prf_cnts        
000011ad  _c_int00_noargs               
UNDEFED   _system_post_cinit            
00001465  _system_pre_init              
00001469  abort                         
ffffffff  binit                         
20000218  contador                      
20000228  direccion                     
00000000  g_pfnVectors                  
2000022c  giro                          
00000749  main                          
00000e5d  memcpy                        
20000230  po                            
20000234  posicio                       
20000238  pwm_word                      
2000023c  velocidad                     


GLOBAL SYMBOLS: SORTED BY Symbol Address 

address   name                          
-------   ----                          
00000000  __TI_static_base__            
00000000  g_pfnVectors                  
00000200  __STACK_SIZE                  
0000026d  UARTStdioConfig               
000002cd  UARTwrite                     
0000031f  UARTgets                      
000003e5  UARTgetc                      
00000419  UARTvprintf                   
00000713  UARTprintf                    
00000749  main                          
00000ae5  GPIOPadConfigSet              
00000c51  SysCtlClockGet                
00000d69  SysCtlClockSet                
00000e5d  __aeabi_memcpy                
00000e5d  __aeabi_memcpy4               
00000e5d  __aeabi_memcpy8               
00000e5d  memcpy                        
00000ef9  ADCSequenceStepConfigure      
00000f73  __TI_decompress_lzss          
00000fdb  ADCSequenceConfigure          
00001029  GPIOPinConfigure              
00001075  UARTConfigSetExpClk           
000010bb  __aeabi_idiv0                 
000010bb  __aeabi_ldiv0                 
000010bd  __TI_auto_init_nobinit_nopinit
00001101  __aeabi_uidiv                 
00001101  __aeabi_uidivmod              
00001141  SysCtlPeripheralReady         
00001179  SysCtlPeripheralEnable        
000011ad  _c_int00_noargs               
000011e1  ADCIntStatus                  
0000120f  GPIODirModeSet                
0000123b  PWMGenConfigure               
0000125d  UARTDisable                   
0000127d  ADCSequenceDataGet            
0000129b  PWMPulseWidthSet              
000012b9  __TI_zero_init_nomemset       
000012d5  GPIOPinTypeGPIOOutput         
000012ef  ADCProcessorTrigger           
00001307  GPIOPinTypeADC                
0000131d  GPIOPinTypePWM                
00001333  GPIOPinTypeQEI                
00001349  GPIOPinTypeUART               
00001361  SysCtlPWMClockSet             
00001375  UARTEnable                    
00001389  PWMOutputState                
0000139b  ADCIntEnable                  
000013ab  PWMGenPeriodSet               
000013bb  QEIVelocityConfigure          
000013cb  ADCSequenceEnable             
000013d9  QEIConfigure                  
000013e7  QEIDirectionGet               
000013f5  __TI_decompress_none          
00001403  PWMGenEnable                  
0000140f  ResetISR                      
0000141b  ADCIntClear                   
00001425  QEIDisable                    
0000142f  QEIEnable                     
00001439  QEIIntDisable                 
00001443  QEIVelocityEnable             
0000144d  GPIOPinWrite                  
00001453  SysCtlDelay                   
00001459  QEIPositionGet                
0000145d  QEIPositionSet                
00001461  QEIVelocityGet                
00001465  _system_pre_init              
00001469  C$$EXIT                       
00001469  abort                         
000015a8  __TI_Handler_Table_Base       
000015b4  __TI_Handler_Table_Limit      
000015c0  __TI_CINIT_Base               
000015d0  __TI_CINIT_Limit              
20000000  __stack                       
20000000  __start___llvm_prf_cnts       
20000000  __stop___llvm_prf_cnts        
20000200  CPU_FREC                      
20000200  __STACK_END                   
20000200  __STACK_TOP                   
20000204  PWM_FREC                      
20000208  AL                            
2000020c  NA                            
20000210  BL                            
20000214  NB                            
20000218  contador                      
20000224  COUNT                         
20000228  direccion                     
2000022c  giro                          
20000230  po                            
20000234  posicio                       
20000238  pwm_word                      
2000023c  velocidad                     
ffffffff  __TI_pprof_out_hndl           
ffffffff  __TI_prof_data_size           
ffffffff  __TI_prof_data_start          
ffffffff  __binit__                     
ffffffff  __c_args__                    
ffffffff  binit                         
UNDEFED   __mpu_init                    
UNDEFED   _system_post_cinit            

[99 symbols]
