******************************************************************************
                  TI ARM Linker PC v20.2.4                     
******************************************************************************
>> Linked Wed May 26 01:04:11 2021

OUTPUT FILE NAME:   <PWM.out>
ENTRY POINT SYMBOL: "_c_int00_noargs"  address: 000011ed


MEMORY CONFIGURATION

         name            origin    length      used     unused   attr    fill
----------------------  --------  ---------  --------  --------  ----  --------
  FLASH                 00000000   00040000  000017a4  0003e85c  R  X
  SRAM                  20000000   00008000  0000049d  00007b63  RW X


SEGMENT ALLOCATION MAP

run origin  load origin   length   init length attrs members
----------  ----------- ---------- ----------- ----- -------
00000000    00000000    000017a8   000017a8    r-x
  00000000    00000000    0000026c   0000026c    r-- .intvecs
  0000026c    0000026c    00001218   00001218    r-x .text
  00001484    00001484    000002d8   000002d8    r-- .const
  00001760    00001760    00000048   00000048    r-- .cinit
20000000    20000000    000004a4   00000000    rw-
  20000000    20000000    0000026c   00000000    rw- .vtable
  20000270    20000270    00000200   00000000    rw- .stack
  20000470    20000470    0000001d   00000000    rw- .data
  20000490    20000490    00000014   00000000    rw- .bss


SECTION ALLOCATION MAP

 output                                  attributes/
section   page    origin      length       input sections
--------  ----  ----------  ----------   ----------------
.intvecs   0    00000000    0000026c     
                  00000000    0000026c     tm4c123gh6pm_startup_ccs.obj (.intvecs)

.text      0    0000026c    00001218     
                  0000026c    000004dc     uartstdio.obj (.text)
                  00000748    000002a0     main.obj (.text)
                  000009e8    0000016c     driverlib.lib : gpio.obj (.text:GPIOPadConfigSet)
                  00000b54    00000118                   : sysctl.obj (.text:SysCtlClockGet)
                  00000c6c    000000f4                   : sysctl.obj (.text:SysCtlClockSet)
                  00000d60    0000009c     rtsv7M4_T_le_v4SPD16_eabi.lib : memcpy_t2.asm.obj (.text)
                  00000dfc    0000007a     driverlib.lib : adc.obj (.text:ADCSequenceStepConfigure)
                  00000e76    00000002     rtsv7M4_T_le_v4SPD16_eabi.lib : div0.asm.obj (.text)
                  00000e78    00000068     driverlib.lib : interrupt.obj (.text:IntEnable)
                  00000ee0    00000068     rtsv7M4_T_le_v4SPD16_eabi.lib : copy_decompress_lzss.c.obj (.text:decompress:lzss:__TI_decompress_lzss)
                  00000f48    00000058     driverlib.lib : gpio.obj (.text:GPIOIntTypeSet)
                  00000fa0    0000004e                   : adc.obj (.text:ADCSequenceConfigure)
                  00000fee    00000002     --HOLE-- [fill = 0]
                  00000ff0    0000004c                   : gpio.obj (.text:GPIOPinConfigure)
                  0000103c    00000046                   : uart.obj (.text:UARTConfigSetExpClk)
                  00001082    00000002     --HOLE-- [fill = 0]
                  00001084    00000044                   : gpio.obj (.text:_GPIOIntNumberGet)
                  000010c8    00000044     rtsv7M4_T_le_v4SPD16_eabi.lib : autoinit.c.obj (.text:__TI_auto_init_nobinit_nopinit:__TI_auto_init_nobinit_nopinit)
                  0000110c    00000040                                   : u_divt2.asm.obj (.text)
                  0000114c    00000038     driverlib.lib : sysctl.obj (.text:SysCtlPeripheralReady)
                  00001184    00000034                   : interrupt.obj (.text:IntRegister)
                  000011b8    00000034                   : sysctl.obj (.text:SysCtlPeripheralEnable)
                  000011ec    00000034     rtsv7M4_T_le_v4SPD16_eabi.lib : boot_cortex_m.c.obj (.text:_c_int00_noargs:_c_int00_noargs)
                  00001220    0000002e     driverlib.lib : adc.obj (.text:ADCIntStatus)
                  0000124e    0000002c                   : gpio.obj (.text:GPIODirModeSet)
                  0000127a    00000022                   : pwm.obj (.text:PWMGenConfigure)
                  0000129c    00000020                   : uart.obj (.text:UARTDisable)
                  000012bc    0000001e                   : adc.obj (.text:ADCSequenceDataGet)
                  000012da    0000001e                   : pwm.obj (.text:PWMPulseWidthSet)
                  000012f8    0000001c     rtsv7M4_T_le_v4SPD16_eabi.lib : copy_zero_init.c.obj (.text:decompress:ZI:__TI_zero_init_nomemset:__TI_zero_init_nomemset)
                  00001314    00000018     driverlib.lib : adc.obj (.text:ADCProcessorTrigger)
                  0000132c    00000018                   : gpio.obj (.text:GPIOIntRegister)
                  00001344    00000016                   : gpio.obj (.text:GPIOPinTypeADC)
                  0000135a    00000016                   : gpio.obj (.text:GPIOPinTypeGPIOInput)
                  00001370    00000016                   : gpio.obj (.text:GPIOPinTypePWM)
                  00001386    00000016                   : gpio.obj (.text:GPIOPinTypeUART)
                  0000139c    00000014                   : sysctl.obj (.text:SysCtlPWMClockSet)
                  000013b0    00000014                   : uart.obj (.text:UARTEnable)
                  000013c4    00000012                   : pwm.obj (.text:PWMOutputState)
                  000013d6    00000010                   : adc.obj (.text:ADCIntEnable)
                  000013e6    00000010                   : interrupt.obj (.text:IntMasterEnable)
                  000013f6    00000010                   : pwm.obj (.text:PWMGenPeriodSet)
                  00001406    0000000e                   : adc.obj (.text:ADCSequenceEnable)
                  00001414    0000000e                   : gpio.obj (.text:GPIOIntStatus)
                  00001422    0000000e     rtsv7M4_T_le_v4SPD16_eabi.lib : copy_decompress_none.c.obj (.text:decompress:none:__TI_decompress_none)
                  00001430    0000000c     driverlib.lib : cpu.obj (.text:CPUcpsie)
                  0000143c    0000000c                   : gpio.obj (.text:GPIOIntEnable)
                  00001448    0000000c                   : pwm.obj (.text:PWMGenEnable)
                  00001454    0000000c     tm4c123gh6pm_startup_ccs.obj (.text)
                  00001460    0000000a     driverlib.lib : adc.obj (.text:ADCIntClear)
                  0000146a    00000006                   : gpio.obj (.text:GPIOIntClear)
                  00001470    00000006                   : gpio.obj (.text:GPIOPinRead)
                  00001476    00000006                   : sysctl.obj (.text:SysCtlDelay)
                  0000147c    00000004     rtsv7M4_T_le_v4SPD16_eabi.lib : pre_init.c.obj (.text:_system_pre_init)
                  00001480    00000004                                   : exit.c.obj (.text:abort:abort)

.const     0    00001484    000002d8     
                  00001484    000000d8     driverlib.lib : gpio.obj (.const:g_ppui32GPIOIntMapSnowflake)
                  0000155c    000000c0                   : gpio.obj (.const:g_ppui32GPIOIntMapBlizzard)
                  0000161c    00000090                   : gpio.obj (.const:g_pui32GPIOBaseAddrs)
                  000016ac    0000006c                   : sysctl.obj (.const:g_pui32Xtals)
                  00001718    00000014                   : interrupt.obj (.const:g_pui32EnRegs)
                  0000172c    00000012     uartstdio.obj (.const:.string)
                  0000173e    00000002     --HOLE-- [fill = 0]
                  00001740    0000000c     uartstdio.obj (.const:g_ui32UARTBase)
                  0000174c    0000000c     uartstdio.obj (.const:g_ui32UARTPeriph)
                  00001758    00000004     uartstdio.obj (.const)

.cinit     0    00001760    00000048     
                  00001760    0000000f     (.cinit..data.load) [load image, compression = lzss]
                  0000176f    00000001     --HOLE-- [fill = 0]
                  00001770    0000000c     (__TI_handler_table)
                  0000177c    00000004     --HOLE-- [fill = 0]
                  00001780    00000008     (.cinit..bss.load) [load image, compression = zero_init]
                  00001788    00000008     (.cinit..vtable.load) [load image, compression = zero_init]
                  00001790    00000018     (__TI_cinit_table)

.init_array 
*          0    00000000    00000000     UNINITIALIZED

.vtable    0    20000000    0000026c     UNINITIALIZED
                  20000000    0000026c     driverlib.lib : interrupt.obj (.vtable)

.data      0    20000470    0000001d     UNINITIALIZED
                  20000470    00000018     main.obj (.data)
                  20000488    00000005     uartstdio.obj (.data)

.bss       0    20000490    00000014     UNINITIALIZED
                  20000490    00000004     (.common:A)
                  20000494    00000004     (.common:B)
                  20000498    00000004     (.common:COUNT)
                  2000049c    00000004     (.common:posicion)
                  200004a0    00000004     (.common:pwm_word)

.stack     0    20000270    00000200     UNINITIALIZED
                  20000270    00000004     rtsv7M4_T_le_v4SPD16_eabi.lib : boot_cortex_m.c.obj (.stack)
                  20000274    000001fc     --HOLE--

__llvm_prf_cnts 
*          0    20000000    00000000     UNINITIALIZED

MODULE SUMMARY

       Module                         code   ro data   rw data
       ------                         ----   -------   -------
    .\
       uartstdio.obj                  1244   46        5      
       main.obj                       672    0         44     
       tm4c123gh6pm_startup_ccs.obj   12     620       0      
    +--+------------------------------+------+---------+---------+
       Total:                         1928   666       49     
                                                              
    C:/ti/TivaWare_C_Series-2.2.0.295/driverlib/ccs/Debug/driverlib.lib
       gpio.obj                       790    552       0      
       interrupt.obj                  172    20        620    
       sysctl.obj                     658    108       0      
       adc.obj                        340    0         0      
       uart.obj                       122    0         0      
       pwm.obj                        110    0         0      
       cpu.obj                        12     0         0      
    +--+------------------------------+------+---------+---------+
       Total:                         2204   680       620    
                                                              
    C:\ti\ccs1000\ccs\tools\compiler\ti-cgt-arm_20.2.4.LTS\lib\rtsv7M4_T_le_v4SPD16_eabi.lib
       memcpy_t2.asm.obj              156    0         0      
       copy_decompress_lzss.c.obj     104    0         0      
       autoinit.c.obj                 68     0         0      
       u_divt2.asm.obj                64     0         0      
       boot_cortex_m.c.obj            52     0         0      
       copy_zero_init.c.obj           28     0         0      
       copy_decompress_none.c.obj     14     0         0      
       exit.c.obj                     4      0         0      
       pre_init.c.obj                 4      0         0      
       div0.asm.obj                   2      0         0      
    +--+------------------------------+------+---------+---------+
       Total:                         496    0         0      
                                                              
       Stack:                         0      0         512    
       Linker Generated:              0      67        0      
    +--+------------------------------+------+---------+---------+
       Grand Total:                   4628   1413      1181   


LINKER GENERATED COPY TABLES

__TI_cinit_table @ 00001790 records: 3, size/record: 8, table size: 24
	.data: load addr=00001760, load size=0000000f bytes, run addr=20000470, run size=0000001d bytes, compression=lzss
	.bss: load addr=00001780, load size=00000008 bytes, run addr=20000490, run size=00000014 bytes, compression=zero_init
	.vtable: load addr=00001788, load size=00000008 bytes, run addr=20000000, run size=0000026c bytes, compression=zero_init


LINKER GENERATED HANDLER TABLE

__TI_handler_table @ 00001770 records: 3, size/record: 4, table size: 12
	index: 0, handler: __TI_zero_init
	index: 1, handler: __TI_decompress_lzss
	index: 2, handler: __TI_decompress_none


GLOBAL SYMBOLS: SORTED ALPHABETICALLY BY Name 

address   name                          
-------   ----                          
20000490  A                             
00001461  ADCIntClear                   
000013d7  ADCIntEnable                  
00001221  ADCIntStatus                  
00001315  ADCProcessorTrigger           
00000fa1  ADCSequenceConfigure          
000012bd  ADCSequenceDataGet            
00001407  ADCSequenceEnable             
00000dfd  ADCSequenceStepConfigure      
20000478  AL                            
20000494  B                             
20000480  BL                            
00001481  C$$EXIT                       
20000498  COUNT                         
20000470  CPU_FREC                      
00001431  CPUcpsie                      
0000124f  GPIODirModeSet                
0000146b  GPIOIntClear                  
0000143d  GPIOIntEnable                 
0000132d  GPIOIntRegister               
00001415  GPIOIntStatus                 
00000f49  GPIOIntTypeSet                
000009e9  GPIOPadConfigSet              
00000ff1  GPIOPinConfigure              
00001471  GPIOPinRead                   
00001345  GPIOPinTypeADC                
0000135b  GPIOPinTypeGPIOInput          
00001371  GPIOPinTypePWM                
00001387  GPIOPinTypeUART               
00000e79  IntEnable                     
000013e7  IntMasterEnable               
00001185  IntRegister                   
2000047c  NA                            
20000484  NB                            
00000749  PORTFHandler                  
0000127b  PWMGenConfigure               
00001449  PWMGenEnable                  
000013f7  PWMGenPeriodSet               
000013c5  PWMOutputState                
000012db  PWMPulseWidthSet              
20000474  PWM_FREC                      
00001455  ResetISR                      
00000b55  SysCtlClockGet                
00000c6d  SysCtlClockSet                
00001477  SysCtlDelay                   
0000139d  SysCtlPWMClockSet             
000011b9  SysCtlPeripheralEnable        
0000114d  SysCtlPeripheralReady         
0000103d  UARTConfigSetExpClk           
0000129d  UARTDisable                   
000013b1  UARTEnable                    
0000026d  UARTStdioConfig               
000003e5  UARTgetc                      
0000031f  UARTgets                      
00000713  UARTprintf                    
00000419  UARTvprintf                   
000002cd  UARTwrite                     
20000470  __STACK_END                   
00000200  __STACK_SIZE                  
20000470  __STACK_TOP                   
00001790  __TI_CINIT_Base               
000017a8  __TI_CINIT_Limit              
00001770  __TI_Handler_Table_Base       
0000177c  __TI_Handler_Table_Limit      
000010c9  __TI_auto_init_nobinit_nopinit
00000ee1  __TI_decompress_lzss          
00001423  __TI_decompress_none          
ffffffff  __TI_pprof_out_hndl           
ffffffff  __TI_prof_data_size           
ffffffff  __TI_prof_data_start          
00000000  __TI_static_base__            
000012f9  __TI_zero_init_nomemset       
00000e77  __aeabi_idiv0                 
00000e77  __aeabi_ldiv0                 
00000d61  __aeabi_memcpy                
00000d61  __aeabi_memcpy4               
00000d61  __aeabi_memcpy8               
0000110d  __aeabi_uidiv                 
0000110d  __aeabi_uidivmod              
ffffffff  __binit__                     
ffffffff  __c_args__                    
UNDEFED   __mpu_init                    
20000270  __stack                       
20000000  __start___llvm_prf_cnts       
20000000  __stop___llvm_prf_cnts        
000011ed  _c_int00_noargs               
UNDEFED   _system_post_cinit            
0000147d  _system_pre_init              
00001481  abort                         
ffffffff  binit                         
20000000  g_pfnRAMVectors               
00000000  g_pfnVectors                  
000007a3  main                          
00000d61  memcpy                        
2000049c  posicion                      
200004a0  pwm_word                      


GLOBAL SYMBOLS: SORTED BY Symbol Address 

address   name                          
-------   ----                          
00000000  __TI_static_base__            
00000000  g_pfnVectors                  
00000200  __STACK_SIZE                  
0000026d  UARTStdioConfig               
000002cd  UARTwrite                     
0000031f  UARTgets                      
000003e5  UARTgetc                      
00000419  UARTvprintf                   
00000713  UARTprintf                    
00000749  PORTFHandler                  
000007a3  main                          
000009e9  GPIOPadConfigSet              
00000b55  SysCtlClockGet                
00000c6d  SysCtlClockSet                
00000d61  __aeabi_memcpy                
00000d61  __aeabi_memcpy4               
00000d61  __aeabi_memcpy8               
00000d61  memcpy                        
00000dfd  ADCSequenceStepConfigure      
00000e77  __aeabi_idiv0                 
00000e77  __aeabi_ldiv0                 
00000e79  IntEnable                     
00000ee1  __TI_decompress_lzss          
00000f49  GPIOIntTypeSet                
00000fa1  ADCSequenceConfigure          
00000ff1  GPIOPinConfigure              
0000103d  UARTConfigSetExpClk           
000010c9  __TI_auto_init_nobinit_nopinit
0000110d  __aeabi_uidiv                 
0000110d  __aeabi_uidivmod              
0000114d  SysCtlPeripheralReady         
00001185  IntRegister                   
000011b9  SysCtlPeripheralEnable        
000011ed  _c_int00_noargs               
00001221  ADCIntStatus                  
0000124f  GPIODirModeSet                
0000127b  PWMGenConfigure               
0000129d  UARTDisable                   
000012bd  ADCSequenceDataGet            
000012db  PWMPulseWidthSet              
000012f9  __TI_zero_init_nomemset       
00001315  ADCProcessorTrigger           
0000132d  GPIOIntRegister               
00001345  GPIOPinTypeADC                
0000135b  GPIOPinTypeGPIOInput          
00001371  GPIOPinTypePWM                
00001387  GPIOPinTypeUART               
0000139d  SysCtlPWMClockSet             
000013b1  UARTEnable                    
000013c5  PWMOutputState                
000013d7  ADCIntEnable                  
000013e7  IntMasterEnable               
000013f7  PWMGenPeriodSet               
00001407  ADCSequenceEnable             
00001415  GPIOIntStatus                 
00001423  __TI_decompress_none          
00001431  CPUcpsie                      
0000143d  GPIOIntEnable                 
00001449  PWMGenEnable                  
00001455  ResetISR                      
00001461  ADCIntClear                   
0000146b  GPIOIntClear                  
00001471  GPIOPinRead                   
00001477  SysCtlDelay                   
0000147d  _system_pre_init              
00001481  C$$EXIT                       
00001481  abort                         
00001770  __TI_Handler_Table_Base       
0000177c  __TI_Handler_Table_Limit      
00001790  __TI_CINIT_Base               
000017a8  __TI_CINIT_Limit              
20000000  __start___llvm_prf_cnts       
20000000  __stop___llvm_prf_cnts        
20000000  g_pfnRAMVectors               
20000270  __stack                       
20000470  CPU_FREC                      
20000470  __STACK_END                   
20000470  __STACK_TOP                   
20000474  PWM_FREC                      
20000478  AL                            
2000047c  NA                            
20000480  BL                            
20000484  NB                            
20000490  A                             
20000494  B                             
20000498  COUNT                         
2000049c  posicion                      
200004a0  pwm_word                      
ffffffff  __TI_pprof_out_hndl           
ffffffff  __TI_prof_data_size           
ffffffff  __TI_prof_data_start          
ffffffff  __binit__                     
ffffffff  __c_args__                    
ffffffff  binit                         
UNDEFED   __mpu_init                    
UNDEFED   _system_post_cinit            

[96 symbols]
