******************************************************************************
                  TI ARM Linker PC v20.2.4                     
******************************************************************************
>> Linked Thu Sep  9 21:15:46 2021

OUTPUT FILE NAME:   <COMUNICACION_UART.out>
ENTRY POINT SYMBOL: "_c_int00_noargs"  address: 00001841


MEMORY CONFIGURATION

         name            origin    length      used     unused   attr    fill
----------------------  --------  ---------  --------  --------  ----  --------
  FLASH                 00000000   00040000  00001d72  0003e28e  R  X
  SRAM                  20000000   00008000  0000025d  00007da3  RW X


SEGMENT ALLOCATION MAP

run origin  load origin   length   init length attrs members
----------  ----------- ---------- ----------- ----- -------
00000000    00000000    00001d78   00001d78    r-x
  00000000    00000000    0000026c   0000026c    r-- .intvecs
  0000026c    0000026c    0000193a   0000193a    r-x .text
  00001ba8    00001ba8    0000019c   0000019c    r-- .const
  00001d48    00001d48    00000030   00000030    r-- .cinit
20000000    20000000    00000260   00000000    rw-
  20000000    20000000    00000200   00000000    rw- .stack
  20000200    20000200    00000051   00000000    rw- .bss
  20000254    20000254    0000000c   00000000    rw- .data


SECTION ALLOCATION MAP

 output                                  attributes/
section   page    origin      length       input sections
--------  ----  ----------  ----------   ----------------
.intvecs   0    00000000    0000026c     
                  00000000    0000026c     tm4c123gh6pm_startup_ccs.obj (.intvecs)

.text      0    0000026c    0000193a     
                  0000026c    00000808     main.obj (.text)
                  00000a74    000004dc     uartstdio.obj (.text)
                  00000f50    00000136     rtsv7M4_T_le_v4SPD16_eabi.lib : fd_div_t2.asm.obj (.text)
                  00001086    00000132     driverlib.lib : gpio.obj (.text:GPIOPadConfigSet)
                  000011b8    00000110                   : sysctl.obj (.text:SysCtlClockGet)
                  000012c8    000000f4                   : sysctl.obj (.text:SysCtlClockSet)
                  000013bc    0000009c     rtsv7M4_T_le_v4SPD16_eabi.lib : memcpy_t2.asm.obj (.text)
                  00001458    0000007a     driverlib.lib : adc.obj (.text:ADCSequenceStepConfigure)
                  000014d2    0000006e     rtsv7M4_T_le_v4SPD16_eabi.lib : fd_tos_t2.asm.obj (.text)
                  00001540    00000068     driverlib.lib : interrupt.obj (.text:IntEnable)
                  000015a8    00000068     rtsv7M4_T_le_v4SPD16_eabi.lib : copy_decompress_lzss.c.obj (.text:decompress:lzss:__TI_decompress_lzss)
                  00001610    00000060     driverlib.lib : timer.obj (.text:TimerConfigure)
                  00001670    00000050                   : adc.obj (.text:ADCSequenceConfigure)
                  000016c0    00000048                   : gpio.obj (.text:GPIOPinConfigure)
                  00001708    00000046                   : uart.obj (.text:UARTConfigSetExpClk)
                  0000174e    00000002     rtsv7M4_T_le_v4SPD16_eabi.lib : div0.asm.obj (.text)
                  00001750    00000044                                   : autoinit.c.obj (.text:__TI_auto_init_nobinit_nopinit:__TI_auto_init_nobinit_nopinit)
                  00001794    00000040                                   : u_divt2.asm.obj (.text)
                  000017d4    00000038     driverlib.lib : sysctl.obj (.text:SysCtlPeripheralReady)
                  0000180c    00000034                   : sysctl.obj (.text:SysCtlPeripheralEnable)
                  00001840    00000034     rtsv7M4_T_le_v4SPD16_eabi.lib : boot_cortex_m.c.obj (.text:_c_int00_noargs:_c_int00_noargs)
                  00001874    0000002e     driverlib.lib : adc.obj (.text:ADCIntStatus)
                  000018a2    0000002e     rtsv7M4_T_le_v4SPD16_eabi.lib : i_tofd_t2.asm.obj (.text)
                  000018d0    0000002a     driverlib.lib : gpio.obj (.text:GPIODirModeSet)
                  000018fa    00000022                   : pwm.obj (.text:PWMGenConfigure)
                  0000191c    00000020                   : uart.obj (.text:UARTDisable)
                  0000193c    00000020     rtsv7M4_T_le_v4SPD16_eabi.lib : u_tofd_t2.asm.obj (.text)
                  0000195c    0000001e     driverlib.lib : adc.obj (.text:ADCSequenceDataGet)
                  0000197a    0000001e                   : pwm.obj (.text:PWMPulseWidthSet)
                  00001998    0000001c     rtsv7M4_T_le_v4SPD16_eabi.lib : copy_zero_init.c.obj (.text:decompress:ZI:__TI_zero_init_nomemset:__TI_zero_init_nomemset)
                  000019b4    00000018     driverlib.lib : adc.obj (.text:ADCProcessorTrigger)
                  000019cc    00000018                   : gpio.obj (.text:GPIOPinTypeGPIOOutput)
                  000019e4    00000014                   : sysctl.obj (.text:SysCtlPWMClockSet)
                  000019f8    00000014                   : uart.obj (.text:UARTEnable)
                  00001a0c    00000012                   : gpio.obj (.text:GPIOPinTypeADC)
                  00001a1e    00000012                   : gpio.obj (.text:GPIOPinTypePWM)
                  00001a30    00000012                   : gpio.obj (.text:GPIOPinTypeQEI)
                  00001a42    00000012                   : gpio.obj (.text:GPIOPinTypeUART)
                  00001a54    00000012                   : pwm.obj (.text:PWMOutputState)
                  00001a66    00000012                   : timer.obj (.text:TimerLoadSet)
                  00001a78    00000010                   : adc.obj (.text:ADCIntEnable)
                  00001a88    00000010                   : interrupt.obj (.text:IntMasterEnable)
                  00001a98    00000010                   : pwm.obj (.text:PWMGenPeriodSet)
                  00001aa8    00000010                   : qei.obj (.text:QEIVelocityConfigure)
                  00001ab8    0000000e                   : adc.obj (.text:ADCSequenceEnable)
                  00001ac6    0000000e                   : qei.obj (.text:QEIConfigure)
                  00001ad4    0000000e                   : qei.obj (.text:QEIDirectionGet)
                  00001ae2    0000000e                   : timer.obj (.text:TimerEnable)
                  00001af0    0000000e     rtsv7M4_T_le_v4SPD16_eabi.lib : copy_decompress_none.c.obj (.text:decompress:none:__TI_decompress_none)
                  00001afe    0000000c     driverlib.lib : cpu.obj (.text:CPUcpsie)
                  00001b0a    0000000c                   : pwm.obj (.text:PWMGenEnable)
                  00001b16    0000000c     tm4c123gh6pm_startup_ccs.obj (.text)
                  00001b22    0000000a     driverlib.lib : adc.obj (.text:ADCIntClear)
                  00001b2c    0000000a                   : qei.obj (.text:QEIDisable)
                  00001b36    0000000a                   : qei.obj (.text:QEIEnable)
                  00001b40    0000000a                   : qei.obj (.text:QEIIntDisable)
                  00001b4a    0000000a                   : qei.obj (.text:QEIVelocityEnable)
                  00001b54    0000000a                   : uart.obj (.text:UARTCharGet)
                  00001b5e    0000000a                   : uart.obj (.text:UARTCharPut)
                  00001b68    0000000a                   : uart.obj (.text:UARTIntStatus)
                  00001b72    00000008                   : timer.obj (.text:TimerIntEnable)
                  00001b7a    00000008                   : uart.obj (.text:UARTIntEnable)
                  00001b82    00000006                   : gpio.obj (.text:GPIOPinWrite)
                  00001b88    00000006                   : sysctl.obj (.text:SysCtlDelay)
                  00001b8e    00000004                   : qei.obj (.text:QEIPositionGet)
                  00001b92    00000004                   : qei.obj (.text:QEIPositionSet)
                  00001b96    00000004                   : timer.obj (.text:TimerIntClear)
                  00001b9a    00000004                   : uart.obj (.text:UARTIntClear)
                  00001b9e    00000004     rtsv7M4_T_le_v4SPD16_eabi.lib : pre_init.c.obj (.text:_system_pre_init)
                  00001ba2    00000004                                   : exit.c.obj (.text:abort:abort)

.const     0    00001ba8    0000019c     
                  00001ba8    00000090     driverlib.lib : gpio.obj (.const:g_pui32GPIOBaseAddrs)
                  00001c38    00000070                   : interrupt.obj (.const)
                  00001ca8    0000006c                   : sysctl.obj (.const:g_pui32Xtals)
                  00001d14    00000012     uartstdio.obj (.const:.string)
                  00001d26    00000002     --HOLE-- [fill = 0]
                  00001d28    0000000c     uartstdio.obj (.const:g_ui32UARTBase)
                  00001d34    0000000c     uartstdio.obj (.const:g_ui32UARTPeriph)
                  00001d40    00000004     uartstdio.obj (.const)

.cinit     0    00001d48    00000030     
                  00001d48    0000000c     (__TI_handler_table)
                  00001d54    0000000b     (.cinit..data.load) [load image, compression = lzss]
                  00001d5f    00000001     --HOLE-- [fill = 0]
                  00001d60    00000008     (.cinit..bss.load) [load image, compression = zero_init]
                  00001d68    00000010     (__TI_cinit_table)

.init_array 
*          0    00000000    00000000     UNINITIALIZED

.bss       0    20000200    00000051     UNINITIALIZED
                  20000200    00000010     (.common:out)
                  20000210    00000008     (.common:data)
                  20000218    00000004     (.common:COUNT)
                  2000021c    00000004     (.common:direccion)
                  20000220    00000004     (.common:fl)
                  20000224    00000004     (.common:left)
                  20000228    00000004     (.common:pt)
                  2000022c    00000004     (.common:pulso)
                  20000230    00000004     (.common:pwm_word)
                  20000234    00000004     (.common:ref)
                  20000238    00000004     (.common:ref11)
                  2000023c    00000004     (.common:right)
                  20000240    00000004     (.common:s)
                  20000244    00000004     (.common:serial)
                  20000248    00000004     (.common:update)
                  2000024c    00000004     (.common:velocidad)
                  20000250    00000001     (.common:n)

.data      0    20000254    0000000c     UNINITIALIZED
                  20000254    00000005     uartstdio.obj (.data)
                  20000259    00000003     --HOLE--
                  2000025c    00000004     main.obj (.data)

.stack     0    20000000    00000200     UNINITIALIZED
                  20000000    00000004     rtsv7M4_T_le_v4SPD16_eabi.lib : boot_cortex_m.c.obj (.stack)
                  20000004    000001fc     --HOLE--

__llvm_prf_cnts 
*          0    20000000    00000000     UNINITIALIZED

MODULE SUMMARY

       Module                         code   ro data   rw data
       ------                         ----   -------   -------
    .\
       main.obj                       2056   0         85     
       uartstdio.obj                  1244   46        5      
       tm4c123gh6pm_startup_ccs.obj   12     620       0      
    +--+------------------------------+------+---------+---------+
       Total:                         3312   666       90     
                                                              
    C:/ti/TivaWare_C_Series-2.1.4.178/driverlib/ccs/Debug/driverlib.lib
       sysctl.obj                     650    108       0      
       gpio.obj                       522    144       0      
       adc.obj                        342    0         0      
       interrupt.obj                  120    112       0      
       uart.obj                       164    0         0      
       timer.obj                      140    0         0      
       pwm.obj                        110    0         0      
       qei.obj                        92     0         0      
       cpu.obj                        12     0         0      
    +--+------------------------------+------+---------+---------+
       Total:                         2152   364       0      
                                                              
    C:\ti\ccs1000\ccs\tools\compiler\ti-cgt-arm_20.2.4.LTS\lib\rtsv7M4_T_le_v4SPD16_eabi.lib
       fd_div_t2.asm.obj              310    0         0      
       memcpy_t2.asm.obj              156    0         0      
       fd_tos_t2.asm.obj              110    0         0      
       copy_decompress_lzss.c.obj     104    0         0      
       autoinit.c.obj                 68     0         0      
       u_divt2.asm.obj                64     0         0      
       boot_cortex_m.c.obj            52     0         0      
       i_tofd_t2.asm.obj              46     0         0      
       u_tofd_t2.asm.obj              32     0         0      
       copy_zero_init.c.obj           28     0         0      
       copy_decompress_none.c.obj     14     0         0      
       exit.c.obj                     4      0         0      
       pre_init.c.obj                 4      0         0      
       div0.asm.obj                   2      0         0      
    +--+------------------------------+------+---------+---------+
       Total:                         994    0         0      
                                                              
       Stack:                         0      0         512    
       Linker Generated:              0      47        0      
    +--+------------------------------+------+---------+---------+
       Grand Total:                   6458   1077      602    


LINKER GENERATED COPY TABLES

__TI_cinit_table @ 00001d68 records: 2, size/record: 8, table size: 16
	.data: load addr=00001d54, load size=0000000b bytes, run addr=20000254, run size=0000000c bytes, compression=lzss
	.bss: load addr=00001d60, load size=00000008 bytes, run addr=20000200, run size=00000051 bytes, compression=zero_init


LINKER GENERATED HANDLER TABLE

__TI_handler_table @ 00001d48 records: 3, size/record: 4, table size: 12
	index: 0, handler: __TI_decompress_lzss
	index: 1, handler: __TI_decompress_none
	index: 2, handler: __TI_zero_init


GLOBAL SYMBOLS: SORTED ALPHABETICALLY BY Name 

address   name                          
-------   ----                          
00001b23  ADCIntClear                   
00001a79  ADCIntEnable                  
00001875  ADCIntStatus                  
000019b5  ADCProcessorTrigger           
00001671  ADCSequenceConfigure          
0000195d  ADCSequenceDataGet            
00001ab9  ADCSequenceEnable             
00001459  ADCSequenceStepConfigure      
00001ba3  C$$EXIT                       
20000218  COUNT                         
00001aff  CPUcpsie                      
000018d1  GPIODirModeSet                
00001087  GPIOPadConfigSet              
000016c1  GPIOPinConfigure              
00001a0d  GPIOPinTypeADC                
000019cd  GPIOPinTypeGPIOOutput         
00001a1f  GPIOPinTypePWM                
00001a31  GPIOPinTypeQEI                
00001a43  GPIOPinTypeUART               
00001b83  GPIOPinWrite                  
00001541  IntEnable                     
00001a89  IntMasterEnable               
000018fb  PWMGenConfigure               
00001b0b  PWMGenEnable                  
00001a99  PWMGenPeriodSet               
00001a55  PWMOutputState                
0000197b  PWMPulseWidthSet              
2000025c  PWM_FREC                      
00001ac7  QEIConfigure                  
00001ad5  QEIDirectionGet               
00001b2d  QEIDisable                    
00001b37  QEIEnable                     
00001b41  QEIIntDisable                 
00001b8f  QEIPositionGet                
00001b93  QEIPositionSet                
00001aa9  QEIVelocityConfigure          
00001b4b  QEIVelocityEnable             
00001b17  ResetISR                      
000011b9  SysCtlClockGet                
000012c9  SysCtlClockSet                
00001b89  SysCtlDelay                   
000019e5  SysCtlPWMClockSet             
0000180d  SysCtlPeripheralEnable        
000017d5  SysCtlPeripheralReady         
0000037d  Timer0IntHandler              
00001611  TimerConfigure                
00001ae3  TimerEnable                   
00001b97  TimerIntClear                 
00001b73  TimerIntEnable                
00001a67  TimerLoadSet                  
0000038f  UART0IntHandler               
00001b55  UARTCharGet                   
00001b5f  UARTCharPut                   
00001709  UARTConfigSetExpClk           
0000191d  UARTDisable                   
000019f9  UARTEnable                    
00001b9b  UARTIntClear                  
00001b7b  UARTIntEnable                 
00001b69  UARTIntStatus                 
00000a75  UARTStdioConfig               
00000bed  UARTgetc                      
00000b27  UARTgets                      
00000f1b  UARTprintf                    
00000c21  UARTvprintf                   
00000ad5  UARTwrite                     
20000200  __STACK_END                   
00000200  __STACK_SIZE                  
20000200  __STACK_TOP                   
00001d68  __TI_CINIT_Base               
00001d78  __TI_CINIT_Limit              
00001d48  __TI_Handler_Table_Base       
00001d54  __TI_Handler_Table_Limit      
00001751  __TI_auto_init_nobinit_nopinit
000015a9  __TI_decompress_lzss          
00001af1  __TI_decompress_none          
ffffffff  __TI_pprof_out_hndl           
ffffffff  __TI_prof_data_size           
ffffffff  __TI_prof_data_start          
00000000  __TI_static_base__            
00001999  __TI_zero_init_nomemset       
000014d3  __aeabi_d2f                   
00000f51  __aeabi_ddiv                  
000018a3  __aeabi_i2d                   
0000174f  __aeabi_idiv0                 
0000174f  __aeabi_ldiv0                 
000013bd  __aeabi_memcpy                
000013bd  __aeabi_memcpy4               
000013bd  __aeabi_memcpy8               
0000193d  __aeabi_ui2d                  
00001795  __aeabi_uidiv                 
00001795  __aeabi_uidivmod              
ffffffff  __binit__                     
ffffffff  __c_args__                    
UNDEFED   __mpu_init                    
20000000  __stack                       
20000000  __start___llvm_prf_cnts       
20000000  __stop___llvm_prf_cnts        
00001841  _c_int00_noargs               
UNDEFED   _system_post_cinit            
00001b9f  _system_pre_init              
00001ba3  abort                         
ffffffff  binit                         
000002c1  control_pid                   
20000210  data                          
2000021c  direccion                     
0000026d  filtrado                      
20000220  fl                            
00000000  g_pfnVectors                  
20000224  left                          
000003cd  main                          
000013bd  memcpy                        
20000250  n                             
20000200  out                           
20000228  pt                            
2000022c  pulso                         
20000230  pwm_word                      
20000234  ref                           
20000238  ref11                         
2000023c  right                         
20000240  s                             
20000244  serial                        
20000248  update                        
2000024c  velocidad                     


GLOBAL SYMBOLS: SORTED BY Symbol Address 

address   name                          
-------   ----                          
00000000  __TI_static_base__            
00000000  g_pfnVectors                  
00000200  __STACK_SIZE                  
0000026d  filtrado                      
000002c1  control_pid                   
0000037d  Timer0IntHandler              
0000038f  UART0IntHandler               
000003cd  main                          
00000a75  UARTStdioConfig               
00000ad5  UARTwrite                     
00000b27  UARTgets                      
00000bed  UARTgetc                      
00000c21  UARTvprintf                   
00000f1b  UARTprintf                    
00000f51  __aeabi_ddiv                  
00001087  GPIOPadConfigSet              
000011b9  SysCtlClockGet                
000012c9  SysCtlClockSet                
000013bd  __aeabi_memcpy                
000013bd  __aeabi_memcpy4               
000013bd  __aeabi_memcpy8               
000013bd  memcpy                        
00001459  ADCSequenceStepConfigure      
000014d3  __aeabi_d2f                   
00001541  IntEnable                     
000015a9  __TI_decompress_lzss          
00001611  TimerConfigure                
00001671  ADCSequenceConfigure          
000016c1  GPIOPinConfigure              
00001709  UARTConfigSetExpClk           
0000174f  __aeabi_idiv0                 
0000174f  __aeabi_ldiv0                 
00001751  __TI_auto_init_nobinit_nopinit
00001795  __aeabi_uidiv                 
00001795  __aeabi_uidivmod              
000017d5  SysCtlPeripheralReady         
0000180d  SysCtlPeripheralEnable        
00001841  _c_int00_noargs               
00001875  ADCIntStatus                  
000018a3  __aeabi_i2d                   
000018d1  GPIODirModeSet                
000018fb  PWMGenConfigure               
0000191d  UARTDisable                   
0000193d  __aeabi_ui2d                  
0000195d  ADCSequenceDataGet            
0000197b  PWMPulseWidthSet              
00001999  __TI_zero_init_nomemset       
000019b5  ADCProcessorTrigger           
000019cd  GPIOPinTypeGPIOOutput         
000019e5  SysCtlPWMClockSet             
000019f9  UARTEnable                    
00001a0d  GPIOPinTypeADC                
00001a1f  GPIOPinTypePWM                
00001a31  GPIOPinTypeQEI                
00001a43  GPIOPinTypeUART               
00001a55  PWMOutputState                
00001a67  TimerLoadSet                  
00001a79  ADCIntEnable                  
00001a89  IntMasterEnable               
00001a99  PWMGenPeriodSet               
00001aa9  QEIVelocityConfigure          
00001ab9  ADCSequenceEnable             
00001ac7  QEIConfigure                  
00001ad5  QEIDirectionGet               
00001ae3  TimerEnable                   
00001af1  __TI_decompress_none          
00001aff  CPUcpsie                      
00001b0b  PWMGenEnable                  
00001b17  ResetISR                      
00001b23  ADCIntClear                   
00001b2d  QEIDisable                    
00001b37  QEIEnable                     
00001b41  QEIIntDisable                 
00001b4b  QEIVelocityEnable             
00001b55  UARTCharGet                   
00001b5f  UARTCharPut                   
00001b69  UARTIntStatus                 
00001b73  TimerIntEnable                
00001b7b  UARTIntEnable                 
00001b83  GPIOPinWrite                  
00001b89  SysCtlDelay                   
00001b8f  QEIPositionGet                
00001b93  QEIPositionSet                
00001b97  TimerIntClear                 
00001b9b  UARTIntClear                  
00001b9f  _system_pre_init              
00001ba3  C$$EXIT                       
00001ba3  abort                         
00001d48  __TI_Handler_Table_Base       
00001d54  __TI_Handler_Table_Limit      
00001d68  __TI_CINIT_Base               
00001d78  __TI_CINIT_Limit              
20000000  __stack                       
20000000  __start___llvm_prf_cnts       
20000000  __stop___llvm_prf_cnts        
20000200  __STACK_END                   
20000200  __STACK_TOP                   
20000200  out                           
20000210  data                          
20000218  COUNT                         
2000021c  direccion                     
20000220  fl                            
20000224  left                          
20000228  pt                            
2000022c  pulso                         
20000230  pwm_word                      
20000234  ref                           
20000238  ref11                         
2000023c  right                         
20000240  s                             
20000244  serial                        
20000248  update                        
2000024c  velocidad                     
20000250  n                             
2000025c  PWM_FREC                      
ffffffff  __TI_pprof_out_hndl           
ffffffff  __TI_prof_data_size           
ffffffff  __TI_prof_data_start          
ffffffff  __binit__                     
ffffffff  __c_args__                    
ffffffff  binit                         
UNDEFED   __mpu_init                    
UNDEFED   _system_post_cinit            

[123 symbols]
