******************************************************************************
                  TI ARM Linker PC v20.2.4                     
******************************************************************************
>> Linked Wed Aug 25 20:49:01 2021

OUTPUT FILE NAME:   <COMUNICACION_UART.out>
ENTRY POINT SYMBOL: "_c_int00_noargs"  address: 000013e1


MEMORY CONFIGURATION

         name            origin    length      used     unused   attr    fill
----------------------  --------  ---------  --------  --------  ----  --------
  FLASH                 00000000   00040000  000017fe  0003e802  R  X
  SRAM                  20000000   00008000  0000024e  00007db2  RW X


SEGMENT ALLOCATION MAP

run origin  load origin   length   init length attrs members
----------  ----------- ---------- ----------- ----- -------
00000000    00000000    00001800   00001800    r-x
  00000000    00000000    0000026c   0000026c    r-- .intvecs
  0000026c    0000026c    0000142e   0000142e    r-x .text
  0000169c    0000169c    0000012c   0000012c    r-- .const
  000017c8    000017c8    00000038   00000038    r-- .cinit
20000000    20000000    00000251   00000000    rw-
  20000000    20000000    00000200   00000000    rw- .stack
  20000200    20000200    0000002d   00000000    rw- .bss
  20000230    20000230    00000021   00000000    rw- .data


SECTION ALLOCATION MAP

 output                                  attributes/
section   page    origin      length       input sections
--------  ----  ----------  ----------   ----------------
.intvecs   0    00000000    0000026c     
                  00000000    0000026c     tm4c123gh6pm_startup_ccs.obj (.intvecs)

.text      0    0000026c    0000142e     
                  0000026c    000004dc     uartstdio.obj (.text)
                  00000748    00000470     main.obj (.text)
                  00000bb8    00000136     rtsv7M4_T_le_v4SPD16_eabi.lib : fd_div_t2.asm.obj (.text)
                  00000cee    00000132     driverlib.lib : gpio.obj (.text:GPIOPadConfigSet)
                  00000e20    00000110                   : sysctl.obj (.text:SysCtlClockGet)
                  00000f30    000000f4                   : sysctl.obj (.text:SysCtlClockSet)
                  00001024    0000009c     rtsv7M4_T_le_v4SPD16_eabi.lib : memcpy_t2.asm.obj (.text)
                  000010c0    0000007a     driverlib.lib : adc.obj (.text:ADCSequenceStepConfigure)
                  0000113a    0000006e     rtsv7M4_T_le_v4SPD16_eabi.lib : fd_tos_t2.asm.obj (.text)
                  000011a8    00000068                                   : copy_decompress_lzss.c.obj (.text:decompress:lzss:__TI_decompress_lzss)
                  00001210    00000050     driverlib.lib : adc.obj (.text:ADCSequenceConfigure)
                  00001260    00000048                   : gpio.obj (.text:GPIOPinConfigure)
                  000012a8    00000046                   : uart.obj (.text:UARTConfigSetExpClk)
                  000012ee    00000002     rtsv7M4_T_le_v4SPD16_eabi.lib : div0.asm.obj (.text)
                  000012f0    00000044                                   : autoinit.c.obj (.text:__TI_auto_init_nobinit_nopinit:__TI_auto_init_nobinit_nopinit)
                  00001334    00000040                                   : u_divt2.asm.obj (.text)
                  00001374    00000038     driverlib.lib : sysctl.obj (.text:SysCtlPeripheralReady)
                  000013ac    00000034                   : sysctl.obj (.text:SysCtlPeripheralEnable)
                  000013e0    00000034     rtsv7M4_T_le_v4SPD16_eabi.lib : boot_cortex_m.c.obj (.text:_c_int00_noargs:_c_int00_noargs)
                  00001414    0000002e     driverlib.lib : adc.obj (.text:ADCIntStatus)
                  00001442    0000002a                   : gpio.obj (.text:GPIODirModeSet)
                  0000146c    00000022                   : pwm.obj (.text:PWMGenConfigure)
                  0000148e    00000002     --HOLE-- [fill = 0]
                  00001490    00000020                   : uart.obj (.text:UARTDisable)
                  000014b0    00000020     rtsv7M4_T_le_v4SPD16_eabi.lib : u_tofd_t2.asm.obj (.text)
                  000014d0    0000001e     driverlib.lib : adc.obj (.text:ADCSequenceDataGet)
                  000014ee    0000001e                   : pwm.obj (.text:PWMPulseWidthSet)
                  0000150c    0000001c     rtsv7M4_T_le_v4SPD16_eabi.lib : copy_zero_init.c.obj (.text:decompress:ZI:__TI_zero_init_nomemset:__TI_zero_init_nomemset)
                  00001528    00000018     driverlib.lib : adc.obj (.text:ADCProcessorTrigger)
                  00001540    00000018                   : gpio.obj (.text:GPIOPinTypeGPIOOutput)
                  00001558    00000014                   : sysctl.obj (.text:SysCtlPWMClockSet)
                  0000156c    00000014                   : uart.obj (.text:UARTEnable)
                  00001580    00000012                   : gpio.obj (.text:GPIOPinTypeADC)
                  00001592    00000012                   : gpio.obj (.text:GPIOPinTypePWM)
                  000015a4    00000012                   : gpio.obj (.text:GPIOPinTypeQEI)
                  000015b6    00000012                   : gpio.obj (.text:GPIOPinTypeUART)
                  000015c8    00000012                   : pwm.obj (.text:PWMOutputState)
                  000015da    00000010                   : adc.obj (.text:ADCIntEnable)
                  000015ea    00000010                   : pwm.obj (.text:PWMGenPeriodSet)
                  000015fa    00000010                   : qei.obj (.text:QEIVelocityConfigure)
                  0000160a    0000000e                   : adc.obj (.text:ADCSequenceEnable)
                  00001618    0000000e                   : qei.obj (.text:QEIConfigure)
                  00001626    0000000e     rtsv7M4_T_le_v4SPD16_eabi.lib : copy_decompress_none.c.obj (.text:decompress:none:__TI_decompress_none)
                  00001634    0000000c     driverlib.lib : pwm.obj (.text:PWMGenEnable)
                  00001640    0000000c     tm4c123gh6pm_startup_ccs.obj (.text)
                  0000164c    0000000a     driverlib.lib : adc.obj (.text:ADCIntClear)
                  00001656    0000000a                   : qei.obj (.text:QEIDisable)
                  00001660    0000000a                   : qei.obj (.text:QEIEnable)
                  0000166a    0000000a                   : qei.obj (.text:QEIIntDisable)
                  00001674    0000000a                   : qei.obj (.text:QEIVelocityEnable)
                  0000167e    00000006                   : gpio.obj (.text:GPIOPinWrite)
                  00001684    00000006                   : sysctl.obj (.text:SysCtlDelay)
                  0000168a    00000004                   : qei.obj (.text:QEIPositionGet)
                  0000168e    00000004                   : qei.obj (.text:QEIPositionSet)
                  00001692    00000004     rtsv7M4_T_le_v4SPD16_eabi.lib : pre_init.c.obj (.text:_system_pre_init)
                  00001696    00000004                                   : exit.c.obj (.text:abort:abort)

.const     0    0000169c    0000012c     
                  0000169c    00000090     driverlib.lib : gpio.obj (.const:g_pui32GPIOBaseAddrs)
                  0000172c    0000006c                   : sysctl.obj (.const:g_pui32Xtals)
                  00001798    00000012     uartstdio.obj (.const:.string)
                  000017aa    00000002     --HOLE-- [fill = 0]
                  000017ac    0000000c     uartstdio.obj (.const:g_ui32UARTBase)
                  000017b8    0000000c     uartstdio.obj (.const:g_ui32UARTPeriph)
                  000017c4    00000004     uartstdio.obj (.const)

.cinit     0    000017c8    00000038     
                  000017c8    0000000f     (.cinit..data.load) [load image, compression = lzss]
                  000017d7    00000001     --HOLE-- [fill = 0]
                  000017d8    0000000c     (__TI_handler_table)
                  000017e4    00000004     --HOLE-- [fill = 0]
                  000017e8    00000008     (.cinit..bss.load) [load image, compression = zero_init]
                  000017f0    00000010     (__TI_cinit_table)

.init_array 
*          0    00000000    00000000     UNINITIALIZED

.bss       0    20000200    0000002d     UNINITIALIZED
                  20000200    00000010     (.common:out)
                  20000210    00000004     (.common:COUNT)
                  20000214    00000004     (.common:data)
                  20000218    00000004     (.common:pulso)
                  2000021c    00000004     (.common:pwm_word)
                  20000220    00000004     (.common:ref)
                  20000224    00000004     (.common:ref11)
                  20000228    00000004     (.common:velocidad)
                  2000022c    00000001     (.common:n)

.data      0    20000230    00000021     UNINITIALIZED
                  20000230    0000001c     main.obj (.data)
                  2000024c    00000005     uartstdio.obj (.data)

.stack     0    20000000    00000200     UNINITIALIZED
                  20000000    00000004     rtsv7M4_T_le_v4SPD16_eabi.lib : boot_cortex_m.c.obj (.stack)
                  20000004    000001fc     --HOLE--

__llvm_prf_cnts 
*          0    20000000    00000000     UNINITIALIZED

MODULE SUMMARY

       Module                         code   ro data   rw data
       ------                         ----   -------   -------
    .\
       uartstdio.obj                  1244   46        5      
       main.obj                       1136   0         73     
       tm4c123gh6pm_startup_ccs.obj   12     620       0      
    +--+------------------------------+------+---------+---------+
       Total:                         2392   666       78     
                                                              
    C:/ti/TivaWare_C_Series-2.1.4.178/driverlib/ccs/Debug/driverlib.lib
       sysctl.obj                     650    108       0      
       gpio.obj                       522    144       0      
       adc.obj                        342    0         0      
       uart.obj                       122    0         0      
       pwm.obj                        110    0         0      
       qei.obj                        78     0         0      
    +--+------------------------------+------+---------+---------+
       Total:                         1824   252       0      
                                                              
    C:\ti\ccs1000\ccs\tools\compiler\ti-cgt-arm_20.2.4.LTS\lib\rtsv7M4_T_le_v4SPD16_eabi.lib
       fd_div_t2.asm.obj              310    0         0      
       memcpy_t2.asm.obj              156    0         0      
       fd_tos_t2.asm.obj              110    0         0      
       copy_decompress_lzss.c.obj     104    0         0      
       autoinit.c.obj                 68     0         0      
       u_divt2.asm.obj                64     0         0      
       boot_cortex_m.c.obj            52     0         0      
       u_tofd_t2.asm.obj              32     0         0      
       copy_zero_init.c.obj           28     0         0      
       copy_decompress_none.c.obj     14     0         0      
       exit.c.obj                     4      0         0      
       pre_init.c.obj                 4      0         0      
       div0.asm.obj                   2      0         0      
    +--+------------------------------+------+---------+---------+
       Total:                         948    0         0      
                                                              
       Stack:                         0      0         512    
       Linker Generated:              0      51        0      
    +--+------------------------------+------+---------+---------+
       Grand Total:                   5164   969       590    


LINKER GENERATED COPY TABLES

__TI_cinit_table @ 000017f0 records: 2, size/record: 8, table size: 16
	.data: load addr=000017c8, load size=0000000f bytes, run addr=20000230, run size=00000021 bytes, compression=lzss
	.bss: load addr=000017e8, load size=00000008 bytes, run addr=20000200, run size=0000002d bytes, compression=zero_init


LINKER GENERATED HANDLER TABLE

__TI_handler_table @ 000017d8 records: 3, size/record: 4, table size: 12
	index: 0, handler: __TI_decompress_lzss
	index: 1, handler: __TI_decompress_none
	index: 2, handler: __TI_zero_init


GLOBAL SYMBOLS: SORTED ALPHABETICALLY BY Name 

address   name                          
-------   ----                          
0000164d  ADCIntClear                   
000015db  ADCIntEnable                  
00001415  ADCIntStatus                  
00001529  ADCProcessorTrigger           
00001211  ADCSequenceConfigure          
000014d1  ADCSequenceDataGet            
0000160b  ADCSequenceEnable             
000010c1  ADCSequenceStepConfigure      
20000238  AL                            
20000240  BL                            
00001697  C$$EXIT                       
20000210  COUNT                         
20000230  CPU_FREC                      
00001443  GPIODirModeSet                
00000cef  GPIOPadConfigSet              
00001261  GPIOPinConfigure              
00001581  GPIOPinTypeADC                
00001541  GPIOPinTypeGPIOOutput         
00001593  GPIOPinTypePWM                
000015a5  GPIOPinTypeQEI                
000015b7  GPIOPinTypeUART               
0000167f  GPIOPinWrite                  
2000023c  NA                            
20000244  NB                            
0000146d  PWMGenConfigure               
00001635  PWMGenEnable                  
000015eb  PWMGenPeriodSet               
000015c9  PWMOutputState                
000014ef  PWMPulseWidthSet              
20000234  PWM_FREC                      
00001619  QEIConfigure                  
00001657  QEIDisable                    
00001661  QEIEnable                     
0000166b  QEIIntDisable                 
0000168b  QEIPositionGet                
0000168f  QEIPositionSet                
000015fb  QEIVelocityConfigure          
00001675  QEIVelocityEnable             
00001641  ResetISR                      
00000e21  SysCtlClockGet                
00000f31  SysCtlClockSet                
00001685  SysCtlDelay                   
00001559  SysCtlPWMClockSet             
000013ad  SysCtlPeripheralEnable        
00001375  SysCtlPeripheralReady         
000012a9  UARTConfigSetExpClk           
00001491  UARTDisable                   
0000156d  UARTEnable                    
0000026d  UARTStdioConfig               
000003e5  UARTgetc                      
0000031f  UARTgets                      
00000713  UARTprintf                    
00000419  UARTvprintf                   
000002cd  UARTwrite                     
20000200  __STACK_END                   
00000200  __STACK_SIZE                  
20000200  __STACK_TOP                   
000017f0  __TI_CINIT_Base               
00001800  __TI_CINIT_Limit              
000017d8  __TI_Handler_Table_Base       
000017e4  __TI_Handler_Table_Limit      
000012f1  __TI_auto_init_nobinit_nopinit
000011a9  __TI_decompress_lzss          
00001627  __TI_decompress_none          
ffffffff  __TI_pprof_out_hndl           
ffffffff  __TI_prof_data_size           
ffffffff  __TI_prof_data_start          
00000000  __TI_static_base__            
0000150d  __TI_zero_init_nomemset       
0000113b  __aeabi_d2f                   
00000bb9  __aeabi_ddiv                  
000012ef  __aeabi_idiv0                 
000012ef  __aeabi_ldiv0                 
00001025  __aeabi_memcpy                
00001025  __aeabi_memcpy4               
00001025  __aeabi_memcpy8               
000014b1  __aeabi_ui2d                  
00001335  __aeabi_uidiv                 
00001335  __aeabi_uidivmod              
ffffffff  __binit__                     
ffffffff  __c_args__                    
UNDEFED   __mpu_init                    
20000000  __stack                       
20000000  __start___llvm_prf_cnts       
20000000  __stop___llvm_prf_cnts        
000013e1  _c_int00_noargs               
UNDEFED   _system_post_cinit            
00001693  _system_pre_init              
00001697  abort                         
ffffffff  binit                         
20000248  contador                      
00000749  control_pid                   
20000214  data                          
00000000  g_pfnVectors                  
00000811  main                          
00001025  memcpy                        
2000022c  n                             
20000200  out                           
20000218  pulso                         
2000021c  pwm_word                      
20000220  ref                           
20000224  ref11                         
20000228  velocidad                     


GLOBAL SYMBOLS: SORTED BY Symbol Address 

address   name                          
-------   ----                          
00000000  __TI_static_base__            
00000000  g_pfnVectors                  
00000200  __STACK_SIZE                  
0000026d  UARTStdioConfig               
000002cd  UARTwrite                     
0000031f  UARTgets                      
000003e5  UARTgetc                      
00000419  UARTvprintf                   
00000713  UARTprintf                    
00000749  control_pid                   
00000811  main                          
00000bb9  __aeabi_ddiv                  
00000cef  GPIOPadConfigSet              
00000e21  SysCtlClockGet                
00000f31  SysCtlClockSet                
00001025  __aeabi_memcpy                
00001025  __aeabi_memcpy4               
00001025  __aeabi_memcpy8               
00001025  memcpy                        
000010c1  ADCSequenceStepConfigure      
0000113b  __aeabi_d2f                   
000011a9  __TI_decompress_lzss          
00001211  ADCSequenceConfigure          
00001261  GPIOPinConfigure              
000012a9  UARTConfigSetExpClk           
000012ef  __aeabi_idiv0                 
000012ef  __aeabi_ldiv0                 
000012f1  __TI_auto_init_nobinit_nopinit
00001335  __aeabi_uidiv                 
00001335  __aeabi_uidivmod              
00001375  SysCtlPeripheralReady         
000013ad  SysCtlPeripheralEnable        
000013e1  _c_int00_noargs               
00001415  ADCIntStatus                  
00001443  GPIODirModeSet                
0000146d  PWMGenConfigure               
00001491  UARTDisable                   
000014b1  __aeabi_ui2d                  
000014d1  ADCSequenceDataGet            
000014ef  PWMPulseWidthSet              
0000150d  __TI_zero_init_nomemset       
00001529  ADCProcessorTrigger           
00001541  GPIOPinTypeGPIOOutput         
00001559  SysCtlPWMClockSet             
0000156d  UARTEnable                    
00001581  GPIOPinTypeADC                
00001593  GPIOPinTypePWM                
000015a5  GPIOPinTypeQEI                
000015b7  GPIOPinTypeUART               
000015c9  PWMOutputState                
000015db  ADCIntEnable                  
000015eb  PWMGenPeriodSet               
000015fb  QEIVelocityConfigure          
0000160b  ADCSequenceEnable             
00001619  QEIConfigure                  
00001627  __TI_decompress_none          
00001635  PWMGenEnable                  
00001641  ResetISR                      
0000164d  ADCIntClear                   
00001657  QEIDisable                    
00001661  QEIEnable                     
0000166b  QEIIntDisable                 
00001675  QEIVelocityEnable             
0000167f  GPIOPinWrite                  
00001685  SysCtlDelay                   
0000168b  QEIPositionGet                
0000168f  QEIPositionSet                
00001693  _system_pre_init              
00001697  C$$EXIT                       
00001697  abort                         
000017d8  __TI_Handler_Table_Base       
000017e4  __TI_Handler_Table_Limit      
000017f0  __TI_CINIT_Base               
00001800  __TI_CINIT_Limit              
20000000  __stack                       
20000000  __start___llvm_prf_cnts       
20000000  __stop___llvm_prf_cnts        
20000200  __STACK_END                   
20000200  __STACK_TOP                   
20000200  out                           
20000210  COUNT                         
20000214  data                          
20000218  pulso                         
2000021c  pwm_word                      
20000220  ref                           
20000224  ref11                         
20000228  velocidad                     
2000022c  n                             
20000230  CPU_FREC                      
20000234  PWM_FREC                      
20000238  AL                            
2000023c  NA                            
20000240  BL                            
20000244  NB                            
20000248  contador                      
ffffffff  __TI_pprof_out_hndl           
ffffffff  __TI_prof_data_size           
ffffffff  __TI_prof_data_start          
ffffffff  __binit__                     
ffffffff  __c_args__                    
ffffffff  binit                         
UNDEFED   __mpu_init                    
UNDEFED   _system_post_cinit            

[103 symbols]
